Jul 24 05:08:02 ubuntu devstack@c-api.service[2864944]: DEBUG cinder.api.v3.router [None req-948d2631-115d-4674-9a67-975ce414a26f None None] Extended resource: os-volume-type-access {{(pid=2864944) _setup_ext_routes /opt/stack/cinder/cinder/api/v3/router.py:122}}
Jul 24 05:08:02 ubuntu devstack@c-api.service[2864945]: DEBUG cinder.api.v3.router [None req-aa3b43e6-f0f9-4a04-9be0-b1fd9329936d None None] Extended resource: os-snapshot-manage {{(pid=2864945) _setup_ext_routes /opt/stack/cinder/cinder/api/v3/router.py:122}}
Jul 24 05:08:02 ubuntu devstack@c-api.service[2864944]: DEBUG cinder.api.v3.router [None req-948d2631-115d-4674-9a67-975ce414a26f None None] Extended resource: os-quota-sets {{(pid=2864944) _setup_ext_routes /opt/stack/cinder/cinder/api/v3/router.py:122}}
Jul 24 05:08:02 ubuntu devstack@c-api.service[2864945]: DEBUG cinder.api.v3.router [None req-aa3b43e6-f0f9-4a04-9be0-b1fd9329936d None None] Extended resource: consistencygroups {{(pid=2864945) _setup_ext_routes /opt/stack/cinder/cinder/api/v3/router.py:122}}
Jul 24 05:08:02 ubuntu devstack@c-api.service[2864944]: DEBUG cinder.api.v3.router [None req-948d2631-115d-4674-9a67-975ce414a26f None None] Extended resource: os-volume-transfer {{(pid=2864944) _setup_ext_routes /opt/stack/cinder/cinder/api/v3/router.py:122}}
Jul 24 05:08:02 ubuntu devstack@c-api.service[2864945]: DEBUG cinder.api.v3.router [None req-aa3b43e6-f0f9-4a04-9be0-b1fd9329936d None None] Extended resource: os-hosts {{(pid=2864945) _setup_ext_routes /opt/stack/cinder/cinder/api/v3/router.py:122}}
Jul 24 05:08:02 ubuntu devstack@c-api.service[2864944]: DEBUG cinder.api.v3.router [None req-948d2631-115d-4674-9a67-975ce414a26f None None] Extended resource: encryption {{(pid=2864944) _setup_ext_routes /opt/stack/cinder/cinder/api/v3/router.py:122}}
Jul 24 05:08:02 ubuntu devstack@c-api.service[2864945]: DEBUG cinder.api.v3.router [None req-aa3b43e6-f0f9-4a04-9be0-b1fd9329936d None None] Extended resource: os-volume-manage {{(pid=2864945) _setup_ext_routes /opt/stack/cinder/cinder/api/v3/router.py:122}}
Jul 24 05:08:02 ubuntu devstack@c-api.service[2864944]: WARNING stevedore.named [None req-948d2631-115d-4674-9a67-975ce414a26f None None] Could not load cinder.keymgr.conf_key_mgr.ConfKeyManager
Jul 24 05:08:02 ubuntu devstack@c-api.service[2864944]: WARNING castellan.key_manager [None req-948d2631-115d-4674-9a67-975ce414a26f None None] Deprecation Warning : cinder.keymgr.conf_key_mgr.ConfKeyManager is not a stevedore based driver, trying to load it as a class: stevedore.exception.NoMatches: No 'castellan.drivers' driver found, looking for 'cinder.keymgr.conf_key_mgr.ConfKeyManager'
Jul 24 05:08:02 ubuntu devstack@c-api.service[2864945]: DEBUG cinder.api.v3.router [None req-aa3b43e6-f0f9-4a04-9be0-b1fd9329936d None None] Extended resource: os-volume-type-access {{(pid=2864945) _setup_ext_routes /opt/stack/cinder/cinder/api/v3/router.py:122}}
Jul 24 05:08:02 ubuntu devstack@c-api.service[2864944]: WARNING stevedore.named [None req-948d2631-115d-4674-9a67-975ce414a26f None None] Could not load cinder.keymgr.conf_key_mgr.ConfKeyManager
Jul 24 05:08:02 ubuntu devstack@c-api.service[2864944]: WARNING castellan.key_manager [None req-948d2631-115d-4674-9a67-975ce414a26f None None] Deprecation Warning : cinder.keymgr.conf_key_mgr.ConfKeyManager is not a stevedore based driver, trying to load it as a class: stevedore.exception.NoMatches: No 'castellan.drivers' driver found, looking for 'cinder.keymgr.conf_key_mgr.ConfKeyManager'
Jul 24 05:08:02 ubuntu devstack@c-api.service[2864944]: WARNING stevedore.named [None req-948d2631-115d-4674-9a67-975ce414a26f None None] Could not load cinder.keymgr.conf_key_mgr.ConfKeyManager
Jul 24 05:08:02 ubuntu devstack@c-api.service[2864944]: WARNING castellan.key_manager [None req-948d2631-115d-4674-9a67-975ce414a26f None None] Deprecation Warning : cinder.keymgr.conf_key_mgr.ConfKeyManager is not a stevedore based driver, trying to load it as a class: stevedore.exception.NoMatches: No 'castellan.drivers' driver found, looking for 'cinder.keymgr.conf_key_mgr.ConfKeyManager'
Jul 24 05:08:02 ubuntu devstack@c-api.service[2864945]: DEBUG cinder.api.v3.router [None req-aa3b43e6-f0f9-4a04-9be0-b1fd9329936d None None] Extended resource: os-quota-sets {{(pid=2864945) _setup_ext_routes /opt/stack/cinder/cinder/api/v3/router.py:122}}
Jul 24 05:08:02 ubuntu devstack@c-api.service[2864944]: WARNING stevedore.named [None req-948d2631-115d-4674-9a67-975ce414a26f None None] Could not load cinder.keymgr.conf_key_mgr.ConfKeyManager
Jul 24 05:08:02 ubuntu devstack@c-api.service[2864944]: WARNING castellan.key_manager [None req-948d2631-115d-4674-9a67-975ce414a26f None None] Deprecation Warning : cinder.keymgr.conf_key_mgr.ConfKeyManager is not a stevedore based driver, trying to load it as a class: stevedore.exception.NoMatches: No 'castellan.drivers' driver found, looking for 'cinder.keymgr.conf_key_mgr.ConfKeyManager'
Jul 24 05:08:02 ubuntu devstack@c-api.service[2864944]: DEBUG cinder.api.contrib.snapshot_actions [None req-948d2631-115d-4674-9a67-975ce414a26f None None] SnapshotActionsController initialized {{(pid=2864944) __init__ /opt/stack/cinder/cinder/api/contrib/snapshot_actions.py:33}}
Jul 24 05:08:02 ubuntu devstack@c-api.service[2864944]: WARNING stevedore.named [None req-948d2631-115d-4674-9a67-975ce414a26f None None] Could not load cinder.keymgr.conf_key_mgr.ConfKeyManager
Jul 24 05:08:02 ubuntu devstack@c-api.service[2864944]: WARNING castellan.key_manager [None req-948d2631-115d-4674-9a67-975ce414a26f None None] Deprecation Warning : cinder.keymgr.conf_key_mgr.ConfKeyManager is not a stevedore based driver, trying to load it as a class: stevedore.exception.NoMatches: No 'castellan.drivers' driver found, looking for 'cinder.keymgr.conf_key_mgr.ConfKeyManager'
Jul 24 05:08:02 ubuntu devstack@c-api.service[2864945]: DEBUG cinder.api.v3.router [None req-aa3b43e6-f0f9-4a04-9be0-b1fd9329936d None None] Extended resource: os-volume-transfer {{(pid=2864945) _setup_ext_routes /opt/stack/cinder/cinder/api/v3/router.py:122}}
Jul 24 05:08:02 ubuntu devstack@c-api.service[2864944]: WARNING stevedore.named [None req-948d2631-115d-4674-9a67-975ce414a26f None None] Could not load cinder.keymgr.conf_key_mgr.ConfKeyManager
Jul 24 05:08:02 ubuntu devstack@c-api.service[2864944]: WARNING castellan.key_manager [None req-948d2631-115d-4674-9a67-975ce414a26f None None] Deprecation Warning : cinder.keymgr.conf_key_mgr.ConfKeyManager is not a stevedore based driver, trying to load it as a class: stevedore.exception.NoMatches: No 'castellan.drivers' driver found, looking for 'cinder.keymgr.conf_key_mgr.ConfKeyManager'
Jul 24 05:08:02 ubuntu devstack@c-api.service[2864945]: DEBUG cinder.api.v3.router [None req-aa3b43e6-f0f9-4a04-9be0-b1fd9329936d None None] Extended resource: encryption {{(pid=2864945) _setup_ext_routes /opt/stack/cinder/cinder/api/v3/router.py:122}}
Jul 24 05:08:02 ubuntu devstack@c-api.service[2864944]: WARNING stevedore.named [None req-948d2631-115d-4674-9a67-975ce414a26f None None] Could not load cinder.keymgr.conf_key_mgr.ConfKeyManager
Jul 24 05:08:02 ubuntu devstack@c-api.service[2864944]: WARNING castellan.key_manager [None req-948d2631-115d-4674-9a67-975ce414a26f None None] Deprecation Warning : cinder.keymgr.conf_key_mgr.ConfKeyManager is not a stevedore based driver, trying to load it as a class: stevedore.exception.NoMatches: No 'castellan.drivers' driver found, looking for 'cinder.keymgr.conf_key_mgr.ConfKeyManager'
Jul 24 05:08:02 ubuntu devstack@c-api.service[2864944]: DEBUG cinder.api.v3.router [None req-948d2631-115d-4674-9a67-975ce414a26f None None] Extension AdminActions extending resource: volumes {{(pid=2864944) _setup_extensions /opt/stack/cinder/cinder/api/v3/router.py:155}}
Jul 24 05:08:02 ubuntu devstack@c-api.service[2864944]: DEBUG cinder.api.v3.router [None req-948d2631-115d-4674-9a67-975ce414a26f None None] Extension AdminActions extending resource: snapshots {{(pid=2864944) _setup_extensions /opt/stack/cinder/cinder/api/v3/router.py:155}}
Jul 24 05:08:02 ubuntu devstack@c-api.service[2864944]: DEBUG cinder.api.v3.router [None req-948d2631-115d-4674-9a67-975ce414a26f None None] Extension AdminActions extending resource: backups {{(pid=2864944) _setup_extensions /opt/stack/cinder/cinder/api/v3/router.py:155}}
Jul 24 05:08:02 ubuntu devstack@c-api.service[2864944]: DEBUG cinder.api.v3.router [None req-948d2631-115d-4674-9a67-975ce414a26f None None] Extension VolumeUnmanage extending resource: volumes {{(pid=2864944) _setup_extensions /opt/stack/cinder/cinder/api/v3/router.py:155}}
Jul 24 05:08:02 ubuntu devstack@c-api.service[2864944]: DEBUG cinder.api.v3.router [None req-948d2631-115d-4674-9a67-975ce414a26f None None] Extension ExtendedSnapshotAttributes extending resource: snapshots {{(pid=2864944) _setup_extensions /opt/stack/cinder/cinder/api/v3/router.py:155}}
Jul 24 05:08:02 ubuntu devstack@c-api.service[2864944]: DEBUG cinder.api.v3.router [None req-948d2631-115d-4674-9a67-975ce414a26f None None] Extension SnapshotActions extending resource: snapshots {{(pid=2864944) _setup_extensions /opt/stack/cinder/cinder/api/v3/router.py:155}}
Jul 24 05:08:02 ubuntu devstack@c-api.service[2864945]: WARNING stevedore.named [None req-aa3b43e6-f0f9-4a04-9be0-b1fd9329936d None None] Could not load cinder.keymgr.conf_key_mgr.ConfKeyManager
Jul 24 05:08:02 ubuntu devstack@c-api.service[2864944]: DEBUG cinder.api.v3.router [None req-948d2631-115d-4674-9a67-975ce414a26f None None] Extension VolumeHostAttribute extending resource: volumes {{(pid=2864944) _setup_extensions /opt/stack/cinder/cinder/api/v3/router.py:155}}
Jul 24 05:08:02 ubuntu devstack@c-api.service[2864945]: WARNING castellan.key_manager [None req-aa3b43e6-f0f9-4a04-9be0-b1fd9329936d None None] Deprecation Warning : cinder.keymgr.conf_key_mgr.ConfKeyManager is not a stevedore based driver, trying to load it as a class: stevedore.exception.NoMatches: No 'castellan.drivers' driver found, looking for 'cinder.keymgr.conf_key_mgr.ConfKeyManager'
Jul 24 05:08:02 ubuntu devstack@c-api.service[2864944]: DEBUG cinder.api.v3.router [None req-948d2631-115d-4674-9a67-975ce414a26f None None] Extension TypesManage extending resource: types {{(pid=2864944) _setup_extensions /opt/stack/cinder/cinder/api/v3/router.py:155}}
Jul 24 05:08:02 ubuntu devstack@c-api.service[2864944]: DEBUG cinder.api.v3.router [None req-948d2631-115d-4674-9a67-975ce414a26f None None] Extension UsedLimits extending resource: limits {{(pid=2864944) _setup_extensions /opt/stack/cinder/cinder/api/v3/router.py:155}}
Jul 24 05:08:02 ubuntu devstack@c-api.service[2864944]: DEBUG cinder.api.v3.router [None req-948d2631-115d-4674-9a67-975ce414a26f None None] Extension VolumeMigStatusAttribute extending resource: volumes {{(pid=2864944) _setup_extensions /opt/stack/cinder/cinder/api/v3/router.py:155}}
Jul 24 05:08:02 ubuntu devstack@c-api.service[2864944]: DEBUG cinder.api.v3.router [None req-948d2631-115d-4674-9a67-975ce414a26f None None] Extension VolumeActions extending resource: volumes {{(pid=2864944) _setup_extensions /opt/stack/cinder/cinder/api/v3/router.py:155}}
Jul 24 05:08:02 ubuntu devstack@c-api.service[2864944]: DEBUG cinder.api.v3.router [None req-948d2631-115d-4674-9a67-975ce414a26f None None] Extension VolumeTenantAttribute extending resource: volumes {{(pid=2864944) _setup_extensions /opt/stack/cinder/cinder/api/v3/router.py:155}}
Jul 24 05:08:02 ubuntu devstack@c-api.service[2864944]: DEBUG cinder.api.v3.router [None req-948d2631-115d-4674-9a67-975ce414a26f None None] Extension VolumeTypeAccess extending resource: types {{(pid=2864944) _setup_extensions /opt/stack/cinder/cinder/api/v3/router.py:155}}
Jul 24 05:08:02 ubuntu devstack@c-api.service[2864944]: DEBUG cinder.api.v3.router [None req-948d2631-115d-4674-9a67-975ce414a26f None None] Extension VolumeTypeEncryption extending resource: types {{(pid=2864944) _setup_extensions /opt/stack/cinder/cinder/api/v3/router.py:155}}
Jul 24 05:08:02 ubuntu devstack@c-api.service[2864945]: WARNING stevedore.named [None req-aa3b43e6-f0f9-4a04-9be0-b1fd9329936d None None] Could not load cinder.keymgr.conf_key_mgr.ConfKeyManager
Jul 24 05:08:02 ubuntu devstack@c-api.service[2864944]: DEBUG cinder.api.v3.router [None req-948d2631-115d-4674-9a67-975ce414a26f None None] Extension SnapshotUnmanage extending resource: snapshots {{(pid=2864944) _setup_extensions /opt/stack/cinder/cinder/api/v3/router.py:155}}
Jul 24 05:08:02 ubuntu devstack@c-api.service[2864945]: WARNING castellan.key_manager [None req-aa3b43e6-f0f9-4a04-9be0-b1fd9329936d None None] Deprecation Warning : cinder.keymgr.conf_key_mgr.ConfKeyManager is not a stevedore based driver, trying to load it as a class: stevedore.exception.NoMatches: No 'castellan.drivers' driver found, looking for 'cinder.keymgr.conf_key_mgr.ConfKeyManager'
Jul 24 05:08:02 ubuntu devstack@c-api.service[2864944]: DEBUG cinder.api.v3.router [None req-948d2631-115d-4674-9a67-975ce414a26f None None] Extension VolumeImageMetadata extending resource: volumes {{(pid=2864944) _setup_extensions /opt/stack/cinder/cinder/api/v3/router.py:155}}
Jul 24 05:08:02 ubuntu devstack@c-api.service[2864945]: WARNING stevedore.named [None req-aa3b43e6-f0f9-4a04-9be0-b1fd9329936d None None] Could not load cinder.keymgr.conf_key_mgr.ConfKeyManager
Jul 24 05:08:02 ubuntu devstack@c-api.service[2864945]: WARNING castellan.key_manager [None req-aa3b43e6-f0f9-4a04-9be0-b1fd9329936d None None] Deprecation Warning : cinder.keymgr.conf_key_mgr.ConfKeyManager is not a stevedore based driver, trying to load it as a class: stevedore.exception.NoMatches: No 'castellan.drivers' driver found, looking for 'cinder.keymgr.conf_key_mgr.ConfKeyManager'
Jul 24 05:08:02 ubuntu devstack@c-api.service[2864945]: WARNING stevedore.named [None req-aa3b43e6-f0f9-4a04-9be0-b1fd9329936d None None] Could not load cinder.keymgr.conf_key_mgr.ConfKeyManager
Jul 24 05:08:02 ubuntu devstack@c-api.service[2864945]: WARNING castellan.key_manager [None req-aa3b43e6-f0f9-4a04-9be0-b1fd9329936d None None] Deprecation Warning : cinder.keymgr.conf_key_mgr.ConfKeyManager is not a stevedore based driver, trying to load it as a class: stevedore.exception.NoMatches: No 'castellan.drivers' driver found, looking for 'cinder.keymgr.conf_key_mgr.ConfKeyManager'
Jul 24 05:08:02 ubuntu devstack@c-api.service[2864945]: DEBUG cinder.api.contrib.snapshot_actions [None req-aa3b43e6-f0f9-4a04-9be0-b1fd9329936d None None] SnapshotActionsController initialized {{(pid=2864945) __init__ /opt/stack/cinder/cinder/api/contrib/snapshot_actions.py:33}}
Jul 24 05:08:02 ubuntu devstack@c-api.service[2864945]: WARNING stevedore.named [None req-aa3b43e6-f0f9-4a04-9be0-b1fd9329936d None None] Could not load cinder.keymgr.conf_key_mgr.ConfKeyManager
Jul 24 05:08:02 ubuntu devstack@c-api.service[2864945]: WARNING castellan.key_manager [None req-aa3b43e6-f0f9-4a04-9be0-b1fd9329936d None None] Deprecation Warning : cinder.keymgr.conf_key_mgr.ConfKeyManager is not a stevedore based driver, trying to load it as a class: stevedore.exception.NoMatches: No 'castellan.drivers' driver found, looking for 'cinder.keymgr.conf_key_mgr.ConfKeyManager'
Jul 24 05:08:02 ubuntu devstack@c-api.service[2864945]: WARNING stevedore.named [None req-aa3b43e6-f0f9-4a04-9be0-b1fd9329936d None None] Could not load cinder.keymgr.conf_key_mgr.ConfKeyManager
Jul 24 05:08:02 ubuntu devstack@c-api.service[2864945]: WARNING castellan.key_manager [None req-aa3b43e6-f0f9-4a04-9be0-b1fd9329936d None None] Deprecation Warning : cinder.keymgr.conf_key_mgr.ConfKeyManager is not a stevedore based driver, trying to load it as a class: stevedore.exception.NoMatches: No 'castellan.drivers' driver found, looking for 'cinder.keymgr.conf_key_mgr.ConfKeyManager'
Jul 24 05:08:02 ubuntu devstack@c-api.service[2864945]: WARNING stevedore.named [None req-aa3b43e6-f0f9-4a04-9be0-b1fd9329936d None None] Could not load cinder.keymgr.conf_key_mgr.ConfKeyManager
Jul 24 05:08:02 ubuntu devstack@c-api.service[2864945]: WARNING castellan.key_manager [None req-aa3b43e6-f0f9-4a04-9be0-b1fd9329936d None None] Deprecation Warning : cinder.keymgr.conf_key_mgr.ConfKeyManager is not a stevedore based driver, trying to load it as a class: stevedore.exception.NoMatches: No 'castellan.drivers' driver found, looking for 'cinder.keymgr.conf_key_mgr.ConfKeyManager'
Jul 24 05:08:02 ubuntu devstack@c-api.service[2864945]: DEBUG cinder.api.v3.router [None req-aa3b43e6-f0f9-4a04-9be0-b1fd9329936d None None] Extension AdminActions extending resource: volumes {{(pid=2864945) _setup_extensions /opt/stack/cinder/cinder/api/v3/router.py:155}}
Jul 24 05:08:02 ubuntu devstack@c-api.service[2864945]: DEBUG cinder.api.v3.router [None req-aa3b43e6-f0f9-4a04-9be0-b1fd9329936d None None] Extension AdminActions extending resource: snapshots {{(pid=2864945) _setup_extensions /opt/stack/cinder/cinder/api/v3/router.py:155}}
Jul 24 05:08:02 ubuntu devstack@c-api.service[2864945]: DEBUG cinder.api.v3.router [None req-aa3b43e6-f0f9-4a04-9be0-b1fd9329936d None None] Extension AdminActions extending resource: backups {{(pid=2864945) _setup_extensions /opt/stack/cinder/cinder/api/v3/router.py:155}}
Jul 24 05:08:02 ubuntu devstack@c-api.service[2864945]: DEBUG cinder.api.v3.router [None req-aa3b43e6-f0f9-4a04-9be0-b1fd9329936d None None] Extension VolumeUnmanage extending resource: volumes {{(pid=2864945) _setup_extensions /opt/stack/cinder/cinder/api/v3/router.py:155}}
Jul 24 05:08:02 ubuntu devstack@c-api.service[2864945]: DEBUG cinder.api.v3.router [None req-aa3b43e6-f0f9-4a04-9be0-b1fd9329936d None None] Extension ExtendedSnapshotAttributes extending resource: snapshots {{(pid=2864945) _setup_extensions /opt/stack/cinder/cinder/api/v3/router.py:155}}
Jul 24 05:08:02 ubuntu devstack@c-api.service[2864945]: DEBUG cinder.api.v3.router [None req-aa3b43e6-f0f9-4a04-9be0-b1fd9329936d None None] Extension SnapshotActions extending resource: snapshots {{(pid=2864945) _setup_extensions /opt/stack/cinder/cinder/api/v3/router.py:155}}
Jul 24 05:08:02 ubuntu devstack@c-api.service[2864945]: DEBUG cinder.api.v3.router [None req-aa3b43e6-f0f9-4a04-9be0-b1fd9329936d None None] Extension VolumeHostAttribute extending resource: volumes {{(pid=2864945) _setup_extensions /opt/stack/cinder/cinder/api/v3/router.py:155}}
Jul 24 05:08:02 ubuntu devstack@c-api.service[2864945]: DEBUG cinder.api.v3.router [None req-aa3b43e6-f0f9-4a04-9be0-b1fd9329936d None None] Extension TypesManage extending resource: types {{(pid=2864945) _setup_extensions /opt/stack/cinder/cinder/api/v3/router.py:155}}
Jul 24 05:08:02 ubuntu devstack@c-api.service[2864945]: DEBUG cinder.api.v3.router [None req-aa3b43e6-f0f9-4a04-9be0-b1fd9329936d None None] Extension UsedLimits extending resource: limits {{(pid=2864945) _setup_extensions /opt/stack/cinder/cinder/api/v3/router.py:155}}
Jul 24 05:08:02 ubuntu devstack@c-api.service[2864945]: DEBUG cinder.api.v3.router [None req-aa3b43e6-f0f9-4a04-9be0-b1fd9329936d None None] Extension VolumeMigStatusAttribute extending resource: volumes {{(pid=2864945) _setup_extensions /opt/stack/cinder/cinder/api/v3/router.py:155}}
Jul 24 05:08:02 ubuntu devstack@c-api.service[2864945]: DEBUG cinder.api.v3.router [None req-aa3b43e6-f0f9-4a04-9be0-b1fd9329936d None None] Extension VolumeActions extending resource: volumes {{(pid=2864945) _setup_extensions /opt/stack/cinder/cinder/api/v3/router.py:155}}
Jul 24 05:08:02 ubuntu devstack@c-api.service[2864945]: DEBUG cinder.api.v3.router [None req-aa3b43e6-f0f9-4a04-9be0-b1fd9329936d None None] Extension VolumeTenantAttribute extending resource: volumes {{(pid=2864945) _setup_extensions /opt/stack/cinder/cinder/api/v3/router.py:155}}
Jul 24 05:08:02 ubuntu devstack@c-api.service[2864945]: DEBUG cinder.api.v3.router [None req-aa3b43e6-f0f9-4a04-9be0-b1fd9329936d None None] Extension VolumeTypeAccess extending resource: types {{(pid=2864945) _setup_extensions /opt/stack/cinder/cinder/api/v3/router.py:155}}
Jul 24 05:08:02 ubuntu devstack@c-api.service[2864945]: DEBUG cinder.api.v3.router [None req-aa3b43e6-f0f9-4a04-9be0-b1fd9329936d None None] Extension VolumeTypeEncryption extending resource: types {{(pid=2864945) _setup_extensions /opt/stack/cinder/cinder/api/v3/router.py:155}}
Jul 24 05:08:02 ubuntu devstack@c-api.service[2864945]: DEBUG cinder.api.v3.router [None req-aa3b43e6-f0f9-4a04-9be0-b1fd9329936d None None] Extension SnapshotUnmanage extending resource: snapshots {{(pid=2864945) _setup_extensions /opt/stack/cinder/cinder/api/v3/router.py:155}}
Jul 24 05:08:02 ubuntu devstack@c-api.service[2864945]: DEBUG cinder.api.v3.router [None req-aa3b43e6-f0f9-4a04-9be0-b1fd9329936d None None] Extension VolumeImageMetadata extending resource: volumes {{(pid=2864945) _setup_extensions /opt/stack/cinder/cinder/api/v3/router.py:155}}
Jul 24 05:08:02 ubuntu devstack@c-api.service[2864944]: WSGI app 0 (mountpoint='') ready in 4 seconds on interpreter 0x7b66fb2a4668 pid: 2864944 (default app)
Jul 24 05:08:02 ubuntu devstack@c-api.service[2864945]: WSGI app 0 (mountpoint='') ready in 4 seconds on interpreter 0x7b66fb2a4668 pid: 2864945 (default app)
Jul 24 05:08:02 ubuntu devstack@c-api.service[2864944]: DEBUG cinder.api.middleware.request_id [None req-b721b21f-17fa-45b9-9ca8-ac4181433513 None None] RequestId filter calling following filter/app {{(pid=2864944) _context_setter /opt/stack/cinder/cinder/api/middleware/request_id.py:62}}
Jul 24 05:08:02 ubuntu devstack@c-api.service[2864944]: [pid: 2864944|app: 0|req: 1/1] 10.132.239.242 () {50 vars in 779 bytes} [Fri Jul 24 05:08:02 2026] GET /volume/v3/ => generated 114 bytes in 16 msecs (HTTP/1.1 401) 5 headers in 232 bytes (1 switches on core 0)
Jul 24 05:08:12 ubuntu devstack@c-api.service[2864945]: DEBUG dbcounter [-] [2864945] Writing DB stats cinder:SELECT=6 {{(pid=2864945) stat_writer /opt/stack/data/venv/lib/python3.12/site-packages/dbcounter.py:115}}
Jul 24 05:08:12 ubuntu devstack@c-api.service[2864944]: DEBUG dbcounter [-] [2864944] Writing DB stats cinder:SELECT=6 {{(pid=2864944) stat_writer /opt/stack/data/venv/lib/python3.12/site-packages/dbcounter.py:115}}
Jul 24 05:08:28 ubuntu devstack@c-api.service[2864945]: DEBUG cinder.api.middleware.request_id [None req-7e5fa5a3-1bd0-48ae-b8ce-febbc13959aa None None] RequestId filter calling following filter/app {{(pid=2864945) _context_setter /opt/stack/cinder/cinder/api/middleware/request_id.py:62}}
Jul 24 05:08:29 ubuntu devstack@c-api.service[2864945]: INFO cinder.api.openstack.wsgi [None req-7e5fa5a3-1bd0-48ae-b8ce-febbc13959aa ****** ******] POST http://10.132.239.242/volume/v3/types
Jul 24 05:08:29 ubuntu devstack@c-api.service[2864945]: DEBUG cinder.api.openstack.wsgi [None req-7e5fa5a3-1bd0-48ae-b8ce-febbc13959aa ****** ******] Action: 'create', calling method: _create, body: {"volume_type": {"description": null, "name": "lvmdriver-1"}} {{(pid=2864945) _process_stack /opt/stack/cinder/cinder/api/openstack/wsgi.py:876}}
Jul 24 05:08:29 ubuntu devstack@c-api.service[2864945]: /opt/stack/data/venv/lib/python3.12/site-packages/oslo_context/context.py:102: DeprecationWarning: Policy enforcement is depending on the value of is_******. This key is deprecated. Please update your policy file to use the standard policy values.
Jul 24 05:08:29 ubuntu devstack@c-api.service[2864945]:   warnings.warn(
Jul 24 05:08:29 ubuntu devstack@c-api.service[2864945]: DEBUG oslo_db.sqlalchemy.engines [None req-7e5fa5a3-1bd0-48ae-b8ce-febbc13959aa ****** ******] MySQL server mode set to STRICT_TRANS_TABLES,STRICT_ALL_TABLES,NO_ZERO_IN_DATE,NO_ZERO_DATE,ERROR_FOR_DIVISION_BY_ZERO,TRADITIONAL,NO_ENGINE_SUBSTITUTION {{(pid=2864945) _check_effective_sql_mode /opt/stack/data/venv/lib/python3.12/site-packages/oslo_db/sqlalchemy/engines.py:325}}
Jul 24 05:08:29 ubuntu devstack@c-api.service[2864945]: INFO cinder.api.openstack.wsgi [None req-7e5fa5a3-1bd0-48ae-b8ce-febbc13959aa ****** ******] http://10.132.239.242/volume/v3/types returned with HTTP 200
Jul 24 05:08:29 ubuntu devstack@c-api.service[2864945]: [pid: 2864945|app: 0|req: 1/2] 10.132.239.242 () {60 vars in 1185 bytes} [Fri Jul 24 05:08:28 2026] POST /volume/v3/types => generated 186 bytes in 1509 msecs (HTTP/1.1 200) 7 headers in 285 bytes (1 switches on core 0)
Jul 24 05:08:29 ubuntu devstack@c-api.service[2864944]: DEBUG cinder.api.middleware.request_id [None req-05619123-f4e6-450d-83c6-85d6c419ccfe None None] RequestId filter calling following filter/app {{(pid=2864944) _context_setter /opt/stack/cinder/cinder/api/middleware/request_id.py:62}}
Jul 24 05:08:30 ubuntu devstack@c-api.service[2864944]: INFO cinder.api.openstack.wsgi [None req-05619123-f4e6-450d-83c6-85d6c419ccfe ****** ******] POST http://10.132.239.242/volume/v3/types/84b4524e-c8de-4870-a265-a192dea0365f/extra_specs
Jul 24 05:08:30 ubuntu devstack@c-api.service[2864944]: DEBUG cinder.api.openstack.wsgi [None req-05619123-f4e6-450d-83c6-85d6c419ccfe ****** ******] Action: 'create', calling method: create, body: {"extra_specs": {"volume_backend_name": "lvmdriver-1"}} {{(pid=2864944) _process_stack /opt/stack/cinder/cinder/api/openstack/wsgi.py:876}}
Jul 24 05:08:30 ubuntu devstack@c-api.service[2864944]: /opt/stack/data/venv/lib/python3.12/site-packages/oslo_context/context.py:102: DeprecationWarning: Policy enforcement is depending on the value of is_******. This key is deprecated. Please update your policy file to use the standard policy values.
Jul 24 05:08:30 ubuntu devstack@c-api.service[2864944]:   warnings.warn(
Jul 24 05:08:30 ubuntu devstack@c-api.service[2864944]: DEBUG oslo_db.sqlalchemy.engines [None req-05619123-f4e6-450d-83c6-85d6c419ccfe ****** ******] MySQL server mode set to STRICT_TRANS_TABLES,STRICT_ALL_TABLES,NO_ZERO_IN_DATE,NO_ZERO_DATE,ERROR_FOR_DIVISION_BY_ZERO,TRADITIONAL,NO_ENGINE_SUBSTITUTION {{(pid=2864944) _check_effective_sql_mode /opt/stack/data/venv/lib/python3.12/site-packages/oslo_db/sqlalchemy/engines.py:325}}
Jul 24 05:08:30 ubuntu devstack@c-api.service[2864944]: INFO cinder.api.openstack.wsgi [None req-05619123-f4e6-450d-83c6-85d6c419ccfe ****** ******] http://10.132.239.242/volume/v3/types/84b4524e-c8de-4870-a265-a192dea0365f/extra_specs returned with HTTP 200
Jul 24 05:08:30 ubuntu devstack@c-api.service[2864944]: [pid: 2864944|app: 0|req: 2/3] 10.132.239.242 () {60 vars in 1332 bytes} [Fri Jul 24 05:08:29 2026] POST /volume/v3/types/84b4524e-c8de-4870-a265-a192dea0365f/extra_specs => generated 55 bytes in 650 msecs (HTTP/1.1 200) 7 headers in 284 bytes (1 switches on core 0)
Jul 24 05:08:39 ubuntu devstack@c-api.service[2864945]: DEBUG dbcounter [-] [2864945] Writing DB stats cinder:SELECT=3,cinder:INSERT=1 {{(pid=2864945) stat_writer /opt/stack/data/venv/lib/python3.12/site-packages/dbcounter.py:115}}
Jul 24 05:08:40 ubuntu devstack@c-api.service[2864944]: DEBUG dbcounter [-] [2864944] Writing DB stats cinder:SELECT=5,cinder:INSERT=1 {{(pid=2864944) stat_writer /opt/stack/data/venv/lib/python3.12/site-packages/dbcounter.py:115}}
Jul 24 05:09:51 ubuntu devstack@c-api.service[2864945]: DEBUG cinder.api.middleware.request_id [None req-e22501ae-f0fc-459c-8a94-2395cca6d335 None None] RequestId filter calling following filter/app {{(pid=2864945) _context_setter /opt/stack/cinder/cinder/api/middleware/request_id.py:62}}
Jul 24 05:09:51 ubuntu devstack@c-api.service[2864945]: INFO cinder.api.openstack.wsgi [None req-e22501ae-f0fc-459c-8a94-2395cca6d335 None None] GET http://10.132.239.242/volume//
Jul 24 05:09:51 ubuntu devstack@c-api.service[2864945]: DEBUG cinder.api.openstack.wsgi [None req-e22501ae-f0fc-459c-8a94-2395cca6d335 None None] Empty body provided in request {{(pid=2864945) get_body /opt/stack/cinder/cinder/api/openstack/wsgi.py:725}}
Jul 24 05:09:51 ubuntu devstack@c-api.service[2864945]: DEBUG cinder.api.openstack.wsgi [None req-e22501ae-f0fc-459c-8a94-2395cca6d335 None None] Calling method 'all' {{(pid=2864945) _process_stack /opt/stack/cinder/cinder/api/openstack/wsgi.py:878}}
Jul 24 05:09:51 ubuntu devstack@c-api.service[2864945]: INFO cinder.api.openstack.wsgi [None req-e22501ae-f0fc-459c-8a94-2395cca6d335 None None] http://10.132.239.242/volume// returned with HTTP 300
Jul 24 05:09:51 ubuntu devstack@c-api.service[2864945]: [pid: 2864945|app: 0|req: 2/4] 10.132.239.242 () {58 vars in 1308 bytes} [Fri Jul 24 05:09:51 2026] GET /volume/ => generated 389 bytes in 7 msecs (HTTP/1.1 300) 7 headers in 299 bytes (2 switches on core 0)
Jul 24 05:12:23 ubuntu devstack@c-api.service[2864944]: DEBUG cinder.api.middleware.request_id [None req-f3ce4d66-8fd3-458e-badf-f425b6d8eea2 None None] RequestId filter calling following filter/app {{(pid=2864944) _context_setter /opt/stack/cinder/cinder/api/middleware/request_id.py:62}}
Jul 24 05:12:23 ubuntu devstack@c-api.service[2864944]: INFO cinder.api.openstack.wsgi [None req-f3ce4d66-8fd3-458e-badf-f425b6d8eea2 tempest-verify_tempest_config-1057142063 tempest-verify_tempest_config-1057142063-project-member] GET http://10.132.239.242/volume/v3/extensions
Jul 24 05:12:23 ubuntu devstack@c-api.service[2864944]: DEBUG cinder.api.openstack.wsgi [None req-f3ce4d66-8fd3-458e-badf-f425b6d8eea2 tempest-verify_tempest_config-1057142063 tempest-verify_tempest_config-1057142063-project-member] Empty body provided in request {{(pid=2864944) get_body /opt/stack/cinder/cinder/api/openstack/wsgi.py:725}}
Jul 24 05:12:23 ubuntu devstack@c-api.service[2864944]: DEBUG cinder.api.openstack.wsgi [None req-f3ce4d66-8fd3-458e-badf-f425b6d8eea2 tempest-verify_tempest_config-1057142063 tempest-verify_tempest_config-1057142063-project-member] Calling method 'index' {{(pid=2864944) _process_stack /opt/stack/cinder/cinder/api/openstack/wsgi.py:878}}
Jul 24 05:12:23 ubuntu devstack@c-api.service[2864944]: INFO cinder.api.openstack.wsgi [None req-f3ce4d66-8fd3-458e-badf-f425b6d8eea2 tempest-verify_tempest_config-1057142063 tempest-verify_tempest_config-1057142063-project-member] http://10.132.239.242/volume/v3/extensions returned with HTTP 200
Jul 24 05:12:23 ubuntu devstack@c-api.service[2864944]: [pid: 2864944|app: 0|req: 3/5] 10.132.239.242 () {58 vars in 1124 bytes} [Fri Jul 24 05:12:23 2026] GET /volume/v3/extensions => generated 5245 bytes in 301 msecs (HTTP/1.1 200) 7 headers in 286 bytes (1 switches on core 0)
Jul 24 05:12:39 ubuntu devstack@c-api.service[2864945]: DEBUG cinder.api.middleware.request_id [None req-19cadd86-dd94-4170-849c-0a00025448e2 None None] RequestId filter calling following filter/app {{(pid=2864945) _context_setter /opt/stack/cinder/cinder/api/middleware/request_id.py:62}}
Jul 24 05:12:39 ubuntu devstack@c-api.service[2864945]: INFO cinder.api.openstack.wsgi [None req-19cadd86-dd94-4170-849c-0a00025448e2 None None] GET http://10.132.239.242/volume//
Jul 24 05:12:39 ubuntu devstack@c-api.service[2864945]: DEBUG cinder.api.openstack.wsgi [None req-19cadd86-dd94-4170-849c-0a00025448e2 None None] Empty body provided in request {{(pid=2864945) get_body /opt/stack/cinder/cinder/api/openstack/wsgi.py:725}}
Jul 24 05:12:39 ubuntu devstack@c-api.service[2864945]: DEBUG cinder.api.openstack.wsgi [None req-19cadd86-dd94-4170-849c-0a00025448e2 None None] Calling method 'all' {{(pid=2864945) _process_stack /opt/stack/cinder/cinder/api/openstack/wsgi.py:878}}
Jul 24 05:12:39 ubuntu devstack@c-api.service[2864945]: INFO cinder.api.openstack.wsgi [None req-19cadd86-dd94-4170-849c-0a00025448e2 None None] http://10.132.239.242/volume// returned with HTTP 300
Jul 24 05:12:39 ubuntu devstack@c-api.service[2864945]: [pid: 2864945|app: 0|req: 3/6] 10.132.239.242 () {58 vars in 1110 bytes} [Fri Jul 24 05:12:39 2026] GET /volume/ => generated 389 bytes in 6 msecs (HTTP/1.1 300) 7 headers in 300 bytes (1 switches on core 0)
Jul 24 05:12:39 ubuntu devstack@c-api.service[2864944]: DEBUG cinder.api.middleware.request_id [None req-38641785-ba5d-4ae0-941f-26286dfac795 None None] RequestId filter calling following filter/app {{(pid=2864944) _context_setter /opt/stack/cinder/cinder/api/middleware/request_id.py:62}}
Jul 24 05:12:39 ubuntu devstack@c-api.service[2864944]: INFO cinder.api.openstack.wsgi [None req-38641785-ba5d-4ae0-941f-26286dfac795 ****** ******] POST http://10.132.239.242/volume/v3/types
Jul 24 05:12:39 ubuntu devstack@c-api.service[2864944]: DEBUG cinder.api.openstack.wsgi [None req-38641785-ba5d-4ae0-941f-26286dfac795 ****** ******] Action: 'create', calling method: _create, body: {"volume_type": {"name": "nimble", "description": null, "os-volume-type-access:is_public": true}} {{(pid=2864944) _process_stack /opt/stack/cinder/cinder/api/openstack/wsgi.py:876}}
Jul 24 05:12:39 ubuntu devstack@c-api.service[2864944]: INFO cinder.api.openstack.wsgi [None req-38641785-ba5d-4ae0-941f-26286dfac795 ****** ******] http://10.132.239.242/volume/v3/types returned with HTTP 200
Jul 24 05:12:39 ubuntu devstack@c-api.service[2864944]: [pid: 2864944|app: 0|req: 4/7] 10.132.239.242 () {62 vars in 1186 bytes} [Fri Jul 24 05:12:39 2026] POST /volume/v3/types => generated 181 bytes in 204 msecs (HTTP/1.1 200) 7 headers in 286 bytes (1 switches on core 0)
Jul 24 05:12:40 ubuntu devstack@c-api.service[2864945]: DEBUG cinder.api.middleware.request_id [None req-da7bbec6-b135-4bf9-b023-a89a2d928e3d None None] RequestId filter calling following filter/app {{(pid=2864945) _context_setter /opt/stack/cinder/cinder/api/middleware/request_id.py:62}}
Jul 24 05:12:40 ubuntu devstack@c-api.service[2864945]: INFO cinder.api.openstack.wsgi [None req-da7bbec6-b135-4bf9-b023-a89a2d928e3d None None] GET http://10.132.239.242/volume//
Jul 24 05:12:40 ubuntu devstack@c-api.service[2864945]: DEBUG cinder.api.openstack.wsgi [None req-da7bbec6-b135-4bf9-b023-a89a2d928e3d None None] Empty body provided in request {{(pid=2864945) get_body /opt/stack/cinder/cinder/api/openstack/wsgi.py:725}}
Jul 24 05:12:40 ubuntu devstack@c-api.service[2864945]: DEBUG cinder.api.openstack.wsgi [None req-da7bbec6-b135-4bf9-b023-a89a2d928e3d None None] Calling method 'all' {{(pid=2864945) _process_stack /opt/stack/cinder/cinder/api/openstack/wsgi.py:878}}
Jul 24 05:12:40 ubuntu devstack@c-api.service[2864945]: INFO cinder.api.openstack.wsgi [None req-da7bbec6-b135-4bf9-b023-a89a2d928e3d None None] http://10.132.239.242/volume// returned with HTTP 300
Jul 24 05:12:40 ubuntu devstack@c-api.service[2864945]: [pid: 2864945|app: 0|req: 4/8] 10.132.239.242 () {58 vars in 1110 bytes} [Fri Jul 24 05:12:40 2026] GET /volume/ => generated 389 bytes in 3 msecs (HTTP/1.1 300) 7 headers in 300 bytes (1 switches on core 0)
Jul 24 05:12:40 ubuntu devstack@c-api.service[2864944]: DEBUG cinder.api.middleware.request_id [None req-5e84b593-6062-42d7-95a9-e0b5c01a0634 None None] RequestId filter calling following filter/app {{(pid=2864944) _context_setter /opt/stack/cinder/cinder/api/middleware/request_id.py:62}}
Jul 24 05:12:40 ubuntu devstack@c-api.service[2864944]: INFO cinder.api.openstack.wsgi [None req-5e84b593-6062-42d7-95a9-e0b5c01a0634 ****** ******] GET http://10.132.239.242/volume/v3/types?name=nimble&is_public=None
Jul 24 05:12:40 ubuntu devstack@c-api.service[2864944]: DEBUG cinder.api.openstack.wsgi [None req-5e84b593-6062-42d7-95a9-e0b5c01a0634 ****** ******] Empty body provided in request {{(pid=2864944) get_body /opt/stack/cinder/cinder/api/openstack/wsgi.py:725}}
Jul 24 05:12:40 ubuntu devstack@c-api.service[2864944]: DEBUG cinder.api.openstack.wsgi [None req-5e84b593-6062-42d7-95a9-e0b5c01a0634 ****** ******] Calling method 'index' {{(pid=2864944) _process_stack /opt/stack/cinder/cinder/api/openstack/wsgi.py:878}}
Jul 24 05:12:40 ubuntu devstack@c-api.service[2864944]: INFO cinder.api.openstack.wsgi [None req-5e84b593-6062-42d7-95a9-e0b5c01a0634 ****** ******] http://10.132.239.242/volume/v3/types?name=nimble&is_public=None returned with HTTP 200
Jul 24 05:12:40 ubuntu devstack@c-api.service[2864944]: [pid: 2864944|app: 0|req: 5/9] 10.132.239.242 () {58 vars in 1186 bytes} [Fri Jul 24 05:12:40 2026] GET /volume/v3/types?name=nimble&is_public=None => generated 206 bytes in 71 msecs (HTTP/1.1 200) 7 headers in 286 bytes (1 switches on core 0)
Jul 24 05:12:40 ubuntu devstack@c-api.service[2864945]: DEBUG cinder.api.middleware.request_id [req-5e84b593-6062-42d7-95a9-e0b5c01a0634 req-8a393494-e481-417c-9bdb-bca3b2176db4 None None] RequestId filter calling following filter/app {{(pid=2864945) _context_setter /opt/stack/cinder/cinder/api/middleware/request_id.py:62}}
Jul 24 05:12:40 ubuntu devstack@c-api.service[2864945]: INFO cinder.api.openstack.wsgi [req-5e84b593-6062-42d7-95a9-e0b5c01a0634 req-8a393494-e481-417c-9bdb-bca3b2176db4 ****** ******] POST http://10.132.239.242/volume/v3/types/66dccf9c-079a-4008-b4c4-1116635c196b/extra_specs
Jul 24 05:12:40 ubuntu devstack@c-api.service[2864945]: DEBUG cinder.api.openstack.wsgi [req-5e84b593-6062-42d7-95a9-e0b5c01a0634 req-8a393494-e481-417c-9bdb-bca3b2176db4 ****** ******] Action: 'create', calling method: create, body: {"extra_specs": {"volume_backend_name": "nimble"}} {{(pid=2864945) _process_stack /opt/stack/cinder/cinder/api/openstack/wsgi.py:876}}
Jul 24 05:12:41 ubuntu devstack@c-api.service[2864945]: INFO cinder.api.openstack.wsgi [req-5e84b593-6062-42d7-95a9-e0b5c01a0634 req-8a393494-e481-417c-9bdb-bca3b2176db4 ****** ******] http://10.132.239.242/volume/v3/types/66dccf9c-079a-4008-b4c4-1116635c196b/extra_specs returned with HTTP 200
Jul 24 05:12:41 ubuntu devstack@c-api.service[2864945]: [pid: 2864945|app: 0|req: 5/10] 10.132.239.242 () {64 vars in 1404 bytes} [Fri Jul 24 05:12:40 2026] POST /volume/v3/types/66dccf9c-079a-4008-b4c4-1116635c196b/extra_specs => generated 50 bytes in 174 msecs (HTTP/1.1 200) 7 headers in 285 bytes (1 switches on core 0)
Jul 24 05:12:41 ubuntu systemd[1]: Stopping devstack@c-api.service - Devstack devstack@c-api.service...
Jul 24 05:12:41 ubuntu devstack@c-api.service[2864939]: Fri Jul 24 05:12:41 2026 - graceful shutdown triggered...
Jul 24 05:12:41 ubuntu devstack@c-api.service[2864945]: Gracefully killing worker 2 (pid: 2864945)...
Jul 24 05:12:41 ubuntu devstack@c-api.service[2864944]: Gracefully killing worker 1 (pid: 2864944)...
Jul 24 05:12:42 ubuntu devstack@c-api.service[2864939]: worker 1 buried after 1 seconds
Jul 24 05:12:42 ubuntu devstack@c-api.service[2864939]: worker 2 buried after 1 seconds
Jul 24 05:12:42 ubuntu devstack@c-api.service[2864939]: goodbye to uWSGI.
Jul 24 05:12:42 ubuntu systemd[1]: devstack@c-api.service: Deactivated successfully.
Jul 24 05:12:42 ubuntu systemd[1]: Stopped devstack@c-api.service - Devstack devstack@c-api.service.
Jul 24 05:12:42 ubuntu systemd[1]: devstack@c-api.service: Consumed 11.463s CPU time, 243.8M memory peak, 0B memory swap peak.
Jul 24 05:12:42 ubuntu systemd[1]: Starting devstack@c-api.service - Devstack devstack@c-api.service...
Jul 24 05:12:42 ubuntu devstack@c-api.service[2878982]: [uWSGI] getting INI configuration from /etc/cinder/cinder-api-uwsgi.ini
Jul 24 05:12:42 ubuntu devstack@c-api.service[2878982]: *** Starting uWSGI 2.0.24-debian (64bit) on [Fri Jul 24 05:12:42 2026] ***
Jul 24 05:12:42 ubuntu devstack@c-api.service[2878982]: compiled with version: 13.2.0 on 17 April 2024 16:23:48
Jul 24 05:12:42 ubuntu devstack@c-api.service[2878982]: os: Linux-6.8.0-134-generic #134-Ubuntu SMP PREEMPT_DYNAMIC Fri Jun 26 18:43:11 UTC 2026
Jul 24 05:12:42 ubuntu devstack@c-api.service[2878982]: nodename: ubuntu
Jul 24 05:12:42 ubuntu devstack@c-api.service[2878982]: machine: x86_64
Jul 24 05:12:42 ubuntu devstack@c-api.service[2878982]: clock source: unix
Jul 24 05:12:42 ubuntu devstack@c-api.service[2878982]: pcre jit disabled
Jul 24 05:12:42 ubuntu devstack@c-api.service[2878982]: detected number of CPU cores: 4
Jul 24 05:12:42 ubuntu devstack@c-api.service[2878982]: current working directory: /
Jul 24 05:12:42 ubuntu devstack@c-api.service[2878982]: detected binary path: /usr/bin/uwsgi-core
Jul 24 05:12:42 ubuntu devstack@c-api.service[2878982]: your processes number limit is 63645
Jul 24 05:12:42 ubuntu devstack@c-api.service[2878982]: your memory page size is 4096 bytes
Jul 24 05:12:42 ubuntu devstack@c-api.service[2878982]: detected max file descriptor number: 2048
Jul 24 05:12:42 ubuntu devstack@c-api.service[2878982]: lock engine: pthread robust mutexes
Jul 24 05:12:42 ubuntu devstack@c-api.service[2878982]: thunder lock: enabled
Jul 24 05:12:42 ubuntu devstack@c-api.service[2878982]: uwsgi socket 0 bound to UNIX address /var/run/uwsgi/cinder-api.socket fd 4
Jul 24 05:12:42 ubuntu devstack@c-api.service[2878982]: Python version: 3.12.3 (main, Jun 19 2026, 12:46:00) [GCC 13.3.0]
Jul 24 05:12:42 ubuntu devstack@c-api.service[2878982]: PEP 405 virtualenv detected: /opt/stack/data/venv
Jul 24 05:12:42 ubuntu devstack@c-api.service[2878982]: Set PythonHome to /opt/stack/data/venv
Jul 24 05:12:42 ubuntu devstack@c-api.service[2878982]: Python main interpreter initialized at 0x74491eaa4668
Jul 24 05:12:42 ubuntu devstack@c-api.service[2878982]: python threads support enabled
Jul 24 05:12:42 ubuntu devstack@c-api.service[2878982]: your server socket listen backlog is limited to 100 connections
Jul 24 05:12:42 ubuntu devstack@c-api.service[2878982]: your mercy for graceful operations on workers is 80 seconds
Jul 24 05:12:42 ubuntu devstack@c-api.service[2878982]: mapped 403077 bytes (393 KB) for 2 cores
Jul 24 05:12:42 ubuntu devstack@c-api.service[2878982]: *** Operational MODE: preforking ***
Jul 24 05:12:42 ubuntu devstack@c-api.service[2878982]: *** uWSGI is running in multiple interpreter mode ***
Jul 24 05:12:42 ubuntu devstack@c-api.service[2878982]: spawned uWSGI master process (pid: 2878982)
Jul 24 05:12:42 ubuntu systemd[1]: Started devstack@c-api.service - Devstack devstack@c-api.service.
Jul 24 05:12:42 ubuntu devstack@c-api.service[2878982]: spawned uWSGI worker 1 (pid: 2878983, cores: 1)
Jul 24 05:12:42 ubuntu devstack@c-api.service[2878982]: spawned uWSGI worker 2 (pid: 2878984, cores: 1)
Jul 24 05:12:42 ubuntu devstack@c-api.service[2878982]: running "unix_signal:15 gracefully_kill_them_all" (master-start)...
Jul 24 05:12:42 ubuntu devstack@c-api.service[2878983]: /opt/stack/cinder/cinder/__init__.py:21: EventletDeprecationWarning:
Jul 24 05:12:42 ubuntu devstack@c-api.service[2878983]: Eventlet is deprecated. It is currently being maintained in bugfix mode, and
Jul 24 05:12:42 ubuntu devstack@c-api.service[2878983]: we strongly recommend against using it for new projects.
Jul 24 05:12:42 ubuntu devstack@c-api.service[2878983]: If you are already using Eventlet, we recommend migrating to a different
Jul 24 05:12:42 ubuntu devstack@c-api.service[2878983]: framework.  For more detail see
Jul 24 05:12:42 ubuntu devstack@c-api.service[2878983]: https://eventlet.readthedocs.io/en/latest/asyncio/migration.html
Jul 24 05:12:42 ubuntu devstack@c-api.service[2878983]:   import eventlet  # noqa
Jul 24 05:12:42 ubuntu devstack@c-api.service[2878984]: /opt/stack/cinder/cinder/__init__.py:21: EventletDeprecationWarning:
Jul 24 05:12:42 ubuntu devstack@c-api.service[2878984]: Eventlet is deprecated. It is currently being maintained in bugfix mode, and
Jul 24 05:12:42 ubuntu devstack@c-api.service[2878984]: we strongly recommend against using it for new projects.
Jul 24 05:12:42 ubuntu devstack@c-api.service[2878984]: If you are already using Eventlet, we recommend migrating to a different
Jul 24 05:12:42 ubuntu devstack@c-api.service[2878984]: framework.  For more detail see
Jul 24 05:12:42 ubuntu devstack@c-api.service[2878984]: https://eventlet.readthedocs.io/en/latest/asyncio/migration.html
Jul 24 05:12:42 ubuntu devstack@c-api.service[2878984]:   import eventlet  # noqa
Jul 24 05:12:43 ubuntu devstack@c-api.service[2878983]: /usr/local/lib/python3.12/dist-packages/webob/compat.py:5: DeprecationWarning: 'cgi' is deprecated and slated for removal in Python 3.13
Jul 24 05:12:43 ubuntu devstack@c-api.service[2878983]:   from cgi import parse_header
Jul 24 05:12:43 ubuntu devstack@c-api.service[2878984]: /usr/local/lib/python3.12/dist-packages/webob/compat.py:5: DeprecationWarning: 'cgi' is deprecated and slated for removal in Python 3.13
Jul 24 05:12:43 ubuntu devstack@c-api.service[2878984]:   from cgi import parse_header
Jul 24 05:12:43 ubuntu devstack@c-api.service[2878983]: /opt/stack/data/venv/lib/python3.12/site-packages/oslo_utils/eventletutils.py:34: DeprecationWarning: eventletutils module is deprecated and will be removed.
Jul 24 05:12:43 ubuntu devstack@c-api.service[2878983]:   warnings.warn(
Jul 24 05:12:43 ubuntu devstack@c-api.service[2878983]: /opt/stack/data/venv/lib/python3.12/site-packages/oslo_service/eventlet_backdoor.py:36: DeprecationWarning: The 'oslo_service.eventlet_backdoor' module usage is deprecated and will be removed in version '2026.2': The 'eventlet_backdoor' module is deprecated and will be removed in version 2026.2. This module is not being replaced. Please migrate away from using it and remove any dependencies on this module.
Jul 24 05:12:43 ubuntu devstack@c-api.service[2878983]:   removals.removed_module(
Jul 24 05:12:43 ubuntu devstack@c-api.service[2878983]: /opt/stack/data/venv/lib/python3.12/site-packages/oslo_service/sslutils.py:24: DeprecationWarning: The 'oslo_service.sslutils' module usage is deprecated and will be removed in version '2026.2': The 'oslo_service.sslutils' module is deprecated and will be removed in version 2026.2.
Jul 24 05:12:43 ubuntu devstack@c-api.service[2878983]:   removals.removed_module(
Jul 24 05:12:43 ubuntu devstack@c-api.service[2878984]: /opt/stack/data/venv/lib/python3.12/site-packages/oslo_utils/eventletutils.py:34: DeprecationWarning: eventletutils module is deprecated and will be removed.
Jul 24 05:12:43 ubuntu devstack@c-api.service[2878984]:   warnings.warn(
Jul 24 05:12:43 ubuntu devstack@c-api.service[2878984]: /opt/stack/data/venv/lib/python3.12/site-packages/oslo_service/eventlet_backdoor.py:36: DeprecationWarning: The 'oslo_service.eventlet_backdoor' module usage is deprecated and will be removed in version '2026.2': The 'eventlet_backdoor' module is deprecated and will be removed in version 2026.2. This module is not being replaced. Please migrate away from using it and remove any dependencies on this module.
Jul 24 05:12:43 ubuntu devstack@c-api.service[2878984]:   removals.removed_module(
Jul 24 05:12:43 ubuntu devstack@c-api.service[2878984]: /opt/stack/data/venv/lib/python3.12/site-packages/oslo_service/sslutils.py:24: DeprecationWarning: The 'oslo_service.sslutils' module usage is deprecated and will be removed in version '2026.2': The 'oslo_service.sslutils' module is deprecated and will be removed in version 2026.2.
Jul 24 05:12:43 ubuntu devstack@c-api.service[2878984]:   removals.removed_module(
Jul 24 05:12:45 ubuntu devstack@c-api.service[2878983]: /opt/stack/data/venv/lib/python3.12/site-packages/oslo_policy/policy.py:1630: DeprecationWarning: volume_extension:quotas:show deprecated without deprecated_reason or deprecated_since. This will be an error in a future release
Jul 24 05:12:45 ubuntu devstack@c-api.service[2878983]:   warnings.warn(
Jul 24 05:12:45 ubuntu devstack@c-api.service[2878984]: /opt/stack/data/venv/lib/python3.12/site-packages/oslo_policy/policy.py:1630: DeprecationWarning: volume_extension:quotas:show deprecated without deprecated_reason or deprecated_since. This will be an error in a future release
Jul 24 05:12:45 ubuntu devstack@c-api.service[2878984]:   warnings.warn(
Jul 24 05:12:45 ubuntu devstack@c-api.service[2878983]: /opt/stack/data/venv/lib/python3.12/site-packages/eventlet/__init__.py:83: DeprecationWarning: Using fork() is a bad idea, and there is no guarantee eventlet will work. See https://eventlet.readthedocs.io/en/latest/fork.html for more details.
Jul 24 05:12:45 ubuntu devstack@c-api.service[2878983]:   warnings.warn(
Jul 24 05:12:45 ubuntu devstack@c-api.service[2878984]: /opt/stack/data/venv/lib/python3.12/site-packages/eventlet/__init__.py:83: DeprecationWarning: Using fork() is a bad idea, and there is no guarantee eventlet will work. See https://eventlet.readthedocs.io/en/latest/fork.html for more details.
Jul 24 05:12:45 ubuntu devstack@c-api.service[2878984]:   warnings.warn(
Jul 24 05:12:45 ubuntu devstack@c-api.service[2878983]: 2026-07-24 05:12:45.571 2878983 WARNING oslo_config.cfg [-] Deprecated: Option "api_paste_config" from group "DEFAULT" is deprecated for removal (The 'api_paste_config' option is deprecated and will be removed in a future release.).  Its value may be silently ignored in the future.
Jul 24 05:12:45 ubuntu devstack@c-api.service[2878983]: 2026-07-24 05:12:45.571 2878983 DEBUG oslo.service.wsgi [-] Loading app osapi_volume from /etc/cinder/api-paste.ini {{(pid=2878983) load_app /opt/stack/data/venv/lib/python3.12/site-packages/oslo_service/wsgi.py:380}}
Jul 24 05:12:45 ubuntu devstack@c-api.service[2878984]: 2026-07-24 05:12:45.593 2878984 WARNING oslo_config.cfg [-] Deprecated: Option "api_paste_config" from group "DEFAULT" is deprecated for removal (The 'api_paste_config' option is deprecated and will be removed in a future release.).  Its value may be silently ignored in the future.
Jul 24 05:12:45 ubuntu devstack@c-api.service[2878984]: 2026-07-24 05:12:45.594 2878984 DEBUG oslo.service.wsgi [-] Loading app osapi_volume from /etc/cinder/api-paste.ini {{(pid=2878984) load_app /opt/stack/data/venv/lib/python3.12/site-packages/oslo_service/wsgi.py:380}}
Jul 24 05:12:45 ubuntu devstack@c-api.service[2878983]: /opt/stack/cinder/cinder/api/validation/validators.py:126: DeprecationWarning: FormatChecker.cls_checks is deprecated. Call FormatChecker.checks on a specific FormatChecker instance instead.
Jul 24 05:12:45 ubuntu devstack@c-api.service[2878983]:   @jsonschema.FormatChecker.cls_checks('date-time')
Jul 24 05:12:45 ubuntu devstack@c-api.service[2878984]: /opt/stack/cinder/cinder/api/validation/validators.py:126: DeprecationWarning: FormatChecker.cls_checks is deprecated. Call FormatChecker.checks on a specific FormatChecker instance instead.
