Jul 23 03:26:33 ubuntu devstack@c-api.service[1910953]: 2026-07-23 03:26:33.056 1910953 DEBUG cinder.api.extensions [-] Loaded extension: os-vol-tenant-attr {{(pid=1910953) register /opt/stack/cinder/cinder/api/extensions.py:135}}
Jul 23 03:26:33 ubuntu devstack@c-api.service[1910953]: 2026-07-23 03:26:33.056 1910953 DEBUG cinder.api.extensions [-] Loading extension cinder.api.contrib.volume_manage.Volume_manage {{(pid=1910953) load_extension /opt/stack/cinder/cinder/api/extensions.py:194}}
Jul 23 03:26:33 ubuntu devstack@c-api.service[1910953]: 2026-07-23 03:26:33.056 1910953 DEBUG cinder.api.extensions [-] Calling extension factory cinder.api.contrib.volume_manage.Volume_manage {{(pid=1910953) load_extension /opt/stack/cinder/cinder/api/extensions.py:200}}
Jul 23 03:26:33 ubuntu devstack@c-api.service[1910953]: 2026-07-23 03:26:33.056 1910953 DEBUG cinder.api.extensions [-] Ext name: VolumeManage {{(pid=1910953) _check_extension /opt/stack/cinder/cinder/api/extensions.py:174}}
Jul 23 03:26:33 ubuntu devstack@c-api.service[1910953]: 2026-07-23 03:26:33.056 1910953 DEBUG cinder.api.extensions [-] Ext alias: os-volume-manage {{(pid=1910953) _check_extension /opt/stack/cinder/cinder/api/extensions.py:175}}
Jul 23 03:26:33 ubuntu devstack@c-api.service[1910953]: 2026-07-23 03:26:33.056 1910953 DEBUG cinder.api.extensions [-] Ext description: Allows existing backend storage to be 'managed' by Cinder. {{(pid=1910953) _check_extension /opt/stack/cinder/cinder/api/extensions.py:176}}
Jul 23 03:26:33 ubuntu devstack@c-api.service[1910953]: 2026-07-23 03:26:33.056 1910953 DEBUG cinder.api.extensions [-] Ext updated: 2014-02-10T00:00:00+00:00 {{(pid=1910953) _check_extension /opt/stack/cinder/cinder/api/extensions.py:178}}
Jul 23 03:26:33 ubuntu devstack@c-api.service[1910953]: 2026-07-23 03:26:33.056 1910953 DEBUG cinder.api.extensions [-] Loaded extension: os-volume-manage {{(pid=1910953) register /opt/stack/cinder/cinder/api/extensions.py:135}}
Jul 23 03:26:33 ubuntu devstack@c-api.service[1910953]: 2026-07-23 03:26:33.057 1910953 DEBUG cinder.api.extensions [-] Loading extension cinder.api.contrib.volume_type_access.Volume_type_access {{(pid=1910953) load_extension /opt/stack/cinder/cinder/api/extensions.py:194}}
Jul 23 03:26:33 ubuntu devstack@c-api.service[1910953]: 2026-07-23 03:26:33.058 1910953 DEBUG cinder.api.extensions [-] Calling extension factory cinder.api.contrib.volume_type_access.Volume_type_access {{(pid=1910953) load_extension /opt/stack/cinder/cinder/api/extensions.py:200}}
Jul 23 03:26:33 ubuntu devstack@c-api.service[1910953]: 2026-07-23 03:26:33.058 1910953 DEBUG cinder.api.extensions [-] Ext name: VolumeTypeAccess {{(pid=1910953) _check_extension /opt/stack/cinder/cinder/api/extensions.py:174}}
Jul 23 03:26:33 ubuntu devstack@c-api.service[1910953]: 2026-07-23 03:26:33.058 1910953 DEBUG cinder.api.extensions [-] Ext alias: os-volume-type-access {{(pid=1910953) _check_extension /opt/stack/cinder/cinder/api/extensions.py:175}}
Jul 23 03:26:33 ubuntu devstack@c-api.service[1910953]: 2026-07-23 03:26:33.059 1910953 DEBUG cinder.api.extensions [-] Ext description: Volume type access support. {{(pid=1910953) _check_extension /opt/stack/cinder/cinder/api/extensions.py:176}}
Jul 23 03:26:33 ubuntu devstack@c-api.service[1910953]: 2026-07-23 03:26:33.059 1910953 DEBUG cinder.api.extensions [-] Ext updated: 2014-06-26T00:00:00Z {{(pid=1910953) _check_extension /opt/stack/cinder/cinder/api/extensions.py:178}}
Jul 23 03:26:33 ubuntu devstack@c-api.service[1910953]: 2026-07-23 03:26:33.059 1910953 DEBUG cinder.api.extensions [-] Loaded extension: os-volume-type-access {{(pid=1910953) register /opt/stack/cinder/cinder/api/extensions.py:135}}
Jul 23 03:26:33 ubuntu devstack@c-api.service[1910953]: 2026-07-23 03:26:33.059 1910953 DEBUG cinder.api.extensions [-] Loading extension cinder.api.contrib.quotas.Quotas {{(pid=1910953) load_extension /opt/stack/cinder/cinder/api/extensions.py:194}}
Jul 23 03:26:33 ubuntu devstack@c-api.service[1910953]: 2026-07-23 03:26:33.062 1910953 DEBUG cinder.api.extensions [-] Calling extension factory cinder.api.contrib.quotas.Quotas {{(pid=1910953) load_extension /opt/stack/cinder/cinder/api/extensions.py:200}}
Jul 23 03:26:33 ubuntu devstack@c-api.service[1910953]: 2026-07-23 03:26:33.062 1910953 DEBUG cinder.api.extensions [-] Ext name: Quotas {{(pid=1910953) _check_extension /opt/stack/cinder/cinder/api/extensions.py:174}}
Jul 23 03:26:33 ubuntu devstack@c-api.service[1910953]: 2026-07-23 03:26:33.063 1910953 DEBUG cinder.api.extensions [-] Ext alias: os-quota-sets {{(pid=1910953) _check_extension /opt/stack/cinder/cinder/api/extensions.py:175}}
Jul 23 03:26:33 ubuntu devstack@c-api.service[1910953]: 2026-07-23 03:26:33.063 1910953 DEBUG cinder.api.extensions [-] Ext description: Quota management support. {{(pid=1910953) _check_extension /opt/stack/cinder/cinder/api/extensions.py:176}}
Jul 23 03:26:33 ubuntu devstack@c-api.service[1910953]: 2026-07-23 03:26:33.063 1910953 DEBUG cinder.api.extensions [-] Ext updated: 2011-08-08T00:00:00+00:00 {{(pid=1910953) _check_extension /opt/stack/cinder/cinder/api/extensions.py:178}}
Jul 23 03:26:33 ubuntu devstack@c-api.service[1910953]: 2026-07-23 03:26:33.063 1910953 DEBUG cinder.api.extensions [-] Loaded extension: os-quota-sets {{(pid=1910953) register /opt/stack/cinder/cinder/api/extensions.py:135}}
Jul 23 03:26:33 ubuntu devstack@c-api.service[1910953]: 2026-07-23 03:26:33.063 1910953 DEBUG cinder.api.extensions [-] Loading extension cinder.api.contrib.volume_transfer.Volume_transfer {{(pid=1910953) load_extension /opt/stack/cinder/cinder/api/extensions.py:194}}
Jul 23 03:26:33 ubuntu devstack@c-api.service[1910953]: 2026-07-23 03:26:33.064 1910953 DEBUG cinder.api.extensions [-] Calling extension factory cinder.api.contrib.volume_transfer.Volume_transfer {{(pid=1910953) load_extension /opt/stack/cinder/cinder/api/extensions.py:200}}
Jul 23 03:26:33 ubuntu devstack@c-api.service[1910953]: 2026-07-23 03:26:33.064 1910953 DEBUG cinder.api.extensions [-] Ext name: VolumeTransfer {{(pid=1910953) _check_extension /opt/stack/cinder/cinder/api/extensions.py:174}}
Jul 23 03:26:33 ubuntu devstack@c-api.service[1910953]: 2026-07-23 03:26:33.064 1910953 DEBUG cinder.api.extensions [-] Ext alias: os-volume-transfer {{(pid=1910953) _check_extension /opt/stack/cinder/cinder/api/extensions.py:175}}
Jul 23 03:26:33 ubuntu devstack@c-api.service[1910953]: 2026-07-23 03:26:33.064 1910953 DEBUG cinder.api.extensions [-] Ext description: Volume transfer management support. {{(pid=1910953) _check_extension /opt/stack/cinder/cinder/api/extensions.py:176}}
Jul 23 03:26:33 ubuntu devstack@c-api.service[1910953]: 2026-07-23 03:26:33.064 1910953 DEBUG cinder.api.extensions [-] Ext updated: 2013-05-29T00:00:00+00:00 {{(pid=1910953) _check_extension /opt/stack/cinder/cinder/api/extensions.py:178}}
Jul 23 03:26:33 ubuntu devstack@c-api.service[1910953]: 2026-07-23 03:26:33.064 1910953 DEBUG cinder.api.extensions [-] Loaded extension: os-volume-transfer {{(pid=1910953) register /opt/stack/cinder/cinder/api/extensions.py:135}}
Jul 23 03:26:33 ubuntu devstack@c-api.service[1910953]: 2026-07-23 03:26:33.064 1910953 DEBUG cinder.api.extensions [-] Loading extension cinder.api.contrib.volume_type_encryption.Volume_type_encryption {{(pid=1910953) load_extension /opt/stack/cinder/cinder/api/extensions.py:194}}
Jul 23 03:26:33 ubuntu devstack@c-api.service[1910953]: 2026-07-23 03:26:33.066 1910953 DEBUG cinder.api.extensions [-] Calling extension factory cinder.api.contrib.volume_type_encryption.Volume_type_encryption {{(pid=1910953) load_extension /opt/stack/cinder/cinder/api/extensions.py:200}}
Jul 23 03:26:33 ubuntu devstack@c-api.service[1910953]: 2026-07-23 03:26:33.067 1910953 DEBUG cinder.api.extensions [-] Ext name: VolumeTypeEncryption {{(pid=1910953) _check_extension /opt/stack/cinder/cinder/api/extensions.py:174}}
Jul 23 03:26:33 ubuntu devstack@c-api.service[1910953]: 2026-07-23 03:26:33.067 1910953 DEBUG cinder.api.extensions [-] Ext alias: encryption {{(pid=1910953) _check_extension /opt/stack/cinder/cinder/api/extensions.py:175}}
Jul 23 03:26:33 ubuntu devstack@c-api.service[1910953]: 2026-07-23 03:26:33.067 1910953 DEBUG cinder.api.extensions [-] Ext description: Encryption support for volume types. {{(pid=1910953) _check_extension /opt/stack/cinder/cinder/api/extensions.py:176}}
Jul 23 03:26:33 ubuntu devstack@c-api.service[1910953]: 2026-07-23 03:26:33.067 1910953 DEBUG cinder.api.extensions [-] Ext updated: 2013-07-01T00:00:00+00:00 {{(pid=1910953) _check_extension /opt/stack/cinder/cinder/api/extensions.py:178}}
Jul 23 03:26:33 ubuntu devstack@c-api.service[1910953]: 2026-07-23 03:26:33.067 1910953 DEBUG cinder.api.extensions [-] Loaded extension: encryption {{(pid=1910953) register /opt/stack/cinder/cinder/api/extensions.py:135}}
Jul 23 03:26:33 ubuntu devstack@c-api.service[1910953]: 2026-07-23 03:26:33.067 1910953 DEBUG cinder.api.extensions [-] Loading extension cinder.api.contrib.snapshot_unmanage.Snapshot_unmanage {{(pid=1910953) load_extension /opt/stack/cinder/cinder/api/extensions.py:194}}
Jul 23 03:26:33 ubuntu devstack@c-api.service[1910953]: 2026-07-23 03:26:33.068 1910953 DEBUG cinder.api.extensions [-] Calling extension factory cinder.api.contrib.snapshot_unmanage.Snapshot_unmanage {{(pid=1910953) load_extension /opt/stack/cinder/cinder/api/extensions.py:200}}
Jul 23 03:26:33 ubuntu devstack@c-api.service[1910953]: 2026-07-23 03:26:33.068 1910953 DEBUG cinder.api.extensions [-] Ext name: SnapshotUnmanage {{(pid=1910953) _check_extension /opt/stack/cinder/cinder/api/extensions.py:174}}
Jul 23 03:26:33 ubuntu devstack@c-api.service[1910953]: 2026-07-23 03:26:33.072 1910953 DEBUG cinder.api.extensions [-] Ext alias: os-snapshot-unmanage {{(pid=1910953) _check_extension /opt/stack/cinder/cinder/api/extensions.py:175}}
Jul 23 03:26:33 ubuntu devstack@c-api.service[1910953]: 2026-07-23 03:26:33.072 1910953 DEBUG cinder.api.extensions [-] Ext description: Enable volume unmanage operation. {{(pid=1910953) _check_extension /opt/stack/cinder/cinder/api/extensions.py:176}}
Jul 23 03:26:33 ubuntu devstack@c-api.service[1910953]: 2026-07-23 03:26:33.072 1910953 DEBUG cinder.api.extensions [-] Ext updated: 2014-12-31T00:00:00+00:00 {{(pid=1910953) _check_extension /opt/stack/cinder/cinder/api/extensions.py:178}}
Jul 23 03:26:33 ubuntu devstack@c-api.service[1910953]: 2026-07-23 03:26:33.072 1910953 DEBUG cinder.api.extensions [-] Loaded extension: os-snapshot-unmanage {{(pid=1910953) register /opt/stack/cinder/cinder/api/extensions.py:135}}
Jul 23 03:26:33 ubuntu devstack@c-api.service[1910953]: 2026-07-23 03:26:33.072 1910953 DEBUG cinder.api.extensions [-] Loading extension cinder.api.contrib.volume_image_metadata.Volume_image_metadata {{(pid=1910953) load_extension /opt/stack/cinder/cinder/api/extensions.py:194}}
Jul 23 03:26:33 ubuntu devstack@c-api.service[1910953]: 2026-07-23 03:26:33.073 1910953 DEBUG cinder.api.extensions [-] Calling extension factory cinder.api.contrib.volume_image_metadata.Volume_image_metadata {{(pid=1910953) load_extension /opt/stack/cinder/cinder/api/extensions.py:200}}
Jul 23 03:26:33 ubuntu devstack@c-api.service[1910953]: 2026-07-23 03:26:33.074 1910953 DEBUG cinder.api.extensions [-] Ext name: VolumeImageMetadata {{(pid=1910953) _check_extension /opt/stack/cinder/cinder/api/extensions.py:174}}
Jul 23 03:26:33 ubuntu devstack@c-api.service[1910953]: 2026-07-23 03:26:33.074 1910953 DEBUG cinder.api.extensions [-] Ext alias: os-vol-image-meta {{(pid=1910953) _check_extension /opt/stack/cinder/cinder/api/extensions.py:175}}
Jul 23 03:26:33 ubuntu devstack@c-api.service[1910953]: 2026-07-23 03:26:33.074 1910953 DEBUG cinder.api.extensions [-] Ext description: Show image metadata associated with the volume. {{(pid=1910953) _check_extension /opt/stack/cinder/cinder/api/extensions.py:176}}
Jul 23 03:26:33 ubuntu devstack@c-api.service[1910953]: 2026-07-23 03:26:33.074 1910953 DEBUG cinder.api.extensions [-] Ext updated: 2012-12-07T00:00:00+00:00 {{(pid=1910953) _check_extension /opt/stack/cinder/cinder/api/extensions.py:178}}
Jul 23 03:26:33 ubuntu devstack@c-api.service[1910953]: 2026-07-23 03:26:33.074 1910953 DEBUG cinder.api.extensions [-] Loaded extension: os-vol-image-meta {{(pid=1910953) register /opt/stack/cinder/cinder/api/extensions.py:135}}
Jul 23 03:26:33 ubuntu devstack@c-api.service[1910952]: DEBUG oslo_db.sqlalchemy.engines [None req-bbd73959-2911-4bb7-860f-5ee66054af14 None None] MySQL server mode set to STRICT_TRANS_TABLES,STRICT_ALL_TABLES,NO_ZERO_IN_DATE,NO_ZERO_DATE,ERROR_FOR_DIVISION_BY_ZERO,TRADITIONAL,NO_ENGINE_SUBSTITUTION {{(pid=1910952) _check_effective_sql_mode /opt/stack/data/venv/lib/python3.12/site-packages/oslo_db/sqlalchemy/engines.py:325}}
Jul 23 03:26:33 ubuntu devstack@c-api.service[1910953]: DEBUG oslo_db.sqlalchemy.engines [None req-aa0efabf-1f2d-443b-ae49-a47ee4b53722 None None] MySQL server mode set to STRICT_TRANS_TABLES,STRICT_ALL_TABLES,NO_ZERO_IN_DATE,NO_ZERO_DATE,ERROR_FOR_DIVISION_BY_ZERO,TRADITIONAL,NO_ENGINE_SUBSTITUTION {{(pid=1910953) _check_effective_sql_mode /opt/stack/data/venv/lib/python3.12/site-packages/oslo_db/sqlalchemy/engines.py:325}}
Jul 23 03:26:33 ubuntu devstack@c-api.service[1910953]: INFO cinder.rpc [None req-aa0efabf-1f2d-443b-ae49-a47ee4b53722 None None] Automatically selected cinder-scheduler objects version 1.39 as minimum service version.
Jul 23 03:26:33 ubuntu devstack@c-api.service[1910952]: INFO cinder.rpc [None req-bbd73959-2911-4bb7-860f-5ee66054af14 None None] Automatically selected cinder-scheduler objects version 1.39 as minimum service version.
Jul 23 03:26:33 ubuntu devstack@c-api.service[1910953]: INFO cinder.rpc [None req-aa0efabf-1f2d-443b-ae49-a47ee4b53722 None None] Automatically selected cinder-scheduler RPC version 3.12 as minimum service version.
Jul 23 03:26:33 ubuntu devstack@c-api.service[1910953]: INFO cinder.rpc [None req-aa0efabf-1f2d-443b-ae49-a47ee4b53722 None None] Automatically selected cinder-volume objects version 1.39 as minimum service version.
Jul 23 03:26:33 ubuntu devstack@c-api.service[1910952]: INFO cinder.rpc [None req-bbd73959-2911-4bb7-860f-5ee66054af14 None None] Automatically selected cinder-scheduler RPC version 3.12 as minimum service version.
Jul 23 03:26:33 ubuntu devstack@c-api.service[1910953]: INFO cinder.rpc [None req-aa0efabf-1f2d-443b-ae49-a47ee4b53722 None None] Automatically selected cinder-volume RPC version 3.20 as minimum service version.
Jul 23 03:26:33 ubuntu devstack@c-api.service[1910953]: WARNING stevedore.named [None req-aa0efabf-1f2d-443b-ae49-a47ee4b53722 None None] Could not load cinder.keymgr.conf_key_mgr.ConfKeyManager
Jul 23 03:26:33 ubuntu devstack@c-api.service[1910953]: WARNING castellan.key_manager [None req-aa0efabf-1f2d-443b-ae49-a47ee4b53722 None None] Deprecation Warning : cinder.keymgr.conf_key_mgr.ConfKeyManager is not a stevedore based driver, trying to load it as a class: stevedore.exception.NoMatches: No 'castellan.drivers' driver found, looking for 'cinder.keymgr.conf_key_mgr.ConfKeyManager'
Jul 23 03:26:33 ubuntu devstack@c-api.service[1910952]: INFO cinder.rpc [None req-bbd73959-2911-4bb7-860f-5ee66054af14 None None] Automatically selected cinder-volume objects version 1.39 as minimum service version.
Jul 23 03:26:33 ubuntu devstack@c-api.service[1910953]: WARNING cinder.keymgr.conf_key_mgr [None req-aa0efabf-1f2d-443b-ae49-a47ee4b53722 None None] This key manager is insecure and is not recommended for production deployments: stevedore.exception.NoMatches: No 'castellan.drivers' driver found, looking for 'cinder.keymgr.conf_key_mgr.ConfKeyManager'
Jul 23 03:26:33 ubuntu devstack@c-api.service[1910952]: INFO cinder.rpc [None req-bbd73959-2911-4bb7-860f-5ee66054af14 None None] Automatically selected cinder-volume RPC version 3.20 as minimum service version.
Jul 23 03:26:33 ubuntu devstack@c-api.service[1910952]: WARNING stevedore.named [None req-bbd73959-2911-4bb7-860f-5ee66054af14 None None] Could not load cinder.keymgr.conf_key_mgr.ConfKeyManager
Jul 23 03:26:33 ubuntu devstack@c-api.service[1910952]: WARNING castellan.key_manager [None req-bbd73959-2911-4bb7-860f-5ee66054af14 None None] Deprecation Warning : cinder.keymgr.conf_key_mgr.ConfKeyManager is not a stevedore based driver, trying to load it as a class: stevedore.exception.NoMatches: No 'castellan.drivers' driver found, looking for 'cinder.keymgr.conf_key_mgr.ConfKeyManager'
Jul 23 03:26:33 ubuntu devstack@c-api.service[1910953]: WARNING stevedore.named [None req-aa0efabf-1f2d-443b-ae49-a47ee4b53722 None None] Could not load cinder.keymgr.conf_key_mgr.ConfKeyManager
Jul 23 03:26:33 ubuntu devstack@c-api.service[1910953]: WARNING castellan.key_manager [None req-aa0efabf-1f2d-443b-ae49-a47ee4b53722 None None] Deprecation Warning : cinder.keymgr.conf_key_mgr.ConfKeyManager is not a stevedore based driver, trying to load it as a class: stevedore.exception.NoMatches: No 'castellan.drivers' driver found, looking for 'cinder.keymgr.conf_key_mgr.ConfKeyManager'
Jul 23 03:26:33 ubuntu devstack@c-api.service[1910952]: WARNING cinder.keymgr.conf_key_mgr [None req-bbd73959-2911-4bb7-860f-5ee66054af14 None None] This key manager is insecure and is not recommended for production deployments: stevedore.exception.NoMatches: No 'castellan.drivers' driver found, looking for 'cinder.keymgr.conf_key_mgr.ConfKeyManager'
Jul 23 03:26:33 ubuntu devstack@c-api.service[1910952]: WARNING stevedore.named [None req-bbd73959-2911-4bb7-860f-5ee66054af14 None None] Could not load cinder.keymgr.conf_key_mgr.ConfKeyManager
Jul 23 03:26:33 ubuntu devstack@c-api.service[1910952]: WARNING castellan.key_manager [None req-bbd73959-2911-4bb7-860f-5ee66054af14 None None] Deprecation Warning : cinder.keymgr.conf_key_mgr.ConfKeyManager is not a stevedore based driver, trying to load it as a class: stevedore.exception.NoMatches: No 'castellan.drivers' driver found, looking for 'cinder.keymgr.conf_key_mgr.ConfKeyManager'
Jul 23 03:26:33 ubuntu devstack@c-api.service[1910953]: DEBUG oslo_db.sqlalchemy.engines [None req-aa0efabf-1f2d-443b-ae49-a47ee4b53722 None None] MySQL server mode set to STRICT_TRANS_TABLES,STRICT_ALL_TABLES,NO_ZERO_IN_DATE,NO_ZERO_DATE,ERROR_FOR_DIVISION_BY_ZERO,TRADITIONAL,NO_ENGINE_SUBSTITUTION {{(pid=1910953) _check_effective_sql_mode /opt/stack/data/venv/lib/python3.12/site-packages/oslo_db/sqlalchemy/engines.py:325}}
Jul 23 03:26:33 ubuntu devstack@c-api.service[1910953]: INFO cinder.rpc [None req-aa0efabf-1f2d-443b-ae49-a47ee4b53722 None None] Automatically selected cinder-backup objects version 1.39 as minimum service version.
Jul 23 03:26:33 ubuntu devstack@c-api.service[1910953]: INFO cinder.rpc [None req-aa0efabf-1f2d-443b-ae49-a47ee4b53722 None None] Automatically selected cinder-backup RPC version 2.4 as minimum service version.
Jul 23 03:26:33 ubuntu devstack@c-api.service[1910953]: WARNING stevedore.named [None req-aa0efabf-1f2d-443b-ae49-a47ee4b53722 None None] Could not load cinder.keymgr.conf_key_mgr.ConfKeyManager
Jul 23 03:26:33 ubuntu devstack@c-api.service[1910953]: WARNING castellan.key_manager [None req-aa0efabf-1f2d-443b-ae49-a47ee4b53722 None None] Deprecation Warning : cinder.keymgr.conf_key_mgr.ConfKeyManager is not a stevedore based driver, trying to load it as a class: stevedore.exception.NoMatches: No 'castellan.drivers' driver found, looking for 'cinder.keymgr.conf_key_mgr.ConfKeyManager'
Jul 23 03:26:33 ubuntu devstack@c-api.service[1910953]: WARNING stevedore.named [None req-aa0efabf-1f2d-443b-ae49-a47ee4b53722 None None] Could not load cinder.keymgr.conf_key_mgr.ConfKeyManager
Jul 23 03:26:33 ubuntu devstack@c-api.service[1910953]: WARNING castellan.key_manager [None req-aa0efabf-1f2d-443b-ae49-a47ee4b53722 None None] Deprecation Warning : cinder.keymgr.conf_key_mgr.ConfKeyManager is not a stevedore based driver, trying to load it as a class: stevedore.exception.NoMatches: No 'castellan.drivers' driver found, looking for 'cinder.keymgr.conf_key_mgr.ConfKeyManager'
Jul 23 03:26:33 ubuntu devstack@c-api.service[1910953]: WARNING stevedore.named [None req-aa0efabf-1f2d-443b-ae49-a47ee4b53722 None None] Could not load cinder.keymgr.conf_key_mgr.ConfKeyManager
Jul 23 03:26:33 ubuntu devstack@c-api.service[1910953]: WARNING castellan.key_manager [None req-aa0efabf-1f2d-443b-ae49-a47ee4b53722 None None] Deprecation Warning : cinder.keymgr.conf_key_mgr.ConfKeyManager is not a stevedore based driver, trying to load it as a class: stevedore.exception.NoMatches: No 'castellan.drivers' driver found, looking for 'cinder.keymgr.conf_key_mgr.ConfKeyManager'
Jul 23 03:26:33 ubuntu devstack@c-api.service[1910953]: WARNING stevedore.named [None req-aa0efabf-1f2d-443b-ae49-a47ee4b53722 None None] Could not load cinder.keymgr.conf_key_mgr.ConfKeyManager
Jul 23 03:26:33 ubuntu devstack@c-api.service[1910953]: WARNING castellan.key_manager [None req-aa0efabf-1f2d-443b-ae49-a47ee4b53722 None None] Deprecation Warning : cinder.keymgr.conf_key_mgr.ConfKeyManager is not a stevedore based driver, trying to load it as a class: stevedore.exception.NoMatches: No 'castellan.drivers' driver found, looking for 'cinder.keymgr.conf_key_mgr.ConfKeyManager'
Jul 23 03:26:33 ubuntu devstack@c-api.service[1910953]: WARNING stevedore.named [None req-aa0efabf-1f2d-443b-ae49-a47ee4b53722 None None] Could not load cinder.keymgr.conf_key_mgr.ConfKeyManager
Jul 23 03:26:33 ubuntu devstack@c-api.service[1910953]: WARNING castellan.key_manager [None req-aa0efabf-1f2d-443b-ae49-a47ee4b53722 None None] Deprecation Warning : cinder.keymgr.conf_key_mgr.ConfKeyManager is not a stevedore based driver, trying to load it as a class: stevedore.exception.NoMatches: No 'castellan.drivers' driver found, looking for 'cinder.keymgr.conf_key_mgr.ConfKeyManager'
Jul 23 03:26:33 ubuntu devstack@c-api.service[1910953]: WARNING stevedore.named [None req-aa0efabf-1f2d-443b-ae49-a47ee4b53722 None None] Could not load cinder.keymgr.conf_key_mgr.ConfKeyManager
Jul 23 03:26:33 ubuntu devstack@c-api.service[1910953]: WARNING castellan.key_manager [None req-aa0efabf-1f2d-443b-ae49-a47ee4b53722 None None] Deprecation Warning : cinder.keymgr.conf_key_mgr.ConfKeyManager is not a stevedore based driver, trying to load it as a class: stevedore.exception.NoMatches: No 'castellan.drivers' driver found, looking for 'cinder.keymgr.conf_key_mgr.ConfKeyManager'
Jul 23 03:26:33 ubuntu devstack@c-api.service[1910953]: WARNING stevedore.named [None req-aa0efabf-1f2d-443b-ae49-a47ee4b53722 None None] Could not load cinder.keymgr.conf_key_mgr.ConfKeyManager
Jul 23 03:26:33 ubuntu devstack@c-api.service[1910953]: WARNING castellan.key_manager [None req-aa0efabf-1f2d-443b-ae49-a47ee4b53722 None None] Deprecation Warning : cinder.keymgr.conf_key_mgr.ConfKeyManager is not a stevedore based driver, trying to load it as a class: stevedore.exception.NoMatches: No 'castellan.drivers' driver found, looking for 'cinder.keymgr.conf_key_mgr.ConfKeyManager'
Jul 23 03:26:33 ubuntu devstack@c-api.service[1910952]: DEBUG oslo_db.sqlalchemy.engines [None req-bbd73959-2911-4bb7-860f-5ee66054af14 None None] MySQL server mode set to STRICT_TRANS_TABLES,STRICT_ALL_TABLES,NO_ZERO_IN_DATE,NO_ZERO_DATE,ERROR_FOR_DIVISION_BY_ZERO,TRADITIONAL,NO_ENGINE_SUBSTITUTION {{(pid=1910952) _check_effective_sql_mode /opt/stack/data/venv/lib/python3.12/site-packages/oslo_db/sqlalchemy/engines.py:325}}
Jul 23 03:26:33 ubuntu devstack@c-api.service[1910953]: WARNING stevedore.named [None req-aa0efabf-1f2d-443b-ae49-a47ee4b53722 None None] Could not load cinder.keymgr.conf_key_mgr.ConfKeyManager
Jul 23 03:26:33 ubuntu devstack@c-api.service[1910953]: WARNING castellan.key_manager [None req-aa0efabf-1f2d-443b-ae49-a47ee4b53722 None None] Deprecation Warning : cinder.keymgr.conf_key_mgr.ConfKeyManager is not a stevedore based driver, trying to load it as a class: stevedore.exception.NoMatches: No 'castellan.drivers' driver found, looking for 'cinder.keymgr.conf_key_mgr.ConfKeyManager'
Jul 23 03:26:33 ubuntu devstack@c-api.service[1910952]: INFO cinder.rpc [None req-bbd73959-2911-4bb7-860f-5ee66054af14 None None] Automatically selected cinder-backup objects version 1.39 as minimum service version.
Jul 23 03:26:33 ubuntu devstack@c-api.service[1910953]: WARNING stevedore.named [None req-aa0efabf-1f2d-443b-ae49-a47ee4b53722 None None] Could not load cinder.keymgr.conf_key_mgr.ConfKeyManager
Jul 23 03:26:33 ubuntu devstack@c-api.service[1910953]: WARNING castellan.key_manager [None req-aa0efabf-1f2d-443b-ae49-a47ee4b53722 None None] Deprecation Warning : cinder.keymgr.conf_key_mgr.ConfKeyManager is not a stevedore based driver, trying to load it as a class: stevedore.exception.NoMatches: No 'castellan.drivers' driver found, looking for 'cinder.keymgr.conf_key_mgr.ConfKeyManager'
Jul 23 03:26:33 ubuntu devstack@c-api.service[1910952]: INFO cinder.rpc [None req-bbd73959-2911-4bb7-860f-5ee66054af14 None None] Automatically selected cinder-backup RPC version 2.4 as minimum service version.
Jul 23 03:26:33 ubuntu devstack@c-api.service[1910952]: WARNING stevedore.named [None req-bbd73959-2911-4bb7-860f-5ee66054af14 None None] Could not load cinder.keymgr.conf_key_mgr.ConfKeyManager
Jul 23 03:26:33 ubuntu devstack@c-api.service[1910952]: WARNING castellan.key_manager [None req-bbd73959-2911-4bb7-860f-5ee66054af14 None None] Deprecation Warning : cinder.keymgr.conf_key_mgr.ConfKeyManager is not a stevedore based driver, trying to load it as a class: stevedore.exception.NoMatches: No 'castellan.drivers' driver found, looking for 'cinder.keymgr.conf_key_mgr.ConfKeyManager'
Jul 23 03:26:33 ubuntu devstack@c-api.service[1910953]: WARNING stevedore.named [None req-aa0efabf-1f2d-443b-ae49-a47ee4b53722 None None] Could not load cinder.keymgr.conf_key_mgr.ConfKeyManager
Jul 23 03:26:33 ubuntu devstack@c-api.service[1910953]: WARNING castellan.key_manager [None req-aa0efabf-1f2d-443b-ae49-a47ee4b53722 None None] Deprecation Warning : cinder.keymgr.conf_key_mgr.ConfKeyManager is not a stevedore based driver, trying to load it as a class: stevedore.exception.NoMatches: No 'castellan.drivers' driver found, looking for 'cinder.keymgr.conf_key_mgr.ConfKeyManager'
Jul 23 03:26:33 ubuntu devstack@c-api.service[1910953]: WARNING stevedore.named [None req-aa0efabf-1f2d-443b-ae49-a47ee4b53722 None None] Could not load cinder.keymgr.conf_key_mgr.ConfKeyManager
Jul 23 03:26:33 ubuntu devstack@c-api.service[1910953]: WARNING castellan.key_manager [None req-aa0efabf-1f2d-443b-ae49-a47ee4b53722 None None] Deprecation Warning : cinder.keymgr.conf_key_mgr.ConfKeyManager is not a stevedore based driver, trying to load it as a class: stevedore.exception.NoMatches: No 'castellan.drivers' driver found, looking for 'cinder.keymgr.conf_key_mgr.ConfKeyManager'
Jul 23 03:26:33 ubuntu devstack@c-api.service[1910953]: WARNING stevedore.named [None req-aa0efabf-1f2d-443b-ae49-a47ee4b53722 None None] Could not load cinder.keymgr.conf_key_mgr.ConfKeyManager
Jul 23 03:26:33 ubuntu devstack@c-api.service[1910953]: WARNING castellan.key_manager [None req-aa0efabf-1f2d-443b-ae49-a47ee4b53722 None None] Deprecation Warning : cinder.keymgr.conf_key_mgr.ConfKeyManager is not a stevedore based driver, trying to load it as a class: stevedore.exception.NoMatches: No 'castellan.drivers' driver found, looking for 'cinder.keymgr.conf_key_mgr.ConfKeyManager'
Jul 23 03:26:33 ubuntu devstack@c-api.service[1910953]: WARNING stevedore.named [None req-aa0efabf-1f2d-443b-ae49-a47ee4b53722 None None] Could not load cinder.keymgr.conf_key_mgr.ConfKeyManager
Jul 23 03:26:33 ubuntu devstack@c-api.service[1910953]: WARNING castellan.key_manager [None req-aa0efabf-1f2d-443b-ae49-a47ee4b53722 None None] Deprecation Warning : cinder.keymgr.conf_key_mgr.ConfKeyManager is not a stevedore based driver, trying to load it as a class: stevedore.exception.NoMatches: No 'castellan.drivers' driver found, looking for 'cinder.keymgr.conf_key_mgr.ConfKeyManager'
Jul 23 03:26:33 ubuntu devstack@c-api.service[1910953]: WARNING stevedore.named [None req-aa0efabf-1f2d-443b-ae49-a47ee4b53722 None None] Could not load cinder.keymgr.conf_key_mgr.ConfKeyManager
Jul 23 03:26:33 ubuntu devstack@c-api.service[1910952]: WARNING stevedore.named [None req-bbd73959-2911-4bb7-860f-5ee66054af14 None None] Could not load cinder.keymgr.conf_key_mgr.ConfKeyManager
Jul 23 03:26:33 ubuntu devstack@c-api.service[1910953]: WARNING castellan.key_manager [None req-aa0efabf-1f2d-443b-ae49-a47ee4b53722 None None] Deprecation Warning : cinder.keymgr.conf_key_mgr.ConfKeyManager is not a stevedore based driver, trying to load it as a class: stevedore.exception.NoMatches: No 'castellan.drivers' driver found, looking for 'cinder.keymgr.conf_key_mgr.ConfKeyManager'
Jul 23 03:26:33 ubuntu devstack@c-api.service[1910952]: WARNING castellan.key_manager [None req-bbd73959-2911-4bb7-860f-5ee66054af14 None None] Deprecation Warning : cinder.keymgr.conf_key_mgr.ConfKeyManager is not a stevedore based driver, trying to load it as a class: stevedore.exception.NoMatches: No 'castellan.drivers' driver found, looking for 'cinder.keymgr.conf_key_mgr.ConfKeyManager'
Jul 23 03:26:33 ubuntu devstack@c-api.service[1910953]: WARNING stevedore.named [None req-aa0efabf-1f2d-443b-ae49-a47ee4b53722 None None] Could not load cinder.keymgr.conf_key_mgr.ConfKeyManager
Jul 23 03:26:33 ubuntu devstack@c-api.service[1910953]: WARNING castellan.key_manager [None req-aa0efabf-1f2d-443b-ae49-a47ee4b53722 None None] Deprecation Warning : cinder.keymgr.conf_key_mgr.ConfKeyManager is not a stevedore based driver, trying to load it as a class: stevedore.exception.NoMatches: No 'castellan.drivers' driver found, looking for 'cinder.keymgr.conf_key_mgr.ConfKeyManager'
Jul 23 03:26:33 ubuntu devstack@c-api.service[1910952]: WARNING stevedore.named [None req-bbd73959-2911-4bb7-860f-5ee66054af14 None None] Could not load cinder.keymgr.conf_key_mgr.ConfKeyManager
Jul 23 03:26:33 ubuntu devstack@c-api.service[1910953]: WARNING stevedore.named [None req-aa0efabf-1f2d-443b-ae49-a47ee4b53722 None None] Could not load cinder.keymgr.conf_key_mgr.ConfKeyManager
Jul 23 03:26:33 ubuntu devstack@c-api.service[1910952]: WARNING castellan.key_manager [None req-bbd73959-2911-4bb7-860f-5ee66054af14 None None] Deprecation Warning : cinder.keymgr.conf_key_mgr.ConfKeyManager is not a stevedore based driver, trying to load it as a class: stevedore.exception.NoMatches: No 'castellan.drivers' driver found, looking for 'cinder.keymgr.conf_key_mgr.ConfKeyManager'
Jul 23 03:26:33 ubuntu devstack@c-api.service[1910953]: WARNING castellan.key_manager [None req-aa0efabf-1f2d-443b-ae49-a47ee4b53722 None None] Deprecation Warning : cinder.keymgr.conf_key_mgr.ConfKeyManager is not a stevedore based driver, trying to load it as a class: stevedore.exception.NoMatches: No 'castellan.drivers' driver found, looking for 'cinder.keymgr.conf_key_mgr.ConfKeyManager'
Jul 23 03:26:33 ubuntu devstack@c-api.service[1910953]: WARNING stevedore.named [None req-aa0efabf-1f2d-443b-ae49-a47ee4b53722 None None] Could not load cinder.keymgr.conf_key_mgr.ConfKeyManager
Jul 23 03:26:33 ubuntu devstack@c-api.service[1910953]: WARNING castellan.key_manager [None req-aa0efabf-1f2d-443b-ae49-a47ee4b53722 None None] Deprecation Warning : cinder.keymgr.conf_key_mgr.ConfKeyManager is not a stevedore based driver, trying to load it as a class: stevedore.exception.NoMatches: No 'castellan.drivers' driver found, looking for 'cinder.keymgr.conf_key_mgr.ConfKeyManager'
Jul 23 03:26:33 ubuntu devstack@c-api.service[1910953]: WARNING stevedore.named [None req-aa0efabf-1f2d-443b-ae49-a47ee4b53722 None None] Could not load cinder.keymgr.conf_key_mgr.ConfKeyManager
Jul 23 03:26:33 ubuntu devstack@c-api.service[1910953]: WARNING castellan.key_manager [None req-aa0efabf-1f2d-443b-ae49-a47ee4b53722 None None] Deprecation Warning : cinder.keymgr.conf_key_mgr.ConfKeyManager is not a stevedore based driver, trying to load it as a class: stevedore.exception.NoMatches: No 'castellan.drivers' driver found, looking for 'cinder.keymgr.conf_key_mgr.ConfKeyManager'
Jul 23 03:26:33 ubuntu devstack@c-api.service[1910952]: WARNING stevedore.named [None req-bbd73959-2911-4bb7-860f-5ee66054af14 None None] Could not load cinder.keymgr.conf_key_mgr.ConfKeyManager
Jul 23 03:26:33 ubuntu devstack@c-api.service[1910952]: WARNING castellan.key_manager [None req-bbd73959-2911-4bb7-860f-5ee66054af14 None None] Deprecation Warning : cinder.keymgr.conf_key_mgr.ConfKeyManager is not a stevedore based driver, trying to load it as a class: stevedore.exception.NoMatches: No 'castellan.drivers' driver found, looking for 'cinder.keymgr.conf_key_mgr.ConfKeyManager'
Jul 23 03:26:33 ubuntu devstack@c-api.service[1910953]: WARNING stevedore.named [None req-aa0efabf-1f2d-443b-ae49-a47ee4b53722 None None] Could not load cinder.keymgr.conf_key_mgr.ConfKeyManager
Jul 23 03:26:33 ubuntu devstack@c-api.service[1910953]: WARNING castellan.key_manager [None req-aa0efabf-1f2d-443b-ae49-a47ee4b53722 None None] Deprecation Warning : cinder.keymgr.conf_key_mgr.ConfKeyManager is not a stevedore based driver, trying to load it as a class: stevedore.exception.NoMatches: No 'castellan.drivers' driver found, looking for 'cinder.keymgr.conf_key_mgr.ConfKeyManager'
Jul 23 03:26:33 ubuntu devstack@c-api.service[1910953]: WARNING stevedore.named [None req-aa0efabf-1f2d-443b-ae49-a47ee4b53722 None None] Could not load cinder.keymgr.conf_key_mgr.ConfKeyManager
Jul 23 03:26:33 ubuntu devstack@c-api.service[1910953]: WARNING castellan.key_manager [None req-aa0efabf-1f2d-443b-ae49-a47ee4b53722 None None] Deprecation Warning : cinder.keymgr.conf_key_mgr.ConfKeyManager is not a stevedore based driver, trying to load it as a class: stevedore.exception.NoMatches: No 'castellan.drivers' driver found, looking for 'cinder.keymgr.conf_key_mgr.ConfKeyManager'
Jul 23 03:26:33 ubuntu devstack@c-api.service[1910953]: WARNING cinder.api.contrib.hosts [None req-aa0efabf-1f2d-443b-ae49-a47ee4b53722 None None] Deprecated: The Host API is deprecated and will be be removed in a future version.
Jul 23 03:26:33 ubuntu devstack@c-api.service[1910953]: WARNING stevedore.named [None req-aa0efabf-1f2d-443b-ae49-a47ee4b53722 None None] Could not load cinder.keymgr.conf_key_mgr.ConfKeyManager
Jul 23 03:26:33 ubuntu devstack@c-api.service[1910953]: WARNING castellan.key_manager [None req-aa0efabf-1f2d-443b-ae49-a47ee4b53722 None None] Deprecation Warning : cinder.keymgr.conf_key_mgr.ConfKeyManager is not a stevedore based driver, trying to load it as a class: stevedore.exception.NoMatches: No 'castellan.drivers' driver found, looking for 'cinder.keymgr.conf_key_mgr.ConfKeyManager'
Jul 23 03:26:33 ubuntu devstack@c-api.service[1910952]: WARNING stevedore.named [None req-bbd73959-2911-4bb7-860f-5ee66054af14 None None] Could not load cinder.keymgr.conf_key_mgr.ConfKeyManager
Jul 23 03:26:33 ubuntu devstack@c-api.service[1910952]: WARNING castellan.key_manager [None req-bbd73959-2911-4bb7-860f-5ee66054af14 None None] Deprecation Warning : cinder.keymgr.conf_key_mgr.ConfKeyManager is not a stevedore based driver, trying to load it as a class: stevedore.exception.NoMatches: No 'castellan.drivers' driver found, looking for 'cinder.keymgr.conf_key_mgr.ConfKeyManager'
Jul 23 03:26:33 ubuntu devstack@c-api.service[1910953]: WARNING stevedore.named [None req-aa0efabf-1f2d-443b-ae49-a47ee4b53722 None None] Could not load cinder.keymgr.conf_key_mgr.ConfKeyManager
Jul 23 03:26:33 ubuntu devstack@c-api.service[1910953]: WARNING castellan.key_manager [None req-aa0efabf-1f2d-443b-ae49-a47ee4b53722 None None] Deprecation Warning : cinder.keymgr.conf_key_mgr.ConfKeyManager is not a stevedore based driver, trying to load it as a class: stevedore.exception.NoMatches: No 'castellan.drivers' driver found, looking for 'cinder.keymgr.conf_key_mgr.ConfKeyManager'
Jul 23 03:26:33 ubuntu devstack@c-api.service[1910953]: DEBUG cinder.api.v3.router [None req-aa0efabf-1f2d-443b-ae49-a47ee4b53722 None None] Extended resource: extensions {{(pid=1910953) _setup_ext_routes /opt/stack/cinder/cinder/api/v3/router.py:122}}
Jul 23 03:26:33 ubuntu devstack@c-api.service[1910952]: WARNING stevedore.named [None req-bbd73959-2911-4bb7-860f-5ee66054af14 None None] Could not load cinder.keymgr.conf_key_mgr.ConfKeyManager
Jul 23 03:26:33 ubuntu devstack@c-api.service[1910952]: WARNING castellan.key_manager [None req-bbd73959-2911-4bb7-860f-5ee66054af14 None None] Deprecation Warning : cinder.keymgr.conf_key_mgr.ConfKeyManager is not a stevedore based driver, trying to load it as a class: stevedore.exception.NoMatches: No 'castellan.drivers' driver found, looking for 'cinder.keymgr.conf_key_mgr.ConfKeyManager'
Jul 23 03:26:33 ubuntu devstack@c-api.service[1910953]: DEBUG cinder.api.v3.router [None req-aa0efabf-1f2d-443b-ae49-a47ee4b53722 None None] Extended resource: cgsnapshots {{(pid=1910953) _setup_ext_routes /opt/stack/cinder/cinder/api/v3/router.py:122}}
Jul 23 03:26:33 ubuntu devstack@c-api.service[1910953]: DEBUG cinder.api.v3.router [None req-aa0efabf-1f2d-443b-ae49-a47ee4b53722 None None] Extended resource: os-quota-class-sets {{(pid=1910953) _setup_ext_routes /opt/stack/cinder/cinder/api/v3/router.py:122}}
Jul 23 03:26:33 ubuntu devstack@c-api.service[1910952]: WARNING stevedore.named [None req-bbd73959-2911-4bb7-860f-5ee66054af14 None None] Could not load cinder.keymgr.conf_key_mgr.ConfKeyManager
Jul 23 03:26:33 ubuntu devstack@c-api.service[1910952]: WARNING castellan.key_manager [None req-bbd73959-2911-4bb7-860f-5ee66054af14 None None] Deprecation Warning : cinder.keymgr.conf_key_mgr.ConfKeyManager is not a stevedore based driver, trying to load it as a class: stevedore.exception.NoMatches: No 'castellan.drivers' driver found, looking for 'cinder.keymgr.conf_key_mgr.ConfKeyManager'
Jul 23 03:26:33 ubuntu devstack@c-api.service[1910953]: DEBUG cinder.api.v3.router [None req-aa0efabf-1f2d-443b-ae49-a47ee4b53722 None None] Extended resource: encryption {{(pid=1910953) _setup_ext_routes /opt/stack/cinder/cinder/api/v3/router.py:122}}
Jul 23 03:26:33 ubuntu devstack@c-api.service[1910953]: DEBUG cinder.api.v3.router [None req-aa0efabf-1f2d-443b-ae49-a47ee4b53722 None None] Extended resource: capabilities {{(pid=1910953) _setup_ext_routes /opt/stack/cinder/cinder/api/v3/router.py:122}}
Jul 23 03:26:33 ubuntu devstack@c-api.service[1910952]: WARNING stevedore.named [None req-bbd73959-2911-4bb7-860f-5ee66054af14 None None] Could not load cinder.keymgr.conf_key_mgr.ConfKeyManager
Jul 23 03:26:33 ubuntu devstack@c-api.service[1910952]: WARNING castellan.key_manager [None req-bbd73959-2911-4bb7-860f-5ee66054af14 None None] Deprecation Warning : cinder.keymgr.conf_key_mgr.ConfKeyManager is not a stevedore based driver, trying to load it as a class: stevedore.exception.NoMatches: No 'castellan.drivers' driver found, looking for 'cinder.keymgr.conf_key_mgr.ConfKeyManager'
Jul 23 03:26:33 ubuntu devstack@c-api.service[1910953]: DEBUG cinder.api.v3.router [None req-aa0efabf-1f2d-443b-ae49-a47ee4b53722 None None] Extended resource: backups {{(pid=1910953) _setup_ext_routes /opt/stack/cinder/cinder/api/v3/router.py:122}}
Jul 23 03:26:33 ubuntu devstack@c-api.service[1910953]: DEBUG cinder.api.v3.router [None req-aa0efabf-1f2d-443b-ae49-a47ee4b53722 None None] Extended resource: qos-specs {{(pid=1910953) _setup_ext_routes /opt/stack/cinder/cinder/api/v3/router.py:122}}
Jul 23 03:26:33 ubuntu devstack@c-api.service[1910952]: WARNING stevedore.named [None req-bbd73959-2911-4bb7-860f-5ee66054af14 None None] Could not load cinder.keymgr.conf_key_mgr.ConfKeyManager
Jul 23 03:26:33 ubuntu devstack@c-api.service[1910952]: WARNING castellan.key_manager [None req-bbd73959-2911-4bb7-860f-5ee66054af14 None None] Deprecation Warning : cinder.keymgr.conf_key_mgr.ConfKeyManager is not a stevedore based driver, trying to load it as a class: stevedore.exception.NoMatches: No 'castellan.drivers' driver found, looking for 'cinder.keymgr.conf_key_mgr.ConfKeyManager'
Jul 23 03:26:33 ubuntu devstack@c-api.service[1910953]: DEBUG cinder.api.v3.router [None req-aa0efabf-1f2d-443b-ae49-a47ee4b53722 None None] Extended resource: scheduler-stats {{(pid=1910953) _setup_ext_routes /opt/stack/cinder/cinder/api/v3/router.py:122}}
Jul 23 03:26:33 ubuntu devstack@c-api.service[1910952]: WARNING stevedore.named [None req-bbd73959-2911-4bb7-860f-5ee66054af14 None None] Could not load cinder.keymgr.conf_key_mgr.ConfKeyManager
Jul 23 03:26:33 ubuntu devstack@c-api.service[1910952]: WARNING castellan.key_manager [None req-bbd73959-2911-4bb7-860f-5ee66054af14 None None] Deprecation Warning : cinder.keymgr.conf_key_mgr.ConfKeyManager is not a stevedore based driver, trying to load it as a class: stevedore.exception.NoMatches: No 'castellan.drivers' driver found, looking for 'cinder.keymgr.conf_key_mgr.ConfKeyManager'
Jul 23 03:26:33 ubuntu devstack@c-api.service[1910953]: DEBUG cinder.api.v3.router [None req-aa0efabf-1f2d-443b-ae49-a47ee4b53722 None None] Extended resource: os-availability-zone {{(pid=1910953) _setup_ext_routes /opt/stack/cinder/cinder/api/v3/router.py:122}}
Jul 23 03:26:33 ubuntu devstack@c-api.service[1910952]: WARNING stevedore.named [None req-bbd73959-2911-4bb7-860f-5ee66054af14 None None] Could not load cinder.keymgr.conf_key_mgr.ConfKeyManager
Jul 23 03:26:33 ubuntu devstack@c-api.service[1910952]: WARNING castellan.key_manager [None req-bbd73959-2911-4bb7-860f-5ee66054af14 None None] Deprecation Warning : cinder.keymgr.conf_key_mgr.ConfKeyManager is not a stevedore based driver, trying to load it as a class: stevedore.exception.NoMatches: No 'castellan.drivers' driver found, looking for 'cinder.keymgr.conf_key_mgr.ConfKeyManager'
Jul 23 03:26:33 ubuntu devstack@c-api.service[1910953]: DEBUG cinder.api.v3.router [None req-aa0efabf-1f2d-443b-ae49-a47ee4b53722 None None] Extended resource: extra_specs {{(pid=1910953) _setup_ext_routes /opt/stack/cinder/cinder/api/v3/router.py:122}}
Jul 23 03:26:33 ubuntu devstack@c-api.service[1910953]: DEBUG cinder.api.v3.router [None req-aa0efabf-1f2d-443b-ae49-a47ee4b53722 None None] Extended resource: os-snapshot-manage {{(pid=1910953) _setup_ext_routes /opt/stack/cinder/cinder/api/v3/router.py:122}}
Jul 23 03:26:33 ubuntu devstack@c-api.service[1910952]: WARNING stevedore.named [None req-bbd73959-2911-4bb7-860f-5ee66054af14 None None] Could not load cinder.keymgr.conf_key_mgr.ConfKeyManager
Jul 23 03:26:33 ubuntu devstack@c-api.service[1910952]: WARNING castellan.key_manager [None req-bbd73959-2911-4bb7-860f-5ee66054af14 None None] Deprecation Warning : cinder.keymgr.conf_key_mgr.ConfKeyManager is not a stevedore based driver, trying to load it as a class: stevedore.exception.NoMatches: No 'castellan.drivers' driver found, looking for 'cinder.keymgr.conf_key_mgr.ConfKeyManager'
Jul 23 03:26:33 ubuntu devstack@c-api.service[1910953]: DEBUG cinder.api.v3.router [None req-aa0efabf-1f2d-443b-ae49-a47ee4b53722 None None] Extended resource: consistencygroups {{(pid=1910953) _setup_ext_routes /opt/stack/cinder/cinder/api/v3/router.py:122}}
Jul 23 03:26:33 ubuntu devstack@c-api.service[1910953]: DEBUG cinder.api.v3.router [None req-aa0efabf-1f2d-443b-ae49-a47ee4b53722 None None] Extended resource: os-hosts {{(pid=1910953) _setup_ext_routes /opt/stack/cinder/cinder/api/v3/router.py:122}}
Jul 23 03:26:33 ubuntu devstack@c-api.service[1910953]: DEBUG cinder.api.v3.router [None req-aa0efabf-1f2d-443b-ae49-a47ee4b53722 None None] Extended resource: os-volume-manage {{(pid=1910953) _setup_ext_routes /opt/stack/cinder/cinder/api/v3/router.py:122}}
Jul 23 03:26:33 ubuntu devstack@c-api.service[1910952]: WARNING stevedore.named [None req-bbd73959-2911-4bb7-860f-5ee66054af14 None None] Could not load cinder.keymgr.conf_key_mgr.ConfKeyManager
Jul 23 03:26:33 ubuntu devstack@c-api.service[1910952]: WARNING castellan.key_manager [None req-bbd73959-2911-4bb7-860f-5ee66054af14 None None] Deprecation Warning : cinder.keymgr.conf_key_mgr.ConfKeyManager is not a stevedore based driver, trying to load it as a class: stevedore.exception.NoMatches: No 'castellan.drivers' driver found, looking for 'cinder.keymgr.conf_key_mgr.ConfKeyManager'
Jul 23 03:26:33 ubuntu devstack@c-api.service[1910953]: DEBUG cinder.api.v3.router [None req-aa0efabf-1f2d-443b-ae49-a47ee4b53722 None None] Extended resource: os-volume-type-access {{(pid=1910953) _setup_ext_routes /opt/stack/cinder/cinder/api/v3/router.py:122}}
Jul 23 03:26:33 ubuntu devstack@c-api.service[1910953]: DEBUG cinder.api.v3.router [None req-aa0efabf-1f2d-443b-ae49-a47ee4b53722 None None] Extended resource: os-quota-sets {{(pid=1910953) _setup_ext_routes /opt/stack/cinder/cinder/api/v3/router.py:122}}
Jul 23 03:26:33 ubuntu devstack@c-api.service[1910953]: DEBUG cinder.api.v3.router [None req-aa0efabf-1f2d-443b-ae49-a47ee4b53722 None None] Extended resource: os-volume-transfer {{(pid=1910953) _setup_ext_routes /opt/stack/cinder/cinder/api/v3/router.py:122}}
Jul 23 03:26:33 ubuntu devstack@c-api.service[1910952]: WARNING stevedore.named [None req-bbd73959-2911-4bb7-860f-5ee66054af14 None None] Could not load cinder.keymgr.conf_key_mgr.ConfKeyManager
Jul 23 03:26:33 ubuntu devstack@c-api.service[1910952]: WARNING castellan.key_manager [None req-bbd73959-2911-4bb7-860f-5ee66054af14 None None] Deprecation Warning : cinder.keymgr.conf_key_mgr.ConfKeyManager is not a stevedore based driver, trying to load it as a class: stevedore.exception.NoMatches: No 'castellan.drivers' driver found, looking for 'cinder.keymgr.conf_key_mgr.ConfKeyManager'
Jul 23 03:26:33 ubuntu devstack@c-api.service[1910953]: DEBUG cinder.api.v3.router [None req-aa0efabf-1f2d-443b-ae49-a47ee4b53722 None None] Extended resource: encryption {{(pid=1910953) _setup_ext_routes /opt/stack/cinder/cinder/api/v3/router.py:122}}
Jul 23 03:26:33 ubuntu devstack@c-api.service[1910952]: WARNING stevedore.named [None req-bbd73959-2911-4bb7-860f-5ee66054af14 None None] Could not load cinder.keymgr.conf_key_mgr.ConfKeyManager
Jul 23 03:26:33 ubuntu devstack@c-api.service[1910952]: WARNING castellan.key_manager [None req-bbd73959-2911-4bb7-860f-5ee66054af14 None None] Deprecation Warning : cinder.keymgr.conf_key_mgr.ConfKeyManager is not a stevedore based driver, trying to load it as a class: stevedore.exception.NoMatches: No 'castellan.drivers' driver found, looking for 'cinder.keymgr.conf_key_mgr.ConfKeyManager'
Jul 23 03:26:33 ubuntu devstack@c-api.service[1910953]: WARNING stevedore.named [None req-aa0efabf-1f2d-443b-ae49-a47ee4b53722 None None] Could not load cinder.keymgr.conf_key_mgr.ConfKeyManager
Jul 23 03:26:33 ubuntu devstack@c-api.service[1910952]: WARNING stevedore.named [None req-bbd73959-2911-4bb7-860f-5ee66054af14 None None] Could not load cinder.keymgr.conf_key_mgr.ConfKeyManager
Jul 23 03:26:33 ubuntu devstack@c-api.service[1910953]: WARNING castellan.key_manager [None req-aa0efabf-1f2d-443b-ae49-a47ee4b53722 None None] Deprecation Warning : cinder.keymgr.conf_key_mgr.ConfKeyManager is not a stevedore based driver, trying to load it as a class: stevedore.exception.NoMatches: No 'castellan.drivers' driver found, looking for 'cinder.keymgr.conf_key_mgr.ConfKeyManager'
Jul 23 03:26:33 ubuntu devstack@c-api.service[1910952]: WARNING castellan.key_manager [None req-bbd73959-2911-4bb7-860f-5ee66054af14 None None] Deprecation Warning : cinder.keymgr.conf_key_mgr.ConfKeyManager is not a stevedore based driver, trying to load it as a class: stevedore.exception.NoMatches: No 'castellan.drivers' driver found, looking for 'cinder.keymgr.conf_key_mgr.ConfKeyManager'
Jul 23 03:26:33 ubuntu devstack@c-api.service[1910953]: WARNING stevedore.named [None req-aa0efabf-1f2d-443b-ae49-a47ee4b53722 None None] Could not load cinder.keymgr.conf_key_mgr.ConfKeyManager
Jul 23 03:26:33 ubuntu devstack@c-api.service[1910952]: WARNING stevedore.named [None req-bbd73959-2911-4bb7-860f-5ee66054af14 None None] Could not load cinder.keymgr.conf_key_mgr.ConfKeyManager
Jul 23 03:26:33 ubuntu devstack@c-api.service[1910953]: WARNING castellan.key_manager [None req-aa0efabf-1f2d-443b-ae49-a47ee4b53722 None None] Deprecation Warning : cinder.keymgr.conf_key_mgr.ConfKeyManager is not a stevedore based driver, trying to load it as a class: stevedore.exception.NoMatches: No 'castellan.drivers' driver found, looking for 'cinder.keymgr.conf_key_mgr.ConfKeyManager'
Jul 23 03:26:33 ubuntu devstack@c-api.service[1910952]: WARNING castellan.key_manager [None req-bbd73959-2911-4bb7-860f-5ee66054af14 None None] Deprecation Warning : cinder.keymgr.conf_key_mgr.ConfKeyManager is not a stevedore based driver, trying to load it as a class: stevedore.exception.NoMatches: No 'castellan.drivers' driver found, looking for 'cinder.keymgr.conf_key_mgr.ConfKeyManager'
Jul 23 03:26:33 ubuntu devstack@c-api.service[1910952]: WARNING stevedore.named [None req-bbd73959-2911-4bb7-860f-5ee66054af14 None None] Could not load cinder.keymgr.conf_key_mgr.ConfKeyManager
Jul 23 03:26:33 ubuntu devstack@c-api.service[1910952]: WARNING castellan.key_manager [None req-bbd73959-2911-4bb7-860f-5ee66054af14 None None] Deprecation Warning : cinder.keymgr.conf_key_mgr.ConfKeyManager is not a stevedore based driver, trying to load it as a class: stevedore.exception.NoMatches: No 'castellan.drivers' driver found, looking for 'cinder.keymgr.conf_key_mgr.ConfKeyManager'
Jul 23 03:26:33 ubuntu devstack@c-api.service[1910953]: WARNING stevedore.named [None req-aa0efabf-1f2d-443b-ae49-a47ee4b53722 None None] Could not load cinder.keymgr.conf_key_mgr.ConfKeyManager
Jul 23 03:26:33 ubuntu devstack@c-api.service[1910953]: WARNING castellan.key_manager [None req-aa0efabf-1f2d-443b-ae49-a47ee4b53722 None None] Deprecation Warning : cinder.keymgr.conf_key_mgr.ConfKeyManager is not a stevedore based driver, trying to load it as a class: stevedore.exception.NoMatches: No 'castellan.drivers' driver found, looking for 'cinder.keymgr.conf_key_mgr.ConfKeyManager'
