Jul 24 13:41:50 ubuntu devstack@c-api.service[3183852]: DEBUG cinder.api.extensions [-] Ext updated: 2014-06-26T00:00:00Z {{(pid=3183852) _check_extension /opt/stack/cinder/cinder/api/extensions.py:178}}
Jul 24 13:41:50 ubuntu devstack@c-api.service[3183852]: DEBUG cinder.api.extensions [-] Loaded extension: os-volume-type-access {{(pid=3183852) register /opt/stack/cinder/cinder/api/extensions.py:135}}
Jul 24 13:41:50 ubuntu devstack@c-api.service[3183852]: DEBUG cinder.api.extensions [-] Loading extension cinder.api.contrib.quotas.Quotas {{(pid=3183852) load_extension /opt/stack/cinder/cinder/api/extensions.py:194}}
Jul 24 13:41:50 ubuntu devstack@c-api.service[3183852]: DEBUG cinder.api.extensions [-] Calling extension factory cinder.api.contrib.quotas.Quotas {{(pid=3183852) load_extension /opt/stack/cinder/cinder/api/extensions.py:200}}
Jul 24 13:41:50 ubuntu devstack@c-api.service[3183852]: DEBUG cinder.api.extensions [-] Ext name: Quotas {{(pid=3183852) _check_extension /opt/stack/cinder/cinder/api/extensions.py:174}}
Jul 24 13:41:50 ubuntu devstack@c-api.service[3183852]: DEBUG cinder.api.extensions [-] Ext alias: os-quota-sets {{(pid=3183852) _check_extension /opt/stack/cinder/cinder/api/extensions.py:175}}
Jul 24 13:41:50 ubuntu devstack@c-api.service[3183852]: DEBUG cinder.api.extensions [-] Ext description: Quota management support. {{(pid=3183852) _check_extension /opt/stack/cinder/cinder/api/extensions.py:176}}
Jul 24 13:41:50 ubuntu devstack@c-api.service[3183852]: DEBUG cinder.api.extensions [-] Ext updated: 2011-08-08T00:00:00+00:00 {{(pid=3183852) _check_extension /opt/stack/cinder/cinder/api/extensions.py:178}}
Jul 24 13:41:50 ubuntu devstack@c-api.service[3183852]: DEBUG cinder.api.extensions [-] Loaded extension: os-quota-sets {{(pid=3183852) register /opt/stack/cinder/cinder/api/extensions.py:135}}
Jul 24 13:41:50 ubuntu devstack@c-api.service[3183851]: DEBUG cinder.api.extensions [-] Calling extension factory cinder.api.contrib.volume_image_metadata.Volume_image_metadata {{(pid=3183851) load_extension /opt/stack/cinder/cinder/api/extensions.py:200}}
Jul 24 13:41:50 ubuntu devstack@c-api.service[3183851]: DEBUG cinder.api.extensions [-] Ext name: VolumeImageMetadata {{(pid=3183851) _check_extension /opt/stack/cinder/cinder/api/extensions.py:174}}
Jul 24 13:41:50 ubuntu devstack@c-api.service[3183852]: DEBUG cinder.api.extensions [-] Loading extension cinder.api.contrib.volume_transfer.Volume_transfer {{(pid=3183852) load_extension /opt/stack/cinder/cinder/api/extensions.py:194}}
Jul 24 13:41:50 ubuntu devstack@c-api.service[3183851]: DEBUG cinder.api.extensions [-] Ext alias: os-vol-image-meta {{(pid=3183851) _check_extension /opt/stack/cinder/cinder/api/extensions.py:175}}
Jul 24 13:41:50 ubuntu devstack@c-api.service[3183851]: DEBUG cinder.api.extensions [-] Ext description: Show image metadata associated with the volume. {{(pid=3183851) _check_extension /opt/stack/cinder/cinder/api/extensions.py:176}}
Jul 24 13:41:50 ubuntu devstack@c-api.service[3183852]: DEBUG cinder.api.extensions [-] Calling extension factory cinder.api.contrib.volume_transfer.Volume_transfer {{(pid=3183852) load_extension /opt/stack/cinder/cinder/api/extensions.py:200}}
Jul 24 13:41:50 ubuntu devstack@c-api.service[3183851]: DEBUG cinder.api.extensions [-] Ext updated: 2012-12-07T00:00:00+00:00 {{(pid=3183851) _check_extension /opt/stack/cinder/cinder/api/extensions.py:178}}
Jul 24 13:41:50 ubuntu devstack@c-api.service[3183852]: DEBUG cinder.api.extensions [-] Ext name: VolumeTransfer {{(pid=3183852) _check_extension /opt/stack/cinder/cinder/api/extensions.py:174}}
Jul 24 13:41:50 ubuntu devstack@c-api.service[3183851]: DEBUG cinder.api.extensions [-] Loaded extension: os-vol-image-meta {{(pid=3183851) register /opt/stack/cinder/cinder/api/extensions.py:135}}
Jul 24 13:41:50 ubuntu devstack@c-api.service[3183852]: DEBUG cinder.api.extensions [-] Ext alias: os-volume-transfer {{(pid=3183852) _check_extension /opt/stack/cinder/cinder/api/extensions.py:175}}
Jul 24 13:41:50 ubuntu devstack@c-api.service[3183852]: DEBUG cinder.api.extensions [-] Ext description: Volume transfer management support. {{(pid=3183852) _check_extension /opt/stack/cinder/cinder/api/extensions.py:176}}
Jul 24 13:41:50 ubuntu devstack@c-api.service[3183852]: DEBUG cinder.api.extensions [-] Ext updated: 2013-05-29T00:00:00+00:00 {{(pid=3183852) _check_extension /opt/stack/cinder/cinder/api/extensions.py:178}}
Jul 24 13:41:50 ubuntu devstack@c-api.service[3183852]: DEBUG cinder.api.extensions [-] Loaded extension: os-volume-transfer {{(pid=3183852) register /opt/stack/cinder/cinder/api/extensions.py:135}}
Jul 24 13:41:50 ubuntu devstack@c-api.service[3183852]: DEBUG cinder.api.extensions [-] Loading extension cinder.api.contrib.volume_type_encryption.Volume_type_encryption {{(pid=3183852) load_extension /opt/stack/cinder/cinder/api/extensions.py:194}}
Jul 24 13:41:50 ubuntu devstack@c-api.service[3183852]: DEBUG cinder.api.extensions [-] Calling extension factory cinder.api.contrib.volume_type_encryption.Volume_type_encryption {{(pid=3183852) load_extension /opt/stack/cinder/cinder/api/extensions.py:200}}
Jul 24 13:41:50 ubuntu devstack@c-api.service[3183852]: DEBUG cinder.api.extensions [-] Ext name: VolumeTypeEncryption {{(pid=3183852) _check_extension /opt/stack/cinder/cinder/api/extensions.py:174}}
Jul 24 13:41:50 ubuntu devstack@c-api.service[3183852]: DEBUG cinder.api.extensions [-] Ext alias: encryption {{(pid=3183852) _check_extension /opt/stack/cinder/cinder/api/extensions.py:175}}
Jul 24 13:41:50 ubuntu devstack@c-api.service[3183852]: DEBUG cinder.api.extensions [-] Ext description: Encryption support for volume types. {{(pid=3183852) _check_extension /opt/stack/cinder/cinder/api/extensions.py:176}}
Jul 24 13:41:50 ubuntu devstack@c-api.service[3183852]: DEBUG cinder.api.extensions [-] Ext updated: 2013-07-01T00:00:00+00:00 {{(pid=3183852) _check_extension /opt/stack/cinder/cinder/api/extensions.py:178}}
Jul 24 13:41:50 ubuntu devstack@c-api.service[3183852]: DEBUG cinder.api.extensions [-] Loaded extension: encryption {{(pid=3183852) register /opt/stack/cinder/cinder/api/extensions.py:135}}
Jul 24 13:41:50 ubuntu devstack@c-api.service[3183852]: DEBUG cinder.api.extensions [-] Loading extension cinder.api.contrib.snapshot_unmanage.Snapshot_unmanage {{(pid=3183852) load_extension /opt/stack/cinder/cinder/api/extensions.py:194}}
Jul 24 13:41:50 ubuntu devstack@c-api.service[3183852]: DEBUG cinder.api.extensions [-] Calling extension factory cinder.api.contrib.snapshot_unmanage.Snapshot_unmanage {{(pid=3183852) load_extension /opt/stack/cinder/cinder/api/extensions.py:200}}
Jul 24 13:41:50 ubuntu devstack@c-api.service[3183852]: DEBUG cinder.api.extensions [-] Ext name: SnapshotUnmanage {{(pid=3183852) _check_extension /opt/stack/cinder/cinder/api/extensions.py:174}}
Jul 24 13:41:50 ubuntu devstack@c-api.service[3183852]: DEBUG cinder.api.extensions [-] Ext alias: os-snapshot-unmanage {{(pid=3183852) _check_extension /opt/stack/cinder/cinder/api/extensions.py:175}}
Jul 24 13:41:50 ubuntu devstack@c-api.service[3183852]: DEBUG cinder.api.extensions [-] Ext description: Enable volume unmanage operation. {{(pid=3183852) _check_extension /opt/stack/cinder/cinder/api/extensions.py:176}}
Jul 24 13:41:50 ubuntu devstack@c-api.service[3183852]: DEBUG cinder.api.extensions [-] Ext updated: 2014-12-31T00:00:00+00:00 {{(pid=3183852) _check_extension /opt/stack/cinder/cinder/api/extensions.py:178}}
Jul 24 13:41:50 ubuntu devstack@c-api.service[3183852]: DEBUG cinder.api.extensions [-] Loaded extension: os-snapshot-unmanage {{(pid=3183852) register /opt/stack/cinder/cinder/api/extensions.py:135}}
Jul 24 13:41:50 ubuntu devstack@c-api.service[3183852]: DEBUG cinder.api.extensions [-] Loading extension cinder.api.contrib.volume_image_metadata.Volume_image_metadata {{(pid=3183852) load_extension /opt/stack/cinder/cinder/api/extensions.py:194}}
Jul 24 13:41:50 ubuntu devstack@c-api.service[3183852]: DEBUG cinder.api.extensions [-] Calling extension factory cinder.api.contrib.volume_image_metadata.Volume_image_metadata {{(pid=3183852) load_extension /opt/stack/cinder/cinder/api/extensions.py:200}}
Jul 24 13:41:50 ubuntu devstack@c-api.service[3183852]: DEBUG cinder.api.extensions [-] Ext name: VolumeImageMetadata {{(pid=3183852) _check_extension /opt/stack/cinder/cinder/api/extensions.py:174}}
Jul 24 13:41:50 ubuntu devstack@c-api.service[3183852]: DEBUG cinder.api.extensions [-] Ext alias: os-vol-image-meta {{(pid=3183852) _check_extension /opt/stack/cinder/cinder/api/extensions.py:175}}
Jul 24 13:41:50 ubuntu devstack@c-api.service[3183852]: DEBUG cinder.api.extensions [-] Ext description: Show image metadata associated with the volume. {{(pid=3183852) _check_extension /opt/stack/cinder/cinder/api/extensions.py:176}}
Jul 24 13:41:50 ubuntu devstack@c-api.service[3183852]: DEBUG cinder.api.extensions [-] Ext updated: 2012-12-07T00:00:00+00:00 {{(pid=3183852) _check_extension /opt/stack/cinder/cinder/api/extensions.py:178}}
Jul 24 13:41:50 ubuntu devstack@c-api.service[3183852]: DEBUG cinder.api.extensions [-] Loaded extension: os-vol-image-meta {{(pid=3183852) register /opt/stack/cinder/cinder/api/extensions.py:135}}
Jul 24 13:41:50 ubuntu devstack@c-api.service[3183851]: INFO dbcounter [None req-8529d7f8-6d05-4706-b377-334f819f7cec None None] Registered counter for database cinder
Jul 24 13:41:50 ubuntu devstack@c-api.service[3183852]: INFO dbcounter [None req-a970a525-6039-406a-a04c-ca80358035c8 None None] Registered counter for database cinder
Jul 24 13:41:50 ubuntu devstack@c-api.service[3183851]: DEBUG oslo_db.sqlalchemy.engines [None req-8529d7f8-6d05-4706-b377-334f819f7cec None None] MySQL server mode set to STRICT_TRANS_TABLES,STRICT_ALL_TABLES,NO_ZERO_IN_DATE,NO_ZERO_DATE,ERROR_FOR_DIVISION_BY_ZERO,TRADITIONAL,NO_ENGINE_SUBSTITUTION {{(pid=3183851) _check_effective_sql_mode /opt/stack/data/venv/lib/python3.12/site-packages/oslo_db/sqlalchemy/engines.py:325}}
Jul 24 13:41:50 ubuntu devstack@c-api.service[3183852]: DEBUG oslo_db.sqlalchemy.engines [None req-a970a525-6039-406a-a04c-ca80358035c8 None None] MySQL server mode set to STRICT_TRANS_TABLES,STRICT_ALL_TABLES,NO_ZERO_IN_DATE,NO_ZERO_DATE,ERROR_FOR_DIVISION_BY_ZERO,TRADITIONAL,NO_ENGINE_SUBSTITUTION {{(pid=3183852) _check_effective_sql_mode /opt/stack/data/venv/lib/python3.12/site-packages/oslo_db/sqlalchemy/engines.py:325}}
Jul 24 13:41:50 ubuntu devstack@c-api.service[3183851]: DEBUG dbcounter [-] [3183851] Writer thread running {{(pid=3183851) stat_writer /opt/stack/data/venv/lib/python3.12/site-packages/dbcounter.py:102}}
Jul 24 13:41:50 ubuntu devstack@c-api.service[3183851]: INFO cinder.rpc [None req-8529d7f8-6d05-4706-b377-334f819f7cec None None] Automatically selected cinder-scheduler objects version 1.39 as minimum service version.
Jul 24 13:41:50 ubuntu devstack@c-api.service[3183851]: INFO cinder.rpc [None req-8529d7f8-6d05-4706-b377-334f819f7cec None None] Automatically selected cinder-scheduler RPC version 3.12 as minimum service version.
Jul 24 13:41:50 ubuntu devstack@c-api.service[3183851]: INFO cinder.rpc [None req-8529d7f8-6d05-4706-b377-334f819f7cec None None] Automatically selected cinder-volume objects version 1.39 as minimum service version.
Jul 24 13:41:50 ubuntu devstack@c-api.service[3183851]: INFO cinder.rpc [None req-8529d7f8-6d05-4706-b377-334f819f7cec None None] Automatically selected cinder-volume RPC version 3.20 as minimum service version.
Jul 24 13:41:50 ubuntu devstack@c-api.service[3183851]: WARNING stevedore.named [None req-8529d7f8-6d05-4706-b377-334f819f7cec None None] Could not load cinder.keymgr.conf_key_mgr.ConfKeyManager
Jul 24 13:41:50 ubuntu devstack@c-api.service[3183851]: WARNING castellan.key_manager [None req-8529d7f8-6d05-4706-b377-334f819f7cec None None] Deprecation Warning : cinder.keymgr.conf_key_mgr.ConfKeyManager is not a stevedore based driver, trying to load it as a class: stevedore.exception.NoMatches: No 'castellan.drivers' driver found, looking for 'cinder.keymgr.conf_key_mgr.ConfKeyManager'
Jul 24 13:41:50 ubuntu devstack@c-api.service[3183851]: WARNING cinder.keymgr.conf_key_mgr [None req-8529d7f8-6d05-4706-b377-334f819f7cec None None] This key manager is insecure and is not recommended for production deployments: stevedore.exception.NoMatches: No 'castellan.drivers' driver found, looking for 'cinder.keymgr.conf_key_mgr.ConfKeyManager'
Jul 24 13:41:50 ubuntu devstack@c-api.service[3183851]: WARNING stevedore.named [None req-8529d7f8-6d05-4706-b377-334f819f7cec None None] Could not load cinder.keymgr.conf_key_mgr.ConfKeyManager
Jul 24 13:41:50 ubuntu devstack@c-api.service[3183851]: WARNING castellan.key_manager [None req-8529d7f8-6d05-4706-b377-334f819f7cec None None] Deprecation Warning : cinder.keymgr.conf_key_mgr.ConfKeyManager is not a stevedore based driver, trying to load it as a class: stevedore.exception.NoMatches: No 'castellan.drivers' driver found, looking for 'cinder.keymgr.conf_key_mgr.ConfKeyManager'
Jul 24 13:41:50 ubuntu devstack@c-api.service[3183851]: DEBUG oslo_db.sqlalchemy.engines [None req-8529d7f8-6d05-4706-b377-334f819f7cec None None] MySQL server mode set to STRICT_TRANS_TABLES,STRICT_ALL_TABLES,NO_ZERO_IN_DATE,NO_ZERO_DATE,ERROR_FOR_DIVISION_BY_ZERO,TRADITIONAL,NO_ENGINE_SUBSTITUTION {{(pid=3183851) _check_effective_sql_mode /opt/stack/data/venv/lib/python3.12/site-packages/oslo_db/sqlalchemy/engines.py:325}}
Jul 24 13:41:50 ubuntu devstack@c-api.service[3183851]: INFO cinder.rpc [None req-8529d7f8-6d05-4706-b377-334f819f7cec None None] Automatically selected cinder-backup objects version 1.39 as minimum service version.
Jul 24 13:41:50 ubuntu devstack@c-api.service[3183851]: INFO cinder.rpc [None req-8529d7f8-6d05-4706-b377-334f819f7cec None None] Automatically selected cinder-backup RPC version 2.4 as minimum service version.
Jul 24 13:41:50 ubuntu devstack@c-api.service[3183851]: WARNING stevedore.named [None req-8529d7f8-6d05-4706-b377-334f819f7cec None None] Could not load cinder.keymgr.conf_key_mgr.ConfKeyManager
Jul 24 13:41:50 ubuntu devstack@c-api.service[3183851]: WARNING castellan.key_manager [None req-8529d7f8-6d05-4706-b377-334f819f7cec None None] Deprecation Warning : cinder.keymgr.conf_key_mgr.ConfKeyManager is not a stevedore based driver, trying to load it as a class: stevedore.exception.NoMatches: No 'castellan.drivers' driver found, looking for 'cinder.keymgr.conf_key_mgr.ConfKeyManager'
Jul 24 13:41:50 ubuntu devstack@c-api.service[3183851]: WARNING stevedore.named [None req-8529d7f8-6d05-4706-b377-334f819f7cec None None] Could not load cinder.keymgr.conf_key_mgr.ConfKeyManager
Jul 24 13:41:50 ubuntu devstack@c-api.service[3183851]: WARNING castellan.key_manager [None req-8529d7f8-6d05-4706-b377-334f819f7cec None None] Deprecation Warning : cinder.keymgr.conf_key_mgr.ConfKeyManager is not a stevedore based driver, trying to load it as a class: stevedore.exception.NoMatches: No 'castellan.drivers' driver found, looking for 'cinder.keymgr.conf_key_mgr.ConfKeyManager'
Jul 24 13:41:50 ubuntu devstack@c-api.service[3183851]: WARNING stevedore.named [None req-8529d7f8-6d05-4706-b377-334f819f7cec None None] Could not load cinder.keymgr.conf_key_mgr.ConfKeyManager
Jul 24 13:41:50 ubuntu devstack@c-api.service[3183851]: WARNING castellan.key_manager [None req-8529d7f8-6d05-4706-b377-334f819f7cec None None] Deprecation Warning : cinder.keymgr.conf_key_mgr.ConfKeyManager is not a stevedore based driver, trying to load it as a class: stevedore.exception.NoMatches: No 'castellan.drivers' driver found, looking for 'cinder.keymgr.conf_key_mgr.ConfKeyManager'
Jul 24 13:41:50 ubuntu devstack@c-api.service[3183851]: WARNING stevedore.named [None req-8529d7f8-6d05-4706-b377-334f819f7cec None None] Could not load cinder.keymgr.conf_key_mgr.ConfKeyManager
Jul 24 13:41:50 ubuntu devstack@c-api.service[3183851]: WARNING castellan.key_manager [None req-8529d7f8-6d05-4706-b377-334f819f7cec None None] Deprecation Warning : cinder.keymgr.conf_key_mgr.ConfKeyManager is not a stevedore based driver, trying to load it as a class: stevedore.exception.NoMatches: No 'castellan.drivers' driver found, looking for 'cinder.keymgr.conf_key_mgr.ConfKeyManager'
Jul 24 13:41:50 ubuntu devstack@c-api.service[3183851]: WARNING stevedore.named [None req-8529d7f8-6d05-4706-b377-334f819f7cec None None] Could not load cinder.keymgr.conf_key_mgr.ConfKeyManager
Jul 24 13:41:50 ubuntu devstack@c-api.service[3183851]: WARNING castellan.key_manager [None req-8529d7f8-6d05-4706-b377-334f819f7cec None None] Deprecation Warning : cinder.keymgr.conf_key_mgr.ConfKeyManager is not a stevedore based driver, trying to load it as a class: stevedore.exception.NoMatches: No 'castellan.drivers' driver found, looking for 'cinder.keymgr.conf_key_mgr.ConfKeyManager'
Jul 24 13:41:50 ubuntu devstack@c-api.service[3183851]: WARNING stevedore.named [None req-8529d7f8-6d05-4706-b377-334f819f7cec None None] Could not load cinder.keymgr.conf_key_mgr.ConfKeyManager
Jul 24 13:41:50 ubuntu devstack@c-api.service[3183851]: WARNING castellan.key_manager [None req-8529d7f8-6d05-4706-b377-334f819f7cec None None] Deprecation Warning : cinder.keymgr.conf_key_mgr.ConfKeyManager is not a stevedore based driver, trying to load it as a class: stevedore.exception.NoMatches: No 'castellan.drivers' driver found, looking for 'cinder.keymgr.conf_key_mgr.ConfKeyManager'
Jul 24 13:41:50 ubuntu devstack@c-api.service[3183851]: WARNING stevedore.named [None req-8529d7f8-6d05-4706-b377-334f819f7cec None None] Could not load cinder.keymgr.conf_key_mgr.ConfKeyManager
Jul 24 13:41:50 ubuntu devstack@c-api.service[3183851]: WARNING castellan.key_manager [None req-8529d7f8-6d05-4706-b377-334f819f7cec None None] Deprecation Warning : cinder.keymgr.conf_key_mgr.ConfKeyManager is not a stevedore based driver, trying to load it as a class: stevedore.exception.NoMatches: No 'castellan.drivers' driver found, looking for 'cinder.keymgr.conf_key_mgr.ConfKeyManager'
Jul 24 13:41:50 ubuntu devstack@c-api.service[3183851]: WARNING stevedore.named [None req-8529d7f8-6d05-4706-b377-334f819f7cec None None] Could not load cinder.keymgr.conf_key_mgr.ConfKeyManager
Jul 24 13:41:50 ubuntu devstack@c-api.service[3183851]: WARNING castellan.key_manager [None req-8529d7f8-6d05-4706-b377-334f819f7cec None None] Deprecation Warning : cinder.keymgr.conf_key_mgr.ConfKeyManager is not a stevedore based driver, trying to load it as a class: stevedore.exception.NoMatches: No 'castellan.drivers' driver found, looking for 'cinder.keymgr.conf_key_mgr.ConfKeyManager'
Jul 24 13:41:50 ubuntu devstack@c-api.service[3183851]: WARNING stevedore.named [None req-8529d7f8-6d05-4706-b377-334f819f7cec None None] Could not load cinder.keymgr.conf_key_mgr.ConfKeyManager
Jul 24 13:41:50 ubuntu devstack@c-api.service[3183851]: WARNING castellan.key_manager [None req-8529d7f8-6d05-4706-b377-334f819f7cec None None] Deprecation Warning : cinder.keymgr.conf_key_mgr.ConfKeyManager is not a stevedore based driver, trying to load it as a class: stevedore.exception.NoMatches: No 'castellan.drivers' driver found, looking for 'cinder.keymgr.conf_key_mgr.ConfKeyManager'
Jul 24 13:41:50 ubuntu devstack@c-api.service[3183851]: WARNING stevedore.named [None req-8529d7f8-6d05-4706-b377-334f819f7cec None None] Could not load cinder.keymgr.conf_key_mgr.ConfKeyManager
Jul 24 13:41:50 ubuntu devstack@c-api.service[3183851]: WARNING castellan.key_manager [None req-8529d7f8-6d05-4706-b377-334f819f7cec None None] Deprecation Warning : cinder.keymgr.conf_key_mgr.ConfKeyManager is not a stevedore based driver, trying to load it as a class: stevedore.exception.NoMatches: No 'castellan.drivers' driver found, looking for 'cinder.keymgr.conf_key_mgr.ConfKeyManager'
Jul 24 13:41:50 ubuntu devstack@c-api.service[3183851]: WARNING stevedore.named [None req-8529d7f8-6d05-4706-b377-334f819f7cec None None] Could not load cinder.keymgr.conf_key_mgr.ConfKeyManager
Jul 24 13:41:50 ubuntu devstack@c-api.service[3183851]: WARNING castellan.key_manager [None req-8529d7f8-6d05-4706-b377-334f819f7cec None None] Deprecation Warning : cinder.keymgr.conf_key_mgr.ConfKeyManager is not a stevedore based driver, trying to load it as a class: stevedore.exception.NoMatches: No 'castellan.drivers' driver found, looking for 'cinder.keymgr.conf_key_mgr.ConfKeyManager'
Jul 24 13:41:50 ubuntu devstack@c-api.service[3183851]: WARNING stevedore.named [None req-8529d7f8-6d05-4706-b377-334f819f7cec None None] Could not load cinder.keymgr.conf_key_mgr.ConfKeyManager
Jul 24 13:41:50 ubuntu devstack@c-api.service[3183851]: WARNING castellan.key_manager [None req-8529d7f8-6d05-4706-b377-334f819f7cec None None] Deprecation Warning : cinder.keymgr.conf_key_mgr.ConfKeyManager is not a stevedore based driver, trying to load it as a class: stevedore.exception.NoMatches: No 'castellan.drivers' driver found, looking for 'cinder.keymgr.conf_key_mgr.ConfKeyManager'
Jul 24 13:41:50 ubuntu devstack@c-api.service[3183851]: WARNING stevedore.named [None req-8529d7f8-6d05-4706-b377-334f819f7cec None None] Could not load cinder.keymgr.conf_key_mgr.ConfKeyManager
Jul 24 13:41:50 ubuntu devstack@c-api.service[3183851]: WARNING castellan.key_manager [None req-8529d7f8-6d05-4706-b377-334f819f7cec None None] Deprecation Warning : cinder.keymgr.conf_key_mgr.ConfKeyManager is not a stevedore based driver, trying to load it as a class: stevedore.exception.NoMatches: No 'castellan.drivers' driver found, looking for 'cinder.keymgr.conf_key_mgr.ConfKeyManager'
Jul 24 13:41:50 ubuntu devstack@c-api.service[3183851]: WARNING stevedore.named [None req-8529d7f8-6d05-4706-b377-334f819f7cec None None] Could not load cinder.keymgr.conf_key_mgr.ConfKeyManager
Jul 24 13:41:50 ubuntu devstack@c-api.service[3183851]: WARNING castellan.key_manager [None req-8529d7f8-6d05-4706-b377-334f819f7cec None None] Deprecation Warning : cinder.keymgr.conf_key_mgr.ConfKeyManager is not a stevedore based driver, trying to load it as a class: stevedore.exception.NoMatches: No 'castellan.drivers' driver found, looking for 'cinder.keymgr.conf_key_mgr.ConfKeyManager'
Jul 24 13:41:50 ubuntu devstack@c-api.service[3183851]: WARNING stevedore.named [None req-8529d7f8-6d05-4706-b377-334f819f7cec None None] Could not load cinder.keymgr.conf_key_mgr.ConfKeyManager
Jul 24 13:41:50 ubuntu devstack@c-api.service[3183851]: WARNING castellan.key_manager [None req-8529d7f8-6d05-4706-b377-334f819f7cec None None] Deprecation Warning : cinder.keymgr.conf_key_mgr.ConfKeyManager is not a stevedore based driver, trying to load it as a class: stevedore.exception.NoMatches: No 'castellan.drivers' driver found, looking for 'cinder.keymgr.conf_key_mgr.ConfKeyManager'
Jul 24 13:41:50 ubuntu devstack@c-api.service[3183851]: WARNING stevedore.named [None req-8529d7f8-6d05-4706-b377-334f819f7cec None None] Could not load cinder.keymgr.conf_key_mgr.ConfKeyManager
Jul 24 13:41:50 ubuntu devstack@c-api.service[3183851]: WARNING castellan.key_manager [None req-8529d7f8-6d05-4706-b377-334f819f7cec None None] Deprecation Warning : cinder.keymgr.conf_key_mgr.ConfKeyManager is not a stevedore based driver, trying to load it as a class: stevedore.exception.NoMatches: No 'castellan.drivers' driver found, looking for 'cinder.keymgr.conf_key_mgr.ConfKeyManager'
Jul 24 13:41:50 ubuntu devstack@c-api.service[3183851]: WARNING stevedore.named [None req-8529d7f8-6d05-4706-b377-334f819f7cec None None] Could not load cinder.keymgr.conf_key_mgr.ConfKeyManager
Jul 24 13:41:50 ubuntu devstack@c-api.service[3183851]: WARNING castellan.key_manager [None req-8529d7f8-6d05-4706-b377-334f819f7cec None None] Deprecation Warning : cinder.keymgr.conf_key_mgr.ConfKeyManager is not a stevedore based driver, trying to load it as a class: stevedore.exception.NoMatches: No 'castellan.drivers' driver found, looking for 'cinder.keymgr.conf_key_mgr.ConfKeyManager'
Jul 24 13:41:50 ubuntu devstack@c-api.service[3183851]: WARNING stevedore.named [None req-8529d7f8-6d05-4706-b377-334f819f7cec None None] Could not load cinder.keymgr.conf_key_mgr.ConfKeyManager
Jul 24 13:41:50 ubuntu devstack@c-api.service[3183851]: WARNING castellan.key_manager [None req-8529d7f8-6d05-4706-b377-334f819f7cec None None] Deprecation Warning : cinder.keymgr.conf_key_mgr.ConfKeyManager is not a stevedore based driver, trying to load it as a class: stevedore.exception.NoMatches: No 'castellan.drivers' driver found, looking for 'cinder.keymgr.conf_key_mgr.ConfKeyManager'
Jul 24 13:41:50 ubuntu devstack@c-api.service[3183851]: WARNING stevedore.named [None req-8529d7f8-6d05-4706-b377-334f819f7cec None None] Could not load cinder.keymgr.conf_key_mgr.ConfKeyManager
Jul 24 13:41:50 ubuntu devstack@c-api.service[3183851]: WARNING castellan.key_manager [None req-8529d7f8-6d05-4706-b377-334f819f7cec None None] Deprecation Warning : cinder.keymgr.conf_key_mgr.ConfKeyManager is not a stevedore based driver, trying to load it as a class: stevedore.exception.NoMatches: No 'castellan.drivers' driver found, looking for 'cinder.keymgr.conf_key_mgr.ConfKeyManager'
Jul 24 13:41:50 ubuntu devstack@c-api.service[3183851]: WARNING stevedore.named [None req-8529d7f8-6d05-4706-b377-334f819f7cec None None] Could not load cinder.keymgr.conf_key_mgr.ConfKeyManager
Jul 24 13:41:50 ubuntu devstack@c-api.service[3183851]: WARNING castellan.key_manager [None req-8529d7f8-6d05-4706-b377-334f819f7cec None None] Deprecation Warning : cinder.keymgr.conf_key_mgr.ConfKeyManager is not a stevedore based driver, trying to load it as a class: stevedore.exception.NoMatches: No 'castellan.drivers' driver found, looking for 'cinder.keymgr.conf_key_mgr.ConfKeyManager'
Jul 24 13:41:50 ubuntu devstack@c-api.service[3183851]: WARNING cinder.api.contrib.hosts [None req-8529d7f8-6d05-4706-b377-334f819f7cec None None] Deprecated: The Host API is deprecated and will be be removed in a future version.
Jul 24 13:41:50 ubuntu devstack@c-api.service[3183851]: WARNING stevedore.named [None req-8529d7f8-6d05-4706-b377-334f819f7cec None None] Could not load cinder.keymgr.conf_key_mgr.ConfKeyManager
Jul 24 13:41:50 ubuntu devstack@c-api.service[3183851]: WARNING castellan.key_manager [None req-8529d7f8-6d05-4706-b377-334f819f7cec None None] Deprecation Warning : cinder.keymgr.conf_key_mgr.ConfKeyManager is not a stevedore based driver, trying to load it as a class: stevedore.exception.NoMatches: No 'castellan.drivers' driver found, looking for 'cinder.keymgr.conf_key_mgr.ConfKeyManager'
Jul 24 13:41:50 ubuntu devstack@c-api.service[3183851]: WARNING stevedore.named [None req-8529d7f8-6d05-4706-b377-334f819f7cec None None] Could not load cinder.keymgr.conf_key_mgr.ConfKeyManager
Jul 24 13:41:50 ubuntu devstack@c-api.service[3183851]: WARNING castellan.key_manager [None req-8529d7f8-6d05-4706-b377-334f819f7cec None None] Deprecation Warning : cinder.keymgr.conf_key_mgr.ConfKeyManager is not a stevedore based driver, trying to load it as a class: stevedore.exception.NoMatches: No 'castellan.drivers' driver found, looking for 'cinder.keymgr.conf_key_mgr.ConfKeyManager'
Jul 24 13:41:50 ubuntu devstack@c-api.service[3183851]: DEBUG cinder.api.v3.router [None req-8529d7f8-6d05-4706-b377-334f819f7cec None None] Extended resource: extensions {{(pid=3183851) _setup_ext_routes /opt/stack/cinder/cinder/api/v3/router.py:122}}
Jul 24 13:41:50 ubuntu devstack@c-api.service[3183851]: DEBUG cinder.api.v3.router [None req-8529d7f8-6d05-4706-b377-334f819f7cec None None] Extended resource: cgsnapshots {{(pid=3183851) _setup_ext_routes /opt/stack/cinder/cinder/api/v3/router.py:122}}
Jul 24 13:41:50 ubuntu devstack@c-api.service[3183851]: DEBUG cinder.api.v3.router [None req-8529d7f8-6d05-4706-b377-334f819f7cec None None] Extended resource: os-quota-class-sets {{(pid=3183851) _setup_ext_routes /opt/stack/cinder/cinder/api/v3/router.py:122}}
Jul 24 13:41:50 ubuntu devstack@c-api.service[3183851]: DEBUG cinder.api.v3.router [None req-8529d7f8-6d05-4706-b377-334f819f7cec None None] Extended resource: encryption {{(pid=3183851) _setup_ext_routes /opt/stack/cinder/cinder/api/v3/router.py:122}}
Jul 24 13:41:50 ubuntu devstack@c-api.service[3183851]: DEBUG cinder.api.v3.router [None req-8529d7f8-6d05-4706-b377-334f819f7cec None None] Extended resource: capabilities {{(pid=3183851) _setup_ext_routes /opt/stack/cinder/cinder/api/v3/router.py:122}}
Jul 24 13:41:50 ubuntu devstack@c-api.service[3183851]: DEBUG cinder.api.v3.router [None req-8529d7f8-6d05-4706-b377-334f819f7cec None None] Extended resource: backups {{(pid=3183851) _setup_ext_routes /opt/stack/cinder/cinder/api/v3/router.py:122}}
Jul 24 13:41:50 ubuntu devstack@c-api.service[3183851]: DEBUG cinder.api.v3.router [None req-8529d7f8-6d05-4706-b377-334f819f7cec None None] Extended resource: qos-specs {{(pid=3183851) _setup_ext_routes /opt/stack/cinder/cinder/api/v3/router.py:122}}
Jul 24 13:41:50 ubuntu devstack@c-api.service[3183851]: DEBUG cinder.api.v3.router [None req-8529d7f8-6d05-4706-b377-334f819f7cec None None] Extended resource: scheduler-stats {{(pid=3183851) _setup_ext_routes /opt/stack/cinder/cinder/api/v3/router.py:122}}
Jul 24 13:41:50 ubuntu devstack@c-api.service[3183851]: DEBUG cinder.api.v3.router [None req-8529d7f8-6d05-4706-b377-334f819f7cec None None] Extended resource: os-availability-zone {{(pid=3183851) _setup_ext_routes /opt/stack/cinder/cinder/api/v3/router.py:122}}
Jul 24 13:41:50 ubuntu devstack@c-api.service[3183851]: DEBUG cinder.api.v3.router [None req-8529d7f8-6d05-4706-b377-334f819f7cec None None] Extended resource: extra_specs {{(pid=3183851) _setup_ext_routes /opt/stack/cinder/cinder/api/v3/router.py:122}}
Jul 24 13:41:50 ubuntu devstack@c-api.service[3183851]: DEBUG cinder.api.v3.router [None req-8529d7f8-6d05-4706-b377-334f819f7cec None None] Extended resource: os-snapshot-manage {{(pid=3183851) _setup_ext_routes /opt/stack/cinder/cinder/api/v3/router.py:122}}
Jul 24 13:41:50 ubuntu devstack@c-api.service[3183851]: DEBUG cinder.api.v3.router [None req-8529d7f8-6d05-4706-b377-334f819f7cec None None] Extended resource: consistencygroups {{(pid=3183851) _setup_ext_routes /opt/stack/cinder/cinder/api/v3/router.py:122}}
Jul 24 13:41:50 ubuntu devstack@c-api.service[3183851]: DEBUG cinder.api.v3.router [None req-8529d7f8-6d05-4706-b377-334f819f7cec None None] Extended resource: os-hosts {{(pid=3183851) _setup_ext_routes /opt/stack/cinder/cinder/api/v3/router.py:122}}
Jul 24 13:41:50 ubuntu devstack@c-api.service[3183851]: DEBUG cinder.api.v3.router [None req-8529d7f8-6d05-4706-b377-334f819f7cec None None] Extended resource: os-volume-manage {{(pid=3183851) _setup_ext_routes /opt/stack/cinder/cinder/api/v3/router.py:122}}
Jul 24 13:41:50 ubuntu devstack@c-api.service[3183851]: DEBUG cinder.api.v3.router [None req-8529d7f8-6d05-4706-b377-334f819f7cec None None] Extended resource: os-volume-type-access {{(pid=3183851) _setup_ext_routes /opt/stack/cinder/cinder/api/v3/router.py:122}}
Jul 24 13:41:50 ubuntu devstack@c-api.service[3183851]: DEBUG cinder.api.v3.router [None req-8529d7f8-6d05-4706-b377-334f819f7cec None None] Extended resource: os-quota-sets {{(pid=3183851) _setup_ext_routes /opt/stack/cinder/cinder/api/v3/router.py:122}}
Jul 24 13:41:50 ubuntu devstack@c-api.service[3183852]: DEBUG dbcounter [-] [3183852] Writer thread running {{(pid=3183852) stat_writer /opt/stack/data/venv/lib/python3.12/site-packages/dbcounter.py:102}}
Jul 24 13:41:50 ubuntu devstack@c-api.service[3183851]: DEBUG cinder.api.v3.router [None req-8529d7f8-6d05-4706-b377-334f819f7cec None None] Extended resource: os-volume-transfer {{(pid=3183851) _setup_ext_routes /opt/stack/cinder/cinder/api/v3/router.py:122}}
Jul 24 13:41:50 ubuntu devstack@c-api.service[3183851]: DEBUG cinder.api.v3.router [None req-8529d7f8-6d05-4706-b377-334f819f7cec None None] Extended resource: encryption {{(pid=3183851) _setup_ext_routes /opt/stack/cinder/cinder/api/v3/router.py:122}}
Jul 24 13:41:50 ubuntu devstack@c-api.service[3183852]: INFO cinder.rpc [None req-a970a525-6039-406a-a04c-ca80358035c8 None None] Automatically selected cinder-scheduler objects version 1.39 as minimum service version.
Jul 24 13:41:50 ubuntu devstack@c-api.service[3183851]: WARNING stevedore.named [None req-8529d7f8-6d05-4706-b377-334f819f7cec None None] Could not load cinder.keymgr.conf_key_mgr.ConfKeyManager
Jul 24 13:41:50 ubuntu devstack@c-api.service[3183851]: WARNING castellan.key_manager [None req-8529d7f8-6d05-4706-b377-334f819f7cec None None] Deprecation Warning : cinder.keymgr.conf_key_mgr.ConfKeyManager is not a stevedore based driver, trying to load it as a class: stevedore.exception.NoMatches: No 'castellan.drivers' driver found, looking for 'cinder.keymgr.conf_key_mgr.ConfKeyManager'
Jul 24 13:41:50 ubuntu devstack@c-api.service[3183851]: WARNING stevedore.named [None req-8529d7f8-6d05-4706-b377-334f819f7cec None None] Could not load cinder.keymgr.conf_key_mgr.ConfKeyManager
Jul 24 13:41:50 ubuntu devstack@c-api.service[3183851]: WARNING castellan.key_manager [None req-8529d7f8-6d05-4706-b377-334f819f7cec None None] Deprecation Warning : cinder.keymgr.conf_key_mgr.ConfKeyManager is not a stevedore based driver, trying to load it as a class: stevedore.exception.NoMatches: No 'castellan.drivers' driver found, looking for 'cinder.keymgr.conf_key_mgr.ConfKeyManager'
Jul 24 13:41:50 ubuntu devstack@c-api.service[3183852]: INFO cinder.rpc [None req-a970a525-6039-406a-a04c-ca80358035c8 None None] Automatically selected cinder-scheduler RPC version 3.12 as minimum service version.
Jul 24 13:41:50 ubuntu devstack@c-api.service[3183851]: WARNING stevedore.named [None req-8529d7f8-6d05-4706-b377-334f819f7cec None None] Could not load cinder.keymgr.conf_key_mgr.ConfKeyManager
Jul 24 13:41:50 ubuntu devstack@c-api.service[3183851]: WARNING castellan.key_manager [None req-8529d7f8-6d05-4706-b377-334f819f7cec None None] Deprecation Warning : cinder.keymgr.conf_key_mgr.ConfKeyManager is not a stevedore based driver, trying to load it as a class: stevedore.exception.NoMatches: No 'castellan.drivers' driver found, looking for 'cinder.keymgr.conf_key_mgr.ConfKeyManager'
Jul 24 13:41:50 ubuntu devstack@c-api.service[3183851]: WARNING stevedore.named [None req-8529d7f8-6d05-4706-b377-334f819f7cec None None] Could not load cinder.keymgr.conf_key_mgr.ConfKeyManager
Jul 24 13:41:50 ubuntu devstack@c-api.service[3183851]: WARNING castellan.key_manager [None req-8529d7f8-6d05-4706-b377-334f819f7cec None None] Deprecation Warning : cinder.keymgr.conf_key_mgr.ConfKeyManager is not a stevedore based driver, trying to load it as a class: stevedore.exception.NoMatches: No 'castellan.drivers' driver found, looking for 'cinder.keymgr.conf_key_mgr.ConfKeyManager'
Jul 24 13:41:50 ubuntu devstack@c-api.service[3183851]: DEBUG cinder.api.contrib.snapshot_actions [None req-8529d7f8-6d05-4706-b377-334f819f7cec None None] SnapshotActionsController initialized {{(pid=3183851) __init__ /opt/stack/cinder/cinder/api/contrib/snapshot_actions.py:33}}
Jul 24 13:41:50 ubuntu devstack@c-api.service[3183851]: WARNING stevedore.named [None req-8529d7f8-6d05-4706-b377-334f819f7cec None None] Could not load cinder.keymgr.conf_key_mgr.ConfKeyManager
Jul 24 13:41:50 ubuntu devstack@c-api.service[3183851]: WARNING castellan.key_manager [None req-8529d7f8-6d05-4706-b377-334f819f7cec None None] Deprecation Warning : cinder.keymgr.conf_key_mgr.ConfKeyManager is not a stevedore based driver, trying to load it as a class: stevedore.exception.NoMatches: No 'castellan.drivers' driver found, looking for 'cinder.keymgr.conf_key_mgr.ConfKeyManager'
Jul 24 13:41:50 ubuntu devstack@c-api.service[3183852]: INFO cinder.rpc [None req-a970a525-6039-406a-a04c-ca80358035c8 None None] Automatically selected cinder-volume objects version 1.39 as minimum service version.
Jul 24 13:41:50 ubuntu devstack@c-api.service[3183851]: WARNING stevedore.named [None req-8529d7f8-6d05-4706-b377-334f819f7cec None None] Could not load cinder.keymgr.conf_key_mgr.ConfKeyManager
Jul 24 13:41:50 ubuntu devstack@c-api.service[3183851]: WARNING castellan.key_manager [None req-8529d7f8-6d05-4706-b377-334f819f7cec None None] Deprecation Warning : cinder.keymgr.conf_key_mgr.ConfKeyManager is not a stevedore based driver, trying to load it as a class: stevedore.exception.NoMatches: No 'castellan.drivers' driver found, looking for 'cinder.keymgr.conf_key_mgr.ConfKeyManager'
Jul 24 13:41:50 ubuntu devstack@c-api.service[3183851]: WARNING stevedore.named [None req-8529d7f8-6d05-4706-b377-334f819f7cec None None] Could not load cinder.keymgr.conf_key_mgr.ConfKeyManager
Jul 24 13:41:50 ubuntu devstack@c-api.service[3183851]: WARNING castellan.key_manager [None req-8529d7f8-6d05-4706-b377-334f819f7cec None None] Deprecation Warning : cinder.keymgr.conf_key_mgr.ConfKeyManager is not a stevedore based driver, trying to load it as a class: stevedore.exception.NoMatches: No 'castellan.drivers' driver found, looking for 'cinder.keymgr.conf_key_mgr.ConfKeyManager'
Jul 24 13:41:50 ubuntu devstack@c-api.service[3183852]: INFO cinder.rpc [None req-a970a525-6039-406a-a04c-ca80358035c8 None None] Automatically selected cinder-volume RPC version 3.20 as minimum service version.
Jul 24 13:41:50 ubuntu devstack@c-api.service[3183851]: DEBUG cinder.api.v3.router [None req-8529d7f8-6d05-4706-b377-334f819f7cec None None] Extension AdminActions extending resource: volumes {{(pid=3183851) _setup_extensions /opt/stack/cinder/cinder/api/v3/router.py:155}}
Jul 24 13:41:50 ubuntu devstack@c-api.service[3183852]: WARNING stevedore.named [None req-a970a525-6039-406a-a04c-ca80358035c8 None None] Could not load cinder.keymgr.conf_key_mgr.ConfKeyManager
Jul 24 13:41:50 ubuntu devstack@c-api.service[3183851]: DEBUG cinder.api.v3.router [None req-8529d7f8-6d05-4706-b377-334f819f7cec None None] Extension AdminActions extending resource: snapshots {{(pid=3183851) _setup_extensions /opt/stack/cinder/cinder/api/v3/router.py:155}}
Jul 24 13:41:50 ubuntu devstack@c-api.service[3183851]: DEBUG cinder.api.v3.router [None req-8529d7f8-6d05-4706-b377-334f819f7cec None None] Extension AdminActions extending resource: backups {{(pid=3183851) _setup_extensions /opt/stack/cinder/cinder/api/v3/router.py:155}}
Jul 24 13:41:50 ubuntu devstack@c-api.service[3183852]: WARNING castellan.key_manager [None req-a970a525-6039-406a-a04c-ca80358035c8 None None] Deprecation Warning : cinder.keymgr.conf_key_mgr.ConfKeyManager is not a stevedore based driver, trying to load it as a class: stevedore.exception.NoMatches: No 'castellan.drivers' driver found, looking for 'cinder.keymgr.conf_key_mgr.ConfKeyManager'
Jul 24 13:41:50 ubuntu devstack@c-api.service[3183851]: DEBUG cinder.api.v3.router [None req-8529d7f8-6d05-4706-b377-334f819f7cec None None] Extension VolumeUnmanage extending resource: volumes {{(pid=3183851) _setup_extensions /opt/stack/cinder/cinder/api/v3/router.py:155}}
Jul 24 13:41:50 ubuntu devstack@c-api.service[3183851]: DEBUG cinder.api.v3.router [None req-8529d7f8-6d05-4706-b377-334f819f7cec None None] Extension ExtendedSnapshotAttributes extending resource: snapshots {{(pid=3183851) _setup_extensions /opt/stack/cinder/cinder/api/v3/router.py:155}}
Jul 24 13:41:50 ubuntu devstack@c-api.service[3183851]: DEBUG cinder.api.v3.router [None req-8529d7f8-6d05-4706-b377-334f819f7cec None None] Extension SnapshotActions extending resource: snapshots {{(pid=3183851) _setup_extensions /opt/stack/cinder/cinder/api/v3/router.py:155}}
Jul 24 13:41:50 ubuntu devstack@c-api.service[3183851]: DEBUG cinder.api.v3.router [None req-8529d7f8-6d05-4706-b377-334f819f7cec None None] Extension VolumeHostAttribute extending resource: volumes {{(pid=3183851) _setup_extensions /opt/stack/cinder/cinder/api/v3/router.py:155}}
Jul 24 13:41:50 ubuntu devstack@c-api.service[3183851]: DEBUG cinder.api.v3.router [None req-8529d7f8-6d05-4706-b377-334f819f7cec None None] Extension TypesManage extending resource: types {{(pid=3183851) _setup_extensions /opt/stack/cinder/cinder/api/v3/router.py:155}}
Jul 24 13:41:50 ubuntu devstack@c-api.service[3183852]: WARNING cinder.keymgr.conf_key_mgr [None req-a970a525-6039-406a-a04c-ca80358035c8 None None] This key manager is insecure and is not recommended for production deployments: stevedore.exception.NoMatches: No 'castellan.drivers' driver found, looking for 'cinder.keymgr.conf_key_mgr.ConfKeyManager'
Jul 24 13:41:50 ubuntu devstack@c-api.service[3183851]: DEBUG cinder.api.v3.router [None req-8529d7f8-6d05-4706-b377-334f819f7cec None None] Extension UsedLimits extending resource: limits {{(pid=3183851) _setup_extensions /opt/stack/cinder/cinder/api/v3/router.py:155}}
Jul 24 13:41:50 ubuntu devstack@c-api.service[3183851]: DEBUG cinder.api.v3.router [None req-8529d7f8-6d05-4706-b377-334f819f7cec None None] Extension VolumeMigStatusAttribute extending resource: volumes {{(pid=3183851) _setup_extensions /opt/stack/cinder/cinder/api/v3/router.py:155}}
Jul 24 13:41:50 ubuntu devstack@c-api.service[3183851]: DEBUG cinder.api.v3.router [None req-8529d7f8-6d05-4706-b377-334f819f7cec None None] Extension VolumeActions extending resource: volumes {{(pid=3183851) _setup_extensions /opt/stack/cinder/cinder/api/v3/router.py:155}}
Jul 24 13:41:50 ubuntu devstack@c-api.service[3183851]: DEBUG cinder.api.v3.router [None req-8529d7f8-6d05-4706-b377-334f819f7cec None None] Extension VolumeTenantAttribute extending resource: volumes {{(pid=3183851) _setup_extensions /opt/stack/cinder/cinder/api/v3/router.py:155}}
Jul 24 13:41:50 ubuntu devstack@c-api.service[3183851]: DEBUG cinder.api.v3.router [None req-8529d7f8-6d05-4706-b377-334f819f7cec None None] Extension VolumeTypeAccess extending resource: types {{(pid=3183851) _setup_extensions /opt/stack/cinder/cinder/api/v3/router.py:155}}
Jul 24 13:41:50 ubuntu devstack@c-api.service[3183851]: DEBUG cinder.api.v3.router [None req-8529d7f8-6d05-4706-b377-334f819f7cec None None] Extension VolumeTypeEncryption extending resource: types {{(pid=3183851) _setup_extensions /opt/stack/cinder/cinder/api/v3/router.py:155}}
Jul 24 13:41:50 ubuntu devstack@c-api.service[3183851]: DEBUG cinder.api.v3.router [None req-8529d7f8-6d05-4706-b377-334f819f7cec None None] Extension SnapshotUnmanage extending resource: snapshots {{(pid=3183851) _setup_extensions /opt/stack/cinder/cinder/api/v3/router.py:155}}
Jul 24 13:41:50 ubuntu devstack@c-api.service[3183851]: DEBUG cinder.api.v3.router [None req-8529d7f8-6d05-4706-b377-334f819f7cec None None] Extension VolumeImageMetadata extending resource: volumes {{(pid=3183851) _setup_extensions /opt/stack/cinder/cinder/api/v3/router.py:155}}
Jul 24 13:41:50 ubuntu devstack@c-api.service[3183852]: WARNING stevedore.named [None req-a970a525-6039-406a-a04c-ca80358035c8 None None] Could not load cinder.keymgr.conf_key_mgr.ConfKeyManager
Jul 24 13:41:50 ubuntu devstack@c-api.service[3183852]: WARNING castellan.key_manager [None req-a970a525-6039-406a-a04c-ca80358035c8 None None] Deprecation Warning : cinder.keymgr.conf_key_mgr.ConfKeyManager is not a stevedore based driver, trying to load it as a class: stevedore.exception.NoMatches: No 'castellan.drivers' driver found, looking for 'cinder.keymgr.conf_key_mgr.ConfKeyManager'
Jul 24 13:41:50 ubuntu devstack@c-api.service[3183851]: WSGI app 0 (mountpoint='') ready in 4 seconds on interpreter 0x75a4c32a4668 pid: 3183851 (default app)
Jul 24 13:41:50 ubuntu devstack@c-api.service[3183851]: DEBUG cinder.api.middleware.request_id [None req-bc1136a1-de00-431c-8f91-014374bada06 None None] RequestId filter calling following filter/app {{(pid=3183851) _context_setter /opt/stack/cinder/cinder/api/middleware/request_id.py:62}}
Jul 24 13:41:50 ubuntu devstack@c-api.service[3183851]: [pid: 3183851|app: 0|req: 1/1] 10.132.239.242 () {50 vars in 779 bytes} [Fri Jul 24 13:41:50 2026] GET /volume/v3/ => generated 114 bytes in 17 msecs (HTTP/1.1 401) 5 headers in 232 bytes (1 switches on core 0)
Jul 24 13:41:50 ubuntu devstack@c-api.service[3183852]: DEBUG oslo_db.sqlalchemy.engines [None req-a970a525-6039-406a-a04c-ca80358035c8 None None] MySQL server mode set to STRICT_TRANS_TABLES,STRICT_ALL_TABLES,NO_ZERO_IN_DATE,NO_ZERO_DATE,ERROR_FOR_DIVISION_BY_ZERO,TRADITIONAL,NO_ENGINE_SUBSTITUTION {{(pid=3183852) _check_effective_sql_mode /opt/stack/data/venv/lib/python3.12/site-packages/oslo_db/sqlalchemy/engines.py:325}}
Jul 24 13:41:50 ubuntu devstack@c-api.service[3183852]: INFO cinder.rpc [None req-a970a525-6039-406a-a04c-ca80358035c8 None None] Automatically selected cinder-backup objects version 1.39 as minimum service version.
Jul 24 13:41:50 ubuntu devstack@c-api.service[3183852]: INFO cinder.rpc [None req-a970a525-6039-406a-a04c-ca80358035c8 None None] Automatically selected cinder-backup RPC version 2.4 as minimum service version.
Jul 24 13:41:50 ubuntu devstack@c-api.service[3183852]: WARNING stevedore.named [None req-a970a525-6039-406a-a04c-ca80358035c8 None None] Could not load cinder.keymgr.conf_key_mgr.ConfKeyManager
Jul 24 13:41:50 ubuntu devstack@c-api.service[3183852]: WARNING castellan.key_manager [None req-a970a525-6039-406a-a04c-ca80358035c8 None None] Deprecation Warning : cinder.keymgr.conf_key_mgr.ConfKeyManager is not a stevedore based driver, trying to load it as a class: stevedore.exception.NoMatches: No 'castellan.drivers' driver found, looking for 'cinder.keymgr.conf_key_mgr.ConfKeyManager'
Jul 24 13:41:50 ubuntu devstack@c-api.service[3183852]: WARNING stevedore.named [None req-a970a525-6039-406a-a04c-ca80358035c8 None None] Could not load cinder.keymgr.conf_key_mgr.ConfKeyManager
Jul 24 13:41:50 ubuntu devstack@c-api.service[3183852]: WARNING castellan.key_manager [None req-a970a525-6039-406a-a04c-ca80358035c8 None None] Deprecation Warning : cinder.keymgr.conf_key_mgr.ConfKeyManager is not a stevedore based driver, trying to load it as a class: stevedore.exception.NoMatches: No 'castellan.drivers' driver found, looking for 'cinder.keymgr.conf_key_mgr.ConfKeyManager'
Jul 24 13:41:50 ubuntu devstack@c-api.service[3183852]: WARNING stevedore.named [None req-a970a525-6039-406a-a04c-ca80358035c8 None None] Could not load cinder.keymgr.conf_key_mgr.ConfKeyManager
Jul 24 13:41:50 ubuntu devstack@c-api.service[3183852]: WARNING castellan.key_manager [None req-a970a525-6039-406a-a04c-ca80358035c8 None None] Deprecation Warning : cinder.keymgr.conf_key_mgr.ConfKeyManager is not a stevedore based driver, trying to load it as a class: stevedore.exception.NoMatches: No 'castellan.drivers' driver found, looking for 'cinder.keymgr.conf_key_mgr.ConfKeyManager'
Jul 24 13:41:50 ubuntu devstack@c-api.service[3183852]: WARNING stevedore.named [None req-a970a525-6039-406a-a04c-ca80358035c8 None None] Could not load cinder.keymgr.conf_key_mgr.ConfKeyManager
Jul 24 13:41:50 ubuntu devstack@c-api.service[3183852]: WARNING castellan.key_manager [None req-a970a525-6039-406a-a04c-ca80358035c8 None None] Deprecation Warning : cinder.keymgr.conf_key_mgr.ConfKeyManager is not a stevedore based driver, trying to load it as a class: stevedore.exception.NoMatches: No 'castellan.drivers' driver found, looking for 'cinder.keymgr.conf_key_mgr.ConfKeyManager'
Jul 24 13:41:50 ubuntu devstack@c-api.service[3183852]: WARNING stevedore.named [None req-a970a525-6039-406a-a04c-ca80358035c8 None None] Could not load cinder.keymgr.conf_key_mgr.ConfKeyManager
Jul 24 13:41:50 ubuntu devstack@c-api.service[3183852]: WARNING castellan.key_manager [None req-a970a525-6039-406a-a04c-ca80358035c8 None None] Deprecation Warning : cinder.keymgr.conf_key_mgr.ConfKeyManager is not a stevedore based driver, trying to load it as a class: stevedore.exception.NoMatches: No 'castellan.drivers' driver found, looking for 'cinder.keymgr.conf_key_mgr.ConfKeyManager'
Jul 24 13:41:50 ubuntu devstack@c-api.service[3183852]: WARNING stevedore.named [None req-a970a525-6039-406a-a04c-ca80358035c8 None None] Could not load cinder.keymgr.conf_key_mgr.ConfKeyManager
Jul 24 13:41:50 ubuntu devstack@c-api.service[3183852]: WARNING castellan.key_manager [None req-a970a525-6039-406a-a04c-ca80358035c8 None None] Deprecation Warning : cinder.keymgr.conf_key_mgr.ConfKeyManager is not a stevedore based driver, trying to load it as a class: stevedore.exception.NoMatches: No 'castellan.drivers' driver found, looking for 'cinder.keymgr.conf_key_mgr.ConfKeyManager'
Jul 24 13:41:50 ubuntu devstack@c-api.service[3183852]: WARNING stevedore.named [None req-a970a525-6039-406a-a04c-ca80358035c8 None None] Could not load cinder.keymgr.conf_key_mgr.ConfKeyManager
Jul 24 13:41:50 ubuntu devstack@c-api.service[3183852]: WARNING castellan.key_manager [None req-a970a525-6039-406a-a04c-ca80358035c8 None None] Deprecation Warning : cinder.keymgr.conf_key_mgr.ConfKeyManager is not a stevedore based driver, trying to load it as a class: stevedore.exception.NoMatches: No 'castellan.drivers' driver found, looking for 'cinder.keymgr.conf_key_mgr.ConfKeyManager'
Jul 24 13:41:50 ubuntu devstack@c-api.service[3183852]: WARNING stevedore.named [None req-a970a525-6039-406a-a04c-ca80358035c8 None None] Could not load cinder.keymgr.conf_key_mgr.ConfKeyManager
Jul 24 13:41:50 ubuntu devstack@c-api.service[3183852]: WARNING castellan.key_manager [None req-a970a525-6039-406a-a04c-ca80358035c8 None None] Deprecation Warning : cinder.keymgr.conf_key_mgr.ConfKeyManager is not a stevedore based driver, trying to load it as a class: stevedore.exception.NoMatches: No 'castellan.drivers' driver found, looking for 'cinder.keymgr.conf_key_mgr.ConfKeyManager'
Jul 24 13:41:50 ubuntu devstack@c-api.service[3183852]: WARNING stevedore.named [None req-a970a525-6039-406a-a04c-ca80358035c8 None None] Could not load cinder.keymgr.conf_key_mgr.ConfKeyManager
