Jul 23 10:35:29 ubuntu devstack@g-api.service[2388410]: DEBUG glance.common.config [None req-9c3702d0-519a-47ab-a30e-d1b390952dc7 None None] healthcheck.allowed_source_ranges = [] {{(pid=2388410) log_opt_values /opt/stack/data/venv/lib/python3.12/site-packages/oslo_config/cfg.py:3253}}
Jul 23 10:35:29 ubuntu devstack@g-api.service[2388408]: DEBUG glance.api.middleware.version_negotiation [None req-ecd2b5e6-6de1-42eb-b458-be86d18de408 None None] Determining version of request: GET / Accept: */* {{(pid=2388408) process_request /opt/stack/glance/glance/api/middleware/version_negotiation.py:44}}
Jul 23 10:35:29 ubuntu devstack@g-api.service[2388410]: DEBUG glance.common.config [None req-9c3702d0-519a-47ab-a30e-d1b390952dc7 None None] healthcheck.backends           = ['disable_by_file'] {{(pid=2388410) log_opt_values /opt/stack/data/venv/lib/python3.12/site-packages/oslo_config/cfg.py:3253}}
Jul 23 10:35:29 ubuntu devstack@g-api.service[2388408]: DEBUG glance.api.middleware.version_negotiation [None req-ecd2b5e6-6de1-42eb-b458-be86d18de408 None None] Using url versioning {{(pid=2388408) process_request /opt/stack/glance/glance/api/middleware/version_negotiation.py:57}}
Jul 23 10:35:29 ubuntu devstack@g-api.service[2388410]: DEBUG glance.common.config [None req-9c3702d0-519a-47ab-a30e-d1b390952dc7 None None] healthcheck.detailed           = False {{(pid=2388410) log_opt_values /opt/stack/data/venv/lib/python3.12/site-packages/oslo_config/cfg.py:3253}}
Jul 23 10:35:29 ubuntu devstack@g-api.service[2388410]: DEBUG glance.common.config [None req-9c3702d0-519a-47ab-a30e-d1b390952dc7 None None] healthcheck.disable_by_file_path = None {{(pid=2388410) log_opt_values /opt/stack/data/venv/lib/python3.12/site-packages/oslo_config/cfg.py:3253}}
Jul 23 10:35:29 ubuntu devstack@g-api.service[2388410]: DEBUG glance.common.config [None req-9c3702d0-519a-47ab-a30e-d1b390952dc7 None None] healthcheck.ignore_proxied_requests = False {{(pid=2388410) log_opt_values /opt/stack/data/venv/lib/python3.12/site-packages/oslo_config/cfg.py:3253}}
Jul 23 10:35:29 ubuntu devstack@g-api.service[2388408]: DEBUG glance.api.middleware.version_negotiation [None req-ecd2b5e6-6de1-42eb-b458-be86d18de408 None None] Unknown version. Returning version choices. {{(pid=2388408) process_request /opt/stack/glance/glance/api/middleware/version_negotiation.py:64}}
Jul 23 10:35:29 ubuntu devstack@g-api.service[2388410]: DEBUG glance.common.config [None req-9c3702d0-519a-47ab-a30e-d1b390952dc7 None None] ******************************************************************************** {{(pid=2388410) log_opt_values /opt/stack/data/venv/lib/python3.12/site-packages/oslo_config/cfg.py:3260}}
Jul 23 10:35:29 ubuntu devstack@g-api.service[2388410]: WSGI app 0 (mountpoint='') ready in 4 seconds on interpreter 0x7b90dfea4668 pid: 2388410 (default app)
Jul 23 10:35:29 ubuntu devstack@g-api.service[2388408]: [pid: 2388408|app: 0|req: 1/1] 127.0.0.1 () {32 vars in 391 bytes} [Thu Jul 23 10:35:29 2026] GET / => generated 1557 bytes in 2 msecs (HTTP/1.1 300) 3 headers in 106 bytes (1 switches on core 0)
Jul 23 10:35:39 ubuntu devstack@g-api.service[2388410]: DEBUG dbcounter [-] [2388410] Writing DB stats glance:INSERT=4 {{(pid=2388410) stat_writer /opt/stack/data/venv/lib/python3.12/site-packages/dbcounter.py:115}}
Jul 23 10:35:39 ubuntu devstack@g-api.service[2388408]: DEBUG dbcounter [-] [2388408] Writing DB stats glance:INSERT=4 {{(pid=2388408) stat_writer /opt/stack/data/venv/lib/python3.12/site-packages/dbcounter.py:115}}
Jul 23 10:35:40 ubuntu devstack@g-api.service[2388410]: DEBUG glance.api.middleware.version_negotiation [None req-9c3702d0-519a-47ab-a30e-d1b390952dc7 None None] Determining version of request: GET / Accept: application/json {{(pid=2388410) process_request /opt/stack/glance/glance/api/middleware/version_negotiation.py:44}}
Jul 23 10:35:40 ubuntu devstack@g-api.service[2388410]: DEBUG glance.api.middleware.version_negotiation [None req-9c3702d0-519a-47ab-a30e-d1b390952dc7 None None] Using url versioning {{(pid=2388410) process_request /opt/stack/glance/glance/api/middleware/version_negotiation.py:57}}
Jul 23 10:35:40 ubuntu devstack@g-api.service[2388410]: DEBUG glance.api.middleware.version_negotiation [None req-9c3702d0-519a-47ab-a30e-d1b390952dc7 None None] Unknown version. Returning version choices. {{(pid=2388410) process_request /opt/stack/glance/glance/api/middleware/version_negotiation.py:64}}
Jul 23 10:35:40 ubuntu devstack@g-api.service[2388410]: [pid: 2388410|app: 0|req: 1/2] 127.0.0.1 () {34 vars in 509 bytes} [Thu Jul 23 10:35:40 2026] GET / => generated 1557 bytes in 5 msecs (HTTP/1.1 300) 3 headers in 106 bytes (1 switches on core 0)
Jul 23 10:35:40 ubuntu devstack@g-api.service[2388408]: DEBUG glance.api.middleware.version_negotiation [None req-ecd2b5e6-6de1-42eb-b458-be86d18de408 None None] Determining version of request: POST /v2/images Accept: */* {{(pid=2388408) process_request /opt/stack/glance/glance/api/middleware/version_negotiation.py:44}}
Jul 23 10:35:40 ubuntu devstack@g-api.service[2388408]: DEBUG glance.api.middleware.version_negotiation [None req-ecd2b5e6-6de1-42eb-b458-be86d18de408 None None] Using url versioning {{(pid=2388408) process_request /opt/stack/glance/glance/api/middleware/version_negotiation.py:57}}
Jul 23 10:35:40 ubuntu devstack@g-api.service[2388408]: DEBUG glance.api.middleware.version_negotiation [None req-ecd2b5e6-6de1-42eb-b458-be86d18de408 None None] Matched version: v2 {{(pid=2388408) process_request /opt/stack/glance/glance/api/middleware/version_negotiation.py:69}}
Jul 23 10:35:40 ubuntu devstack@g-api.service[2388408]: DEBUG glance.api.middleware.version_negotiation [None req-ecd2b5e6-6de1-42eb-b458-be86d18de408 None None] new path /v2/images {{(pid=2388408) process_request /opt/stack/glance/glance/api/middleware/version_negotiation.py:70}}
Jul 23 10:35:43 ubuntu devstack@g-api.service[2388408]: [pid: 2388408|app: 0|req: 2/3] 127.0.0.1 () {40 vars in 772 bytes} [Thu Jul 23 10:35:40 2026] POST /v2/images => generated 807 bytes in 2405 msecs (HTTP/1.1 201) 6 headers in 314 bytes (1 switches on core 0)
Jul 23 10:35:43 ubuntu devstack@g-api.service[2388410]: DEBUG glance.api.middleware.version_negotiation [None req-9c3702d0-519a-47ab-a30e-d1b390952dc7 None None] Determining version of request: PUT /v2/images/a42420b5-afa6-4754-b160-793d3c9f614e/file Accept:  {{(pid=2388410) process_request /opt/stack/glance/glance/api/middleware/version_negotiation.py:44}}
Jul 23 10:35:43 ubuntu devstack@g-api.service[2388410]: DEBUG glance.api.middleware.version_negotiation [None req-9c3702d0-519a-47ab-a30e-d1b390952dc7 None None] Using url versioning {{(pid=2388410) process_request /opt/stack/glance/glance/api/middleware/version_negotiation.py:57}}
Jul 23 10:35:43 ubuntu devstack@g-api.service[2388410]: DEBUG glance.api.middleware.version_negotiation [None req-9c3702d0-519a-47ab-a30e-d1b390952dc7 None None] Matched version: v2 {{(pid=2388410) process_request /opt/stack/glance/glance/api/middleware/version_negotiation.py:69}}
Jul 23 10:35:43 ubuntu devstack@g-api.service[2388410]: DEBUG glance.api.middleware.version_negotiation [None req-9c3702d0-519a-47ab-a30e-d1b390952dc7 None None] new path /v2/images/a42420b5-afa6-4754-b160-793d3c9f614e/file {{(pid=2388410) process_request /opt/stack/glance/glance/api/middleware/version_negotiation.py:70}}
Jul 23 10:35:44 ubuntu devstack@g-api.service[2388410]: INFO glance.api.v2.image_data [None req-879a5963-2dde-45eb-9d44-29ce7be1e3cb ****** ******] Unable to create trust: no such option collect_timing in group [keystone_authtoken] Use the existing user token.
Jul 23 10:35:45 ubuntu devstack@g-api.service[2388410]: DEBUG glance.location [None req-879a5963-2dde-45eb-9d44-29ce7be1e3cb ****** ******] Enabling in-flight format inspection for qcow2 {{(pid=2388410) set_data /opt/stack/glance/glance/location.py:596}}
Jul 23 10:35:45 ubuntu devstack@g-api.service[2388410]: DEBUG glance_store.backend [None req-879a5963-2dde-45eb-9d44-29ce7be1e3cb ****** ******] Attempting to import store swift {{(pid=2388410) _load_store /opt/stack/data/venv/lib/python3.12/site-packages/glance_store/backend.py:215}}
Jul 23 10:35:45 ubuntu devstack@g-api.service[2388410]: DEBUG glance_store.capabilities [None req-879a5963-2dde-45eb-9d44-29ce7be1e3cb ****** ******] Store glance_store._drivers.swift.store.SingleTenantStore doesn't support updating dynamic storage capabilities. Please overwrite 'update_capabilities' method of the store to implement updating logics if needed. {{(pid=2388410) update_capabilities /opt/stack/data/venv/lib/python3.12/site-packages/glance_store/capabilities.py:91}}
Jul 23 10:35:45 ubuntu devstack@g-api.service[2388410]: DEBUG glance_store.driver [None req-879a5963-2dde-45eb-9d44-29ce7be1e3cb ****** ******] Late loading location class glance_store._drivers.swift.store.StoreLocation {{(pid=2388410) get_store_location_class /opt/stack/data/venv/lib/python3.12/site-packages/glance_store/driver.py:134}}
Jul 23 10:35:45 ubuntu devstack@g-api.service[2388410]: DEBUG glance_store.location [None req-879a5963-2dde-45eb-9d44-29ce7be1e3cb ****** ******] Registering scheme swift+https with {'store': <glance_store._drivers.swift.store.SingleTenantStore object at 0x7b90d3f0eff0>, 'location_class': <class 'glance_store._drivers.swift.store.StoreLocation'>, 'store_entry': 'swift'} {{(pid=2388410) register_scheme_map /opt/stack/data/venv/lib/python3.12/site-packages/glance_store/location.py:146}}
Jul 23 10:35:45 ubuntu devstack@g-api.service[2388410]: DEBUG glance_store.location [None req-879a5963-2dde-45eb-9d44-29ce7be1e3cb ****** ******] Registering scheme swift+https with {'store': <glance_store._drivers.swift.store.SingleTenantStore object at 0x7b90d3f0eff0>, 'location_class': <class 'glance_store._drivers.swift.store.StoreLocation'>, 'store_entry': 'swift'} {{(pid=2388410) register_scheme_map /opt/stack/data/venv/lib/python3.12/site-packages/glance_store/location.py:146}}
Jul 23 10:35:45 ubuntu devstack@g-api.service[2388410]: DEBUG glance_store.location [None req-879a5963-2dde-45eb-9d44-29ce7be1e3cb ****** ******] Registering scheme swift with {'store': <glance_store._drivers.swift.store.SingleTenantStore object at 0x7b90d3f0eff0>, 'location_class': <class 'glance_store._drivers.swift.store.StoreLocation'>, 'store_entry': 'swift'} {{(pid=2388410) register_scheme_map /opt/stack/data/venv/lib/python3.12/site-packages/glance_store/location.py:146}}
Jul 23 10:35:45 ubuntu devstack@g-api.service[2388410]: DEBUG glance_store.location [None req-879a5963-2dde-45eb-9d44-29ce7be1e3cb ****** ******] Registering scheme swift+https with {'store': <glance_store._drivers.swift.store.SingleTenantStore object at 0x7b90d3f0eff0>, 'location_class': <class 'glance_store._drivers.swift.store.StoreLocation'>, 'store_entry': 'swift'} {{(pid=2388410) register_scheme_map /opt/stack/data/venv/lib/python3.12/site-packages/glance_store/location.py:146}}
Jul 23 10:35:45 ubuntu devstack@g-api.service[2388410]: DEBUG glance_store.location [None req-879a5963-2dde-45eb-9d44-29ce7be1e3cb ****** ******] Registering scheme swift with {'store': <glance_store._drivers.swift.store.SingleTenantStore object at 0x7b90d3f0eff0>, 'location_class': <class 'glance_store._drivers.swift.store.StoreLocation'>, 'store_entry': 'swift'} {{(pid=2388410) register_scheme_map /opt/stack/data/venv/lib/python3.12/site-packages/glance_store/location.py:146}}
Jul 23 10:35:45 ubuntu devstack@g-api.service[2388410]: DEBUG glance_store.location [None req-879a5963-2dde-45eb-9d44-29ce7be1e3cb ****** ******] Registering scheme swift+http with {'store': <glance_store._drivers.swift.store.SingleTenantStore object at 0x7b90d3f0eff0>, 'location_class': <class 'glance_store._drivers.swift.store.StoreLocation'>, 'store_entry': 'swift'} {{(pid=2388410) register_scheme_map /opt/stack/data/venv/lib/python3.12/site-packages/glance_store/location.py:146}}
Jul 23 10:35:45 ubuntu devstack@g-api.service[2388410]: DEBUG glance_store.location [None req-879a5963-2dde-45eb-9d44-29ce7be1e3cb ****** ******] Registering scheme swift+https with {'store': <glance_store._drivers.swift.store.SingleTenantStore object at 0x7b90d3f0eff0>, 'location_class': <class 'glance_store._drivers.swift.store.StoreLocation'>, 'store_entry': 'swift'} {{(pid=2388410) register_scheme_map /opt/stack/data/venv/lib/python3.12/site-packages/glance_store/location.py:146}}
Jul 23 10:35:45 ubuntu devstack@g-api.service[2388410]: DEBUG glance_store.location [None req-879a5963-2dde-45eb-9d44-29ce7be1e3cb ****** ******] Registering scheme swift with {'store': <glance_store._drivers.swift.store.SingleTenantStore object at 0x7b90d3f0eff0>, 'location_class': <class 'glance_store._drivers.swift.store.StoreLocation'>, 'store_entry': 'swift'} {{(pid=2388410) register_scheme_map /opt/stack/data/venv/lib/python3.12/site-packages/glance_store/location.py:146}}
Jul 23 10:35:45 ubuntu devstack@g-api.service[2388410]: DEBUG glance_store.location [None req-879a5963-2dde-45eb-9d44-29ce7be1e3cb ****** ******] Registering scheme swift+http with {'store': <glance_store._drivers.swift.store.SingleTenantStore object at 0x7b90d3f0eff0>, 'location_class': <class 'glance_store._drivers.swift.store.StoreLocation'>, 'store_entry': 'swift'} {{(pid=2388410) register_scheme_map /opt/stack/data/venv/lib/python3.12/site-packages/glance_store/location.py:146}}
Jul 23 10:35:45 ubuntu devstack@g-api.service[2388410]: DEBUG glance_store.location [None req-879a5963-2dde-45eb-9d44-29ce7be1e3cb ****** ******] Registering scheme swift+config with {'store': <glance_store._drivers.swift.store.SingleTenantStore object at 0x7b90d3f0eff0>, 'location_class': <class 'glance_store._drivers.swift.store.StoreLocation'>, 'store_entry': 'swift'} {{(pid=2388410) register_scheme_map /opt/stack/data/venv/lib/python3.12/site-packages/glance_store/location.py:146}}
Jul 23 10:35:46 ubuntu devstack@g-api.service[2388410]: INFO swiftclient [None req-879a5963-2dde-45eb-9d44-29ce7be1e3cb ****** ******] REQ: curl -i http://10.132.239.242:8080/v1/AUTH_f5c33d66cf4a4aa6b3850aa6ce6c47f7/glance -I -H "X-Auth-Token: gAAAAABqYe6BJpR6..."
Jul 23 10:35:46 ubuntu devstack@g-api.service[2388410]: INFO swiftclient [None req-879a5963-2dde-45eb-9d44-29ce7be1e3cb ****** ******] RESP STATUS: 404 Not Found
Jul 23 10:35:46 ubuntu devstack@g-api.service[2388410]: INFO swiftclient [None req-879a5963-2dde-45eb-9d44-29ce7be1e3cb ****** ******] RESP HEADERS: {'Content-Type': 'text/html; charset=UTF-8', 'Content-Length': '0', 'X-Container-Sharding': 'False', 'X-Trans-Id': 'tx8657ab0571384238bca62-006a61ee81', 'X-Openstack-Request-Id': 'tx8657ab0571384238bca62-006a61ee81', 'Date': 'Thu, 23 Jul 2026 10:35:46 GMT'}
Jul 23 10:35:46 ubuntu devstack@g-api.service[2388410]: INFO glance_store._drivers.swift.store [None req-879a5963-2dde-45eb-9d44-29ce7be1e3cb ****** ******] Creating swift container glance
Jul 23 10:35:46 ubuntu devstack@g-api.service[2388410]: DEBUG swiftclient [None req-879a5963-2dde-45eb-9d44-29ce7be1e3cb ****** ******] REQ: curl -i http://10.132.239.242:8080/v1/AUTH_f5c33d66cf4a4aa6b3850aa6ce6c47f7/glance -X PUT -H "X-Auth-Token: gAAAAABqYe6BJpR6..." -H "Content-Length: 0" {{(pid=2388410) http_log /opt/stack/data/venv/lib/python3.12/site-packages/swiftclient/client.py:160}}
Jul 23 10:35:46 ubuntu devstack@g-api.service[2388410]: DEBUG swiftclient [None req-879a5963-2dde-45eb-9d44-29ce7be1e3cb ****** ******] RESP STATUS: 201 Created {{(pid=2388410) http_log /opt/stack/data/venv/lib/python3.12/site-packages/swiftclient/client.py:161}}
Jul 23 10:35:46 ubuntu devstack@g-api.service[2388410]: DEBUG swiftclient [None req-879a5963-2dde-45eb-9d44-29ce7be1e3cb ****** ******] RESP HEADERS: {'Content-Type': 'text/html; charset=UTF-8', 'Content-Length': '0', 'X-Trans-Id': 'tx5351739a86ab41558a1dd-006a61ee82', 'X-Openstack-Request-Id': 'tx5351739a86ab41558a1dd-006a61ee82', 'Date': 'Thu, 23 Jul 2026 10:35:46 GMT'} {{(pid=2388410) http_log /opt/stack/data/venv/lib/python3.12/site-packages/swiftclient/client.py:162}}
Jul 23 10:35:46 ubuntu devstack@g-api.service[2388410]: DEBUG glance_store._drivers.swift.store [None req-879a5963-2dde-45eb-9d44-29ce7be1e3cb ****** ******] Adding image object 'a42420b5-afa6-4754-b160-793d3c9f614e' to Swift {{(pid=2388410) add /opt/stack/data/venv/lib/python3.12/site-packages/glance_store/_drivers/swift/store.py:970}}
Jul 23 10:35:46 ubuntu devstack@g-api.service[2388410]: DEBUG oslo_utils.imageutils.format_inspector [None req-879a5963-2dde-45eb-9d44-29ce7be1e3cb ****** ******] Format inspector for vmdk does not match, excluding from consideration (Signature KDMV not found: b'QFI\xfb') {{(pid=2388410) _process_chunk /opt/stack/data/venv/lib/python3.12/site-packages/oslo_utils/imageutils/format_inspector.py:1758}}
Jul 23 10:35:46 ubuntu devstack@g-api.service[2388410]: DEBUG oslo_utils.imageutils.format_inspector [None req-879a5963-2dde-45eb-9d44-29ce7be1e3cb ****** ******] Format inspector for vhdx does not match, excluding from consideration (Region signature not found at 30000) {{(pid=2388410) _process_chunk /opt/stack/data/venv/lib/python3.12/site-packages/oslo_utils/imageutils/format_inspector.py:1758}}
Jul 23 10:35:47 ubuntu devstack@g-api.service[2388410]: DEBUG swiftclient [None req-879a5963-2dde-45eb-9d44-29ce7be1e3cb ****** ******] REQ: curl -i http://10.132.239.242:8080/v1/AUTH_f5c33d66cf4a4aa6b3850aa6ce6c47f7/glance/a42420b5-afa6-4754-b160-793d3c9f614e -X PUT -H "X-Auth-Token: gAAAAABqYe6BJpR6..." -H "Content-Length: 16338944" {{(pid=2388410) http_log /opt/stack/data/venv/lib/python3.12/site-packages/swiftclient/client.py:160}}
Jul 23 10:35:47 ubuntu devstack@g-api.service[2388410]: DEBUG swiftclient [None req-879a5963-2dde-45eb-9d44-29ce7be1e3cb ****** ******] RESP STATUS: 201 Created {{(pid=2388410) http_log /opt/stack/data/venv/lib/python3.12/site-packages/swiftclient/client.py:161}}
Jul 23 10:35:47 ubuntu devstack@g-api.service[2388410]: DEBUG swiftclient [None req-879a5963-2dde-45eb-9d44-29ce7be1e3cb ****** ******] RESP HEADERS: {'Content-Type': 'text/html; charset=UTF-8', 'Content-Length': '0', 'Etag': '1d3062cd89af34e419f7100277f38b2b', 'Last-Modified': 'Thu, 23 Jul 2026 10:35:47 GMT', 'X-Trans-Id': 'tx30c969b5951c4f8cbf97f-006a61ee82', 'X-Openstack-Request-Id': 'tx30c969b5951c4f8cbf97f-006a61ee82', 'Date': 'Thu, 23 Jul 2026 10:35:47 GMT'} {{(pid=2388410) http_log /opt/stack/data/venv/lib/python3.12/site-packages/swiftclient/client.py:162}}
Jul 23 10:35:47 ubuntu devstack@g-api.service[2388410]: INFO glance.location [None req-879a5963-2dde-45eb-9d44-29ce7be1e3cb ****** ******] Image format matched and virtual size computed: 117440512
Jul 23 10:35:47 ubuntu devstack@g-api.service[2388410]: DEBUG glance_store.backend [None req-879a5963-2dde-45eb-9d44-29ce7be1e3cb ****** ******] Attempting to import store swift {{(pid=2388410) _load_store /opt/stack/data/venv/lib/python3.12/site-packages/glance_store/backend.py:215}}
Jul 23 10:35:47 ubuntu devstack@g-api.service[2388410]: DEBUG glance_store.capabilities [None req-879a5963-2dde-45eb-9d44-29ce7be1e3cb ****** ******] Store glance_store._drivers.swift.store.SingleTenantStore doesn't support updating dynamic storage capabilities. Please overwrite 'update_capabilities' method of the store to implement updating logics if needed. {{(pid=2388410) update_capabilities /opt/stack/data/venv/lib/python3.12/site-packages/glance_store/capabilities.py:91}}
Jul 23 10:35:47 ubuntu devstack@g-api.service[2388410]: DEBUG glance_store.driver [None req-879a5963-2dde-45eb-9d44-29ce7be1e3cb ****** ******] Late loading location class glance_store._drivers.swift.store.StoreLocation {{(pid=2388410) get_store_location_class /opt/stack/data/venv/lib/python3.12/site-packages/glance_store/driver.py:134}}
Jul 23 10:35:47 ubuntu devstack@g-api.service[2388410]: DEBUG glance_store.location [None req-879a5963-2dde-45eb-9d44-29ce7be1e3cb ****** ******] Registering scheme swift+https with {'store': <glance_store._drivers.swift.store.SingleTenantStore object at 0x7b90da24de50>, 'location_class': <class 'glance_store._drivers.swift.store.StoreLocation'>, 'store_entry': 'swift'} {{(pid=2388410) register_scheme_map /opt/stack/data/venv/lib/python3.12/site-packages/glance_store/location.py:146}}
Jul 23 10:35:47 ubuntu devstack@g-api.service[2388410]: DEBUG glance_store.location [None req-879a5963-2dde-45eb-9d44-29ce7be1e3cb ****** ******] Registering scheme swift+https with {'store': <glance_store._drivers.swift.store.SingleTenantStore object at 0x7b90da24de50>, 'location_class': <class 'glance_store._drivers.swift.store.StoreLocation'>, 'store_entry': 'swift'} {{(pid=2388410) register_scheme_map /opt/stack/data/venv/lib/python3.12/site-packages/glance_store/location.py:146}}
Jul 23 10:35:47 ubuntu devstack@g-api.service[2388410]: DEBUG glance_store.location [None req-879a5963-2dde-45eb-9d44-29ce7be1e3cb ****** ******] Registering scheme swift with {'store': <glance_store._drivers.swift.store.SingleTenantStore object at 0x7b90da24de50>, 'location_class': <class 'glance_store._drivers.swift.store.StoreLocation'>, 'store_entry': 'swift'} {{(pid=2388410) register_scheme_map /opt/stack/data/venv/lib/python3.12/site-packages/glance_store/location.py:146}}
Jul 23 10:35:47 ubuntu devstack@g-api.service[2388410]: DEBUG glance_store.location [None req-879a5963-2dde-45eb-9d44-29ce7be1e3cb ****** ******] Registering scheme swift+https with {'store': <glance_store._drivers.swift.store.SingleTenantStore object at 0x7b90da24de50>, 'location_class': <class 'glance_store._drivers.swift.store.StoreLocation'>, 'store_entry': 'swift'} {{(pid=2388410) register_scheme_map /opt/stack/data/venv/lib/python3.12/site-packages/glance_store/location.py:146}}
Jul 23 10:35:47 ubuntu devstack@g-api.service[2388410]: DEBUG glance_store.location [None req-879a5963-2dde-45eb-9d44-29ce7be1e3cb ****** ******] Registering scheme swift with {'store': <glance_store._drivers.swift.store.SingleTenantStore object at 0x7b90da24de50>, 'location_class': <class 'glance_store._drivers.swift.store.StoreLocation'>, 'store_entry': 'swift'} {{(pid=2388410) register_scheme_map /opt/stack/data/venv/lib/python3.12/site-packages/glance_store/location.py:146}}
Jul 23 10:35:47 ubuntu devstack@g-api.service[2388410]: DEBUG glance_store.location [None req-879a5963-2dde-45eb-9d44-29ce7be1e3cb ****** ******] Registering scheme swift+http with {'store': <glance_store._drivers.swift.store.SingleTenantStore object at 0x7b90da24de50>, 'location_class': <class 'glance_store._drivers.swift.store.StoreLocation'>, 'store_entry': 'swift'} {{(pid=2388410) register_scheme_map /opt/stack/data/venv/lib/python3.12/site-packages/glance_store/location.py:146}}
Jul 23 10:35:47 ubuntu devstack@g-api.service[2388410]: DEBUG glance_store.location [None req-879a5963-2dde-45eb-9d44-29ce7be1e3cb ****** ******] Registering scheme swift+https with {'store': <glance_store._drivers.swift.store.SingleTenantStore object at 0x7b90da24de50>, 'location_class': <class 'glance_store._drivers.swift.store.StoreLocation'>, 'store_entry': 'swift'} {{(pid=2388410) register_scheme_map /opt/stack/data/venv/lib/python3.12/site-packages/glance_store/location.py:146}}
Jul 23 10:35:47 ubuntu devstack@g-api.service[2388410]: DEBUG glance_store.location [None req-879a5963-2dde-45eb-9d44-29ce7be1e3cb ****** ******] Registering scheme swift with {'store': <glance_store._drivers.swift.store.SingleTenantStore object at 0x7b90da24de50>, 'location_class': <class 'glance_store._drivers.swift.store.StoreLocation'>, 'store_entry': 'swift'} {{(pid=2388410) register_scheme_map /opt/stack/data/venv/lib/python3.12/site-packages/glance_store/location.py:146}}
Jul 23 10:35:47 ubuntu devstack@g-api.service[2388410]: DEBUG glance_store.location [None req-879a5963-2dde-45eb-9d44-29ce7be1e3cb ****** ******] Registering scheme swift+http with {'store': <glance_store._drivers.swift.store.SingleTenantStore object at 0x7b90da24de50>, 'location_class': <class 'glance_store._drivers.swift.store.StoreLocation'>, 'store_entry': 'swift'} {{(pid=2388410) register_scheme_map /opt/stack/data/venv/lib/python3.12/site-packages/glance_store/location.py:146}}
Jul 23 10:35:47 ubuntu devstack@g-api.service[2388410]: DEBUG glance_store.location [None req-879a5963-2dde-45eb-9d44-29ce7be1e3cb ****** ******] Registering scheme swift+config with {'store': <glance_store._drivers.swift.store.SingleTenantStore object at 0x7b90da24de50>, 'location_class': <class 'glance_store._drivers.swift.store.StoreLocation'>, 'store_entry': 'swift'} {{(pid=2388410) register_scheme_map /opt/stack/data/venv/lib/python3.12/site-packages/glance_store/location.py:146}}
Jul 23 10:35:47 ubuntu devstack@g-api.service[2388410]: DEBUG glance_store.backend [None req-879a5963-2dde-45eb-9d44-29ce7be1e3cb ****** ******] Skipping store.set_acls... not implemented. {{(pid=2388410) set_acls /opt/stack/data/venv/lib/python3.12/site-packages/glance_store/backend.py:507}}
Jul 23 10:35:47 ubuntu devstack@g-api.service[2388410]: [pid: 2388410|app: 0|req: 2/4] 127.0.0.1 () {40 vars in 865 bytes} [Thu Jul 23 10:35:43 2026] PUT /v2/images/a42420b5-afa6-4754-b160-793d3c9f614e/file => generated 0 bytes in 4281 msecs (HTTP/1.1 204) 4 headers in 171 bytes (2 switches on core 0)
Jul 23 10:35:47 ubuntu devstack@g-api.service[2388408]: DEBUG glance.api.middleware.version_negotiation [None req-867783ce-43eb-43c4-beef-15e7f4c1c204 ****** ******] Determining version of request: GET /v2/images/a42420b5-afa6-4754-b160-793d3c9f614e Accept: */* {{(pid=2388408) process_request /opt/stack/glance/glance/api/middleware/version_negotiation.py:44}}
Jul 23 10:35:47 ubuntu devstack@g-api.service[2388408]: DEBUG glance.api.middleware.version_negotiation [None req-867783ce-43eb-43c4-beef-15e7f4c1c204 ****** ******] Using url versioning {{(pid=2388408) process_request /opt/stack/glance/glance/api/middleware/version_negotiation.py:57}}
Jul 23 10:35:47 ubuntu devstack@g-api.service[2388408]: DEBUG glance.api.middleware.version_negotiation [None req-867783ce-43eb-43c4-beef-15e7f4c1c204 ****** ******] Matched version: v2 {{(pid=2388408) process_request /opt/stack/glance/glance/api/middleware/version_negotiation.py:69}}
Jul 23 10:35:47 ubuntu devstack@g-api.service[2388408]: DEBUG glance.api.middleware.version_negotiation [None req-867783ce-43eb-43c4-beef-15e7f4c1c204 ****** ******] new path /v2/images/a42420b5-afa6-4754-b160-793d3c9f614e {{(pid=2388408) process_request /opt/stack/glance/glance/api/middleware/version_negotiation.py:70}}
Jul 23 10:35:47 ubuntu devstack@g-api.service[2388408]: [pid: 2388408|app: 0|req: 3/5] 127.0.0.1 () {36 vars in 792 bytes} [Thu Jul 23 10:35:47 2026] GET /v2/images/a42420b5-afa6-4754-b160-793d3c9f614e => generated 976 bytes in 25 msecs (HTTP/1.1 200) 4 headers in 157 bytes (1 switches on core 0)
Jul 23 10:35:57 ubuntu devstack@g-api.service[2388410]: DEBUG dbcounter [-] [2388410] Writing DB stats glance:SELECT=16,glance:UPDATE=2,glance:INSERT=1 {{(pid=2388410) stat_writer /opt/stack/data/venv/lib/python3.12/site-packages/dbcounter.py:115}}
Jul 23 10:35:57 ubuntu devstack@g-api.service[2388408]: DEBUG dbcounter [-] [2388408] Writing DB stats glance:SELECT=6,glance:INSERT=5 {{(pid=2388408) stat_writer /opt/stack/data/venv/lib/python3.12/site-packages/dbcounter.py:115}}
Jul 23 10:37:02 ubuntu devstack@g-api.service[2388410]: DEBUG glance.api.middleware.version_negotiation [None req-879a5963-2dde-45eb-9d44-29ce7be1e3cb ****** ******] Determining version of request: GET / Accept: application/json {{(pid=2388410) process_request /opt/stack/glance/glance/api/middleware/version_negotiation.py:44}}
Jul 23 10:37:02 ubuntu devstack@g-api.service[2388410]: DEBUG glance.api.middleware.version_negotiation [None req-879a5963-2dde-45eb-9d44-29ce7be1e3cb ****** ******] Using url versioning {{(pid=2388410) process_request /opt/stack/glance/glance/api/middleware/version_negotiation.py:57}}
Jul 23 10:37:02 ubuntu devstack@g-api.service[2388410]: DEBUG glance.api.middleware.version_negotiation [None req-879a5963-2dde-45eb-9d44-29ce7be1e3cb ****** ******] Unknown version. Returning version choices. {{(pid=2388410) process_request /opt/stack/glance/glance/api/middleware/version_negotiation.py:64}}
Jul 23 10:37:02 ubuntu devstack@g-api.service[2388410]: [pid: 2388410|app: 0|req: 3/6] 127.0.0.1 () {34 vars in 509 bytes} [Thu Jul 23 10:37:02 2026] GET / => generated 1557 bytes in 5 msecs (HTTP/1.1 300) 3 headers in 106 bytes (1 switches on core 0)
Jul 23 10:37:02 ubuntu devstack@g-api.service[2388408]: DEBUG glance.api.middleware.version_negotiation [None req-152d3bf5-4ca7-4e7f-95b6-ce5db98dc60f ****** ******] Determining version of request: GET /v2/images Accept: application/json {{(pid=2388408) process_request /opt/stack/glance/glance/api/middleware/version_negotiation.py:44}}
Jul 23 10:37:02 ubuntu devstack@g-api.service[2388408]: DEBUG glance.api.middleware.version_negotiation [None req-152d3bf5-4ca7-4e7f-95b6-ce5db98dc60f ****** ******] Using url versioning {{(pid=2388408) process_request /opt/stack/glance/glance/api/middleware/version_negotiation.py:57}}
Jul 23 10:37:02 ubuntu devstack@g-api.service[2388408]: DEBUG glance.api.middleware.version_negotiation [None req-152d3bf5-4ca7-4e7f-95b6-ce5db98dc60f ****** ******] Matched version: v2 {{(pid=2388408) process_request /opt/stack/glance/glance/api/middleware/version_negotiation.py:69}}
Jul 23 10:37:02 ubuntu devstack@g-api.service[2388408]: DEBUG glance.api.middleware.version_negotiation [None req-152d3bf5-4ca7-4e7f-95b6-ce5db98dc60f ****** ******] new path /v2/images {{(pid=2388408) process_request /opt/stack/glance/glance/api/middleware/version_negotiation.py:70}}
Jul 23 10:37:02 ubuntu devstack@g-api.service[2388408]: [pid: 2388408|app: 0|req: 4/7] 127.0.0.1 () {36 vars in 731 bytes} [Thu Jul 23 10:37:02 2026] GET /v2/images => generated 1045 bytes in 260 msecs (HTTP/1.1 200) 4 headers in 158 bytes (1 switches on core 0)
Jul 23 10:37:12 ubuntu devstack@g-api.service[2388408]: DEBUG dbcounter [-] [2388408] Writing DB stats glance:SELECT=1 {{(pid=2388408) stat_writer /opt/stack/data/venv/lib/python3.12/site-packages/dbcounter.py:115}}
Jul 23 10:37:13 ubuntu devstack@g-api.service[2388410]: DEBUG glance.api.middleware.version_negotiation [None req-879a5963-2dde-45eb-9d44-29ce7be1e3cb ****** ******] Determining version of request: GET / Accept: application/json {{(pid=2388410) process_request /opt/stack/glance/glance/api/middleware/version_negotiation.py:44}}
Jul 23 10:37:13 ubuntu devstack@g-api.service[2388410]: DEBUG glance.api.middleware.version_negotiation [None req-879a5963-2dde-45eb-9d44-29ce7be1e3cb ****** ******] Using url versioning {{(pid=2388410) process_request /opt/stack/glance/glance/api/middleware/version_negotiation.py:57}}
Jul 23 10:37:13 ubuntu devstack@g-api.service[2388410]: DEBUG glance.api.middleware.version_negotiation [None req-879a5963-2dde-45eb-9d44-29ce7be1e3cb ****** ******] Unknown version. Returning version choices. {{(pid=2388410) process_request /opt/stack/glance/glance/api/middleware/version_negotiation.py:64}}
Jul 23 10:37:13 ubuntu devstack@g-api.service[2388410]: [pid: 2388410|app: 0|req: 4/8] 127.0.0.1 () {34 vars in 509 bytes} [Thu Jul 23 10:37:13 2026] GET / => generated 1557 bytes in 2 msecs (HTTP/1.1 300) 3 headers in 106 bytes (1 switches on core 0)
Jul 23 10:37:13 ubuntu devstack@g-api.service[2388408]: DEBUG glance.api.middleware.version_negotiation [None req-fc4b1af0-662f-4c50-b51a-1d7855c405f8 ****** ******] Determining version of request: GET /v2/images/a42420b5-afa6-4754-b160-793d3c9f614e Accept: */* {{(pid=2388408) process_request /opt/stack/glance/glance/api/middleware/version_negotiation.py:44}}
Jul 23 10:37:13 ubuntu devstack@g-api.service[2388408]: DEBUG glance.api.middleware.version_negotiation [None req-fc4b1af0-662f-4c50-b51a-1d7855c405f8 ****** ******] Using url versioning {{(pid=2388408) process_request /opt/stack/glance/glance/api/middleware/version_negotiation.py:57}}
Jul 23 10:37:13 ubuntu devstack@g-api.service[2388408]: DEBUG glance.api.middleware.version_negotiation [None req-fc4b1af0-662f-4c50-b51a-1d7855c405f8 ****** ******] Matched version: v2 {{(pid=2388408) process_request /opt/stack/glance/glance/api/middleware/version_negotiation.py:69}}
Jul 23 10:37:13 ubuntu devstack@g-api.service[2388408]: DEBUG glance.api.middleware.version_negotiation [None req-fc4b1af0-662f-4c50-b51a-1d7855c405f8 ****** ******] new path /v2/images/a42420b5-afa6-4754-b160-793d3c9f614e {{(pid=2388408) process_request /opt/stack/glance/glance/api/middleware/version_negotiation.py:70}}
Jul 23 10:37:13 ubuntu devstack@g-api.service[2388408]: [pid: 2388408|app: 0|req: 5/9] 127.0.0.1 () {36 vars in 792 bytes} [Thu Jul 23 10:37:13 2026] GET /v2/images/a42420b5-afa6-4754-b160-793d3c9f614e => generated 976 bytes in 46 msecs (HTTP/1.1 200) 4 headers in 157 bytes (1 switches on core 0)
Jul 23 10:37:19 ubuntu devstack@g-api.service[2388410]: DEBUG glance.api.middleware.version_negotiation [None req-879a5963-2dde-45eb-9d44-29ce7be1e3cb ****** ******] Determining version of request: GET / Accept: application/json {{(pid=2388410) process_request /opt/stack/glance/glance/api/middleware/version_negotiation.py:44}}
Jul 23 10:37:19 ubuntu devstack@g-api.service[2388410]: DEBUG glance.api.middleware.version_negotiation [None req-879a5963-2dde-45eb-9d44-29ce7be1e3cb ****** ******] Using url versioning {{(pid=2388410) process_request /opt/stack/glance/glance/api/middleware/version_negotiation.py:57}}
Jul 23 10:37:19 ubuntu devstack@g-api.service[2388410]: DEBUG glance.api.middleware.version_negotiation [None req-879a5963-2dde-45eb-9d44-29ce7be1e3cb ****** ******] Unknown version. Returning version choices. {{(pid=2388410) process_request /opt/stack/glance/glance/api/middleware/version_negotiation.py:64}}
Jul 23 10:37:19 ubuntu devstack@g-api.service[2388410]: [pid: 2388410|app: 0|req: 5/10] 127.0.0.1 () {34 vars in 509 bytes} [Thu Jul 23 10:37:19 2026] GET / => generated 1557 bytes in 5 msecs (HTTP/1.1 300) 3 headers in 106 bytes (1 switches on core 0)
Jul 23 10:37:19 ubuntu devstack@g-api.service[2388408]: DEBUG glance.api.middleware.version_negotiation [None req-014c551c-5fbb-40c1-b907-e955d521ee02 ****** ******] Determining version of request: GET /v2/images/a42420b5-afa6-4754-b160-793d3c9f614e Accept: */* {{(pid=2388408) process_request /opt/stack/glance/glance/api/middleware/version_negotiation.py:44}}
Jul 23 10:37:19 ubuntu devstack@g-api.service[2388408]: DEBUG glance.api.middleware.version_negotiation [None req-014c551c-5fbb-40c1-b907-e955d521ee02 ****** ******] Using url versioning {{(pid=2388408) process_request /opt/stack/glance/glance/api/middleware/version_negotiation.py:57}}
Jul 23 10:37:19 ubuntu devstack@g-api.service[2388408]: DEBUG glance.api.middleware.version_negotiation [None req-014c551c-5fbb-40c1-b907-e955d521ee02 ****** ******] Matched version: v2 {{(pid=2388408) process_request /opt/stack/glance/glance/api/middleware/version_negotiation.py:69}}
Jul 23 10:37:19 ubuntu devstack@g-api.service[2388408]: DEBUG glance.api.middleware.version_negotiation [None req-014c551c-5fbb-40c1-b907-e955d521ee02 ****** ******] new path /v2/images/a42420b5-afa6-4754-b160-793d3c9f614e {{(pid=2388408) process_request /opt/stack/glance/glance/api/middleware/version_negotiation.py:70}}
Jul 23 10:37:19 ubuntu devstack@g-api.service[2388408]: [pid: 2388408|app: 0|req: 6/11] 127.0.0.1 () {36 vars in 792 bytes} [Thu Jul 23 10:37:19 2026] GET /v2/images/a42420b5-afa6-4754-b160-793d3c9f614e => generated 976 bytes in 74 msecs (HTTP/1.1 200) 4 headers in 157 bytes (1 switches on core 0)
Jul 23 10:37:29 ubuntu devstack@g-api.service[2388408]: DEBUG dbcounter [-] [2388408] Writing DB stats glance:SELECT=4 {{(pid=2388408) stat_writer /opt/stack/data/venv/lib/python3.12/site-packages/dbcounter.py:115}}
Jul 23 10:39:10 ubuntu devstack@g-api.service[2388410]: DEBUG glance.api.middleware.version_negotiation [None req-879a5963-2dde-45eb-9d44-29ce7be1e3cb ****** ******] Determining version of request: GET / Accept: application/json {{(pid=2388410) process_request /opt/stack/glance/glance/api/middleware/version_negotiation.py:44}}
Jul 23 10:39:10 ubuntu devstack@g-api.service[2388410]: DEBUG glance.api.middleware.version_negotiation [None req-879a5963-2dde-45eb-9d44-29ce7be1e3cb ****** ******] Using url versioning {{(pid=2388410) process_request /opt/stack/glance/glance/api/middleware/version_negotiation.py:57}}
Jul 23 10:39:10 ubuntu devstack@g-api.service[2388410]: DEBUG glance.api.middleware.version_negotiation [None req-879a5963-2dde-45eb-9d44-29ce7be1e3cb ****** ******] Unknown version. Returning version choices. {{(pid=2388410) process_request /opt/stack/glance/glance/api/middleware/version_negotiation.py:64}}
Jul 23 10:39:10 ubuntu devstack@g-api.service[2388410]: [pid: 2388410|app: 0|req: 6/12] 127.0.0.1 () {36 vars in 478 bytes} [Thu Jul 23 10:39:10 2026] GET / => generated 1557 bytes in 3 msecs (HTTP/1.1 300) 3 headers in 106 bytes (1 switches on core 0)
Jul 23 10:40:28 ubuntu devstack@g-api.service[2388408]: DEBUG glance.api.middleware.version_negotiation [None req-1731562f-4e2b-4370-a583-c0e7e6da090a ****** ******] Determining version of request: GET / Accept: application/json {{(pid=2388408) process_request /opt/stack/glance/glance/api/middleware/version_negotiation.py:44}}
Jul 23 10:40:28 ubuntu devstack@g-api.service[2388408]: DEBUG glance.api.middleware.version_negotiation [None req-1731562f-4e2b-4370-a583-c0e7e6da090a ****** ******] Using url versioning {{(pid=2388408) process_request /opt/stack/glance/glance/api/middleware/version_negotiation.py:57}}
Jul 23 10:40:28 ubuntu devstack@g-api.service[2388408]: DEBUG glance.api.middleware.version_negotiation [None req-1731562f-4e2b-4370-a583-c0e7e6da090a ****** ******] Unknown version. Returning version choices. {{(pid=2388408) process_request /opt/stack/glance/glance/api/middleware/version_negotiation.py:64}}
Jul 23 10:40:28 ubuntu devstack@g-api.service[2388408]: [pid: 2388408|app: 0|req: 7/13] 127.0.0.1 () {34 vars in 509 bytes} [Thu Jul 23 10:40:28 2026] GET / => generated 1557 bytes in 5 msecs (HTTP/1.1 300) 3 headers in 106 bytes (1 switches on core 0)
