Jul 24 20:16:23 ubuntu devstack@c-api.service[3498562]: 2026-07-24 20:16:23.400 3498562 DEBUG cinder.api.extensions [-] Ext description: Expose the internal project_id as an attribute of a volume. {{(pid=3498562) _check_extension /opt/stack/cinder/cinder/api/extensions.py:176}}
Jul 24 20:16:23 ubuntu devstack@c-api.service[3498562]: 2026-07-24 20:16:23.400 3498562 DEBUG cinder.api.extensions [-] Ext updated: 2011-11-03T00:00:00+00:00 {{(pid=3498562) _check_extension /opt/stack/cinder/cinder/api/extensions.py:178}}
Jul 24 20:16:23 ubuntu devstack@c-api.service[3498562]: 2026-07-24 20:16:23.400 3498562 DEBUG cinder.api.extensions [-] Loaded extension: os-vol-tenant-attr {{(pid=3498562) register /opt/stack/cinder/cinder/api/extensions.py:135}}
Jul 24 20:16:23 ubuntu devstack@c-api.service[3498562]: 2026-07-24 20:16:23.400 3498562 DEBUG cinder.api.extensions [-] Loading extension cinder.api.contrib.volume_manage.Volume_manage {{(pid=3498562) load_extension /opt/stack/cinder/cinder/api/extensions.py:194}}
Jul 24 20:16:23 ubuntu devstack@c-api.service[3498562]: 2026-07-24 20:16:23.400 3498562 DEBUG cinder.api.extensions [-] Calling extension factory cinder.api.contrib.volume_manage.Volume_manage {{(pid=3498562) load_extension /opt/stack/cinder/cinder/api/extensions.py:200}}
Jul 24 20:16:23 ubuntu devstack@c-api.service[3498562]: 2026-07-24 20:16:23.400 3498562 DEBUG cinder.api.extensions [-] Ext name: VolumeManage {{(pid=3498562) _check_extension /opt/stack/cinder/cinder/api/extensions.py:174}}
Jul 24 20:16:23 ubuntu devstack@c-api.service[3498562]: 2026-07-24 20:16:23.400 3498562 DEBUG cinder.api.extensions [-] Ext alias: os-volume-manage {{(pid=3498562) _check_extension /opt/stack/cinder/cinder/api/extensions.py:175}}
Jul 24 20:16:23 ubuntu devstack@c-api.service[3498562]: 2026-07-24 20:16:23.400 3498562 DEBUG cinder.api.extensions [-] Ext description: Allows existing backend storage to be 'managed' by Cinder. {{(pid=3498562) _check_extension /opt/stack/cinder/cinder/api/extensions.py:176}}
Jul 24 20:16:23 ubuntu devstack@c-api.service[3498562]: 2026-07-24 20:16:23.400 3498562 DEBUG cinder.api.extensions [-] Ext updated: 2014-02-10T00:00:00+00:00 {{(pid=3498562) _check_extension /opt/stack/cinder/cinder/api/extensions.py:178}}
Jul 24 20:16:23 ubuntu devstack@c-api.service[3498562]: 2026-07-24 20:16:23.401 3498562 DEBUG cinder.api.extensions [-] Loaded extension: os-volume-manage {{(pid=3498562) register /opt/stack/cinder/cinder/api/extensions.py:135}}
Jul 24 20:16:23 ubuntu devstack@c-api.service[3498562]: 2026-07-24 20:16:23.401 3498562 DEBUG cinder.api.extensions [-] Loading extension cinder.api.contrib.volume_type_access.Volume_type_access {{(pid=3498562) load_extension /opt/stack/cinder/cinder/api/extensions.py:194}}
Jul 24 20:16:23 ubuntu devstack@c-api.service[3498562]: 2026-07-24 20:16:23.401 3498562 DEBUG cinder.api.extensions [-] Calling extension factory cinder.api.contrib.volume_type_access.Volume_type_access {{(pid=3498562) load_extension /opt/stack/cinder/cinder/api/extensions.py:200}}
Jul 24 20:16:23 ubuntu devstack@c-api.service[3498562]: 2026-07-24 20:16:23.402 3498562 DEBUG cinder.api.extensions [-] Ext name: VolumeTypeAccess {{(pid=3498562) _check_extension /opt/stack/cinder/cinder/api/extensions.py:174}}
Jul 24 20:16:23 ubuntu devstack@c-api.service[3498562]: 2026-07-24 20:16:23.402 3498562 DEBUG cinder.api.extensions [-] Ext alias: os-volume-type-access {{(pid=3498562) _check_extension /opt/stack/cinder/cinder/api/extensions.py:175}}
Jul 24 20:16:23 ubuntu devstack@c-api.service[3498562]: 2026-07-24 20:16:23.402 3498562 DEBUG cinder.api.extensions [-] Ext description: Volume type access support. {{(pid=3498562) _check_extension /opt/stack/cinder/cinder/api/extensions.py:176}}
Jul 24 20:16:23 ubuntu devstack@c-api.service[3498562]: 2026-07-24 20:16:23.402 3498562 DEBUG cinder.api.extensions [-] Ext updated: 2014-06-26T00:00:00Z {{(pid=3498562) _check_extension /opt/stack/cinder/cinder/api/extensions.py:178}}
Jul 24 20:16:23 ubuntu devstack@c-api.service[3498562]: 2026-07-24 20:16:23.402 3498562 DEBUG cinder.api.extensions [-] Loaded extension: os-volume-type-access {{(pid=3498562) register /opt/stack/cinder/cinder/api/extensions.py:135}}
Jul 24 20:16:23 ubuntu devstack@c-api.service[3498562]: 2026-07-24 20:16:23.402 3498562 DEBUG cinder.api.extensions [-] Loading extension cinder.api.contrib.quotas.Quotas {{(pid=3498562) load_extension /opt/stack/cinder/cinder/api/extensions.py:194}}
Jul 24 20:16:23 ubuntu devstack@c-api.service[3498562]: 2026-07-24 20:16:23.403 3498562 DEBUG cinder.api.extensions [-] Calling extension factory cinder.api.contrib.quotas.Quotas {{(pid=3498562) load_extension /opt/stack/cinder/cinder/api/extensions.py:200}}
Jul 24 20:16:23 ubuntu devstack@c-api.service[3498562]: 2026-07-24 20:16:23.403 3498562 DEBUG cinder.api.extensions [-] Ext name: Quotas {{(pid=3498562) _check_extension /opt/stack/cinder/cinder/api/extensions.py:174}}
Jul 24 20:16:23 ubuntu devstack@c-api.service[3498562]: 2026-07-24 20:16:23.403 3498562 DEBUG cinder.api.extensions [-] Ext alias: os-quota-sets {{(pid=3498562) _check_extension /opt/stack/cinder/cinder/api/extensions.py:175}}
Jul 24 20:16:23 ubuntu devstack@c-api.service[3498562]: 2026-07-24 20:16:23.403 3498562 DEBUG cinder.api.extensions [-] Ext description: Quota management support. {{(pid=3498562) _check_extension /opt/stack/cinder/cinder/api/extensions.py:176}}
Jul 24 20:16:23 ubuntu devstack@c-api.service[3498562]: 2026-07-24 20:16:23.404 3498562 DEBUG cinder.api.extensions [-] Ext updated: 2011-08-08T00:00:00+00:00 {{(pid=3498562) _check_extension /opt/stack/cinder/cinder/api/extensions.py:178}}
Jul 24 20:16:23 ubuntu devstack@c-api.service[3498562]: 2026-07-24 20:16:23.404 3498562 DEBUG cinder.api.extensions [-] Loaded extension: os-quota-sets {{(pid=3498562) register /opt/stack/cinder/cinder/api/extensions.py:135}}
Jul 24 20:16:23 ubuntu devstack@c-api.service[3498562]: 2026-07-24 20:16:23.404 3498562 DEBUG cinder.api.extensions [-] Loading extension cinder.api.contrib.volume_transfer.Volume_transfer {{(pid=3498562) load_extension /opt/stack/cinder/cinder/api/extensions.py:194}}
Jul 24 20:16:23 ubuntu devstack@c-api.service[3498562]: 2026-07-24 20:16:23.404 3498562 DEBUG cinder.api.extensions [-] Calling extension factory cinder.api.contrib.volume_transfer.Volume_transfer {{(pid=3498562) load_extension /opt/stack/cinder/cinder/api/extensions.py:200}}
Jul 24 20:16:23 ubuntu devstack@c-api.service[3498562]: 2026-07-24 20:16:23.404 3498562 DEBUG cinder.api.extensions [-] Ext name: VolumeTransfer {{(pid=3498562) _check_extension /opt/stack/cinder/cinder/api/extensions.py:174}}
Jul 24 20:16:23 ubuntu devstack@c-api.service[3498562]: 2026-07-24 20:16:23.404 3498562 DEBUG cinder.api.extensions [-] Ext alias: os-volume-transfer {{(pid=3498562) _check_extension /opt/stack/cinder/cinder/api/extensions.py:175}}
Jul 24 20:16:23 ubuntu devstack@c-api.service[3498562]: 2026-07-24 20:16:23.404 3498562 DEBUG cinder.api.extensions [-] Ext description: Volume transfer management support. {{(pid=3498562) _check_extension /opt/stack/cinder/cinder/api/extensions.py:176}}
Jul 24 20:16:23 ubuntu devstack@c-api.service[3498562]: 2026-07-24 20:16:23.404 3498562 DEBUG cinder.api.extensions [-] Ext updated: 2013-05-29T00:00:00+00:00 {{(pid=3498562) _check_extension /opt/stack/cinder/cinder/api/extensions.py:178}}
Jul 24 20:16:23 ubuntu devstack@c-api.service[3498562]: 2026-07-24 20:16:23.404 3498562 DEBUG cinder.api.extensions [-] Loaded extension: os-volume-transfer {{(pid=3498562) register /opt/stack/cinder/cinder/api/extensions.py:135}}
Jul 24 20:16:23 ubuntu devstack@c-api.service[3498562]: 2026-07-24 20:16:23.404 3498562 DEBUG cinder.api.extensions [-] Loading extension cinder.api.contrib.volume_type_encryption.Volume_type_encryption {{(pid=3498562) load_extension /opt/stack/cinder/cinder/api/extensions.py:194}}
Jul 24 20:16:23 ubuntu devstack@c-api.service[3498562]: 2026-07-24 20:16:23.405 3498562 DEBUG cinder.api.extensions [-] Calling extension factory cinder.api.contrib.volume_type_encryption.Volume_type_encryption {{(pid=3498562) load_extension /opt/stack/cinder/cinder/api/extensions.py:200}}
Jul 24 20:16:23 ubuntu devstack@c-api.service[3498562]: 2026-07-24 20:16:23.406 3498562 DEBUG cinder.api.extensions [-] Ext name: VolumeTypeEncryption {{(pid=3498562) _check_extension /opt/stack/cinder/cinder/api/extensions.py:174}}
Jul 24 20:16:23 ubuntu devstack@c-api.service[3498562]: 2026-07-24 20:16:23.406 3498562 DEBUG cinder.api.extensions [-] Ext alias: encryption {{(pid=3498562) _check_extension /opt/stack/cinder/cinder/api/extensions.py:175}}
Jul 24 20:16:23 ubuntu devstack@c-api.service[3498562]: 2026-07-24 20:16:23.406 3498562 DEBUG cinder.api.extensions [-] Ext description: Encryption support for volume types. {{(pid=3498562) _check_extension /opt/stack/cinder/cinder/api/extensions.py:176}}
Jul 24 20:16:23 ubuntu devstack@c-api.service[3498562]: 2026-07-24 20:16:23.406 3498562 DEBUG cinder.api.extensions [-] Ext updated: 2013-07-01T00:00:00+00:00 {{(pid=3498562) _check_extension /opt/stack/cinder/cinder/api/extensions.py:178}}
Jul 24 20:16:23 ubuntu devstack@c-api.service[3498562]: 2026-07-24 20:16:23.406 3498562 DEBUG cinder.api.extensions [-] Loaded extension: encryption {{(pid=3498562) register /opt/stack/cinder/cinder/api/extensions.py:135}}
Jul 24 20:16:23 ubuntu devstack@c-api.service[3498562]: 2026-07-24 20:16:23.406 3498562 DEBUG cinder.api.extensions [-] Loading extension cinder.api.contrib.snapshot_unmanage.Snapshot_unmanage {{(pid=3498562) load_extension /opt/stack/cinder/cinder/api/extensions.py:194}}
Jul 24 20:16:23 ubuntu devstack@c-api.service[3498562]: 2026-07-24 20:16:23.407 3498562 DEBUG cinder.api.extensions [-] Calling extension factory cinder.api.contrib.snapshot_unmanage.Snapshot_unmanage {{(pid=3498562) load_extension /opt/stack/cinder/cinder/api/extensions.py:200}}
Jul 24 20:16:23 ubuntu devstack@c-api.service[3498562]: 2026-07-24 20:16:23.407 3498562 DEBUG cinder.api.extensions [-] Ext name: SnapshotUnmanage {{(pid=3498562) _check_extension /opt/stack/cinder/cinder/api/extensions.py:174}}
Jul 24 20:16:23 ubuntu devstack@c-api.service[3498562]: 2026-07-24 20:16:23.407 3498562 DEBUG cinder.api.extensions [-] Ext alias: os-snapshot-unmanage {{(pid=3498562) _check_extension /opt/stack/cinder/cinder/api/extensions.py:175}}
Jul 24 20:16:23 ubuntu devstack@c-api.service[3498562]: 2026-07-24 20:16:23.407 3498562 DEBUG cinder.api.extensions [-] Ext description: Enable volume unmanage operation. {{(pid=3498562) _check_extension /opt/stack/cinder/cinder/api/extensions.py:176}}
Jul 24 20:16:23 ubuntu devstack@c-api.service[3498562]: 2026-07-24 20:16:23.407 3498562 DEBUG cinder.api.extensions [-] Ext updated: 2014-12-31T00:00:00+00:00 {{(pid=3498562) _check_extension /opt/stack/cinder/cinder/api/extensions.py:178}}
Jul 24 20:16:23 ubuntu devstack@c-api.service[3498562]: 2026-07-24 20:16:23.408 3498562 DEBUG cinder.api.extensions [-] Loaded extension: os-snapshot-unmanage {{(pid=3498562) register /opt/stack/cinder/cinder/api/extensions.py:135}}
Jul 24 20:16:23 ubuntu devstack@c-api.service[3498562]: 2026-07-24 20:16:23.408 3498562 DEBUG cinder.api.extensions [-] Loading extension cinder.api.contrib.volume_image_metadata.Volume_image_metadata {{(pid=3498562) load_extension /opt/stack/cinder/cinder/api/extensions.py:194}}
Jul 24 20:16:23 ubuntu devstack@c-api.service[3498562]: 2026-07-24 20:16:23.409 3498562 DEBUG cinder.api.extensions [-] Calling extension factory cinder.api.contrib.volume_image_metadata.Volume_image_metadata {{(pid=3498562) load_extension /opt/stack/cinder/cinder/api/extensions.py:200}}
Jul 24 20:16:23 ubuntu devstack@c-api.service[3498562]: 2026-07-24 20:16:23.409 3498562 DEBUG cinder.api.extensions [-] Ext name: VolumeImageMetadata {{(pid=3498562) _check_extension /opt/stack/cinder/cinder/api/extensions.py:174}}
Jul 24 20:16:23 ubuntu devstack@c-api.service[3498562]: 2026-07-24 20:16:23.409 3498562 DEBUG cinder.api.extensions [-] Ext alias: os-vol-image-meta {{(pid=3498562) _check_extension /opt/stack/cinder/cinder/api/extensions.py:175}}
Jul 24 20:16:23 ubuntu devstack@c-api.service[3498562]: 2026-07-24 20:16:23.409 3498562 DEBUG cinder.api.extensions [-] Ext description: Show image metadata associated with the volume. {{(pid=3498562) _check_extension /opt/stack/cinder/cinder/api/extensions.py:176}}
Jul 24 20:16:23 ubuntu devstack@c-api.service[3498562]: 2026-07-24 20:16:23.409 3498562 DEBUG cinder.api.extensions [-] Ext updated: 2012-12-07T00:00:00+00:00 {{(pid=3498562) _check_extension /opt/stack/cinder/cinder/api/extensions.py:178}}
Jul 24 20:16:23 ubuntu devstack@c-api.service[3498562]: 2026-07-24 20:16:23.409 3498562 DEBUG cinder.api.extensions [-] Loaded extension: os-vol-image-meta {{(pid=3498562) register /opt/stack/cinder/cinder/api/extensions.py:135}}
Jul 24 20:16:23 ubuntu devstack@c-api.service[3498562]: DEBUG oslo_db.sqlalchemy.engines [None req-fd10f93e-f063-426f-a650-7a9d6e027a42 None None] MySQL server mode set to STRICT_TRANS_TABLES,STRICT_ALL_TABLES,NO_ZERO_IN_DATE,NO_ZERO_DATE,ERROR_FOR_DIVISION_BY_ZERO,TRADITIONAL,NO_ENGINE_SUBSTITUTION {{(pid=3498562) _check_effective_sql_mode /opt/stack/data/venv/lib/python3.12/site-packages/oslo_db/sqlalchemy/engines.py:325}}
Jul 24 20:16:23 ubuntu devstack@c-api.service[3498563]: INFO cinder.rpc [None req-f48ee4fa-6026-4291-8732-4b7100601508 None None] Automatically selected cinder-scheduler objects version 1.39 as minimum service version.
Jul 24 20:16:23 ubuntu devstack@c-api.service[3498563]: INFO cinder.rpc [None req-f48ee4fa-6026-4291-8732-4b7100601508 None None] Automatically selected cinder-scheduler RPC version 3.12 as minimum service version.
Jul 24 20:16:23 ubuntu devstack@c-api.service[3498563]: INFO cinder.rpc [None req-f48ee4fa-6026-4291-8732-4b7100601508 None None] Automatically selected cinder-volume objects version 1.39 as minimum service version.
Jul 24 20:16:23 ubuntu devstack@c-api.service[3498563]: INFO cinder.rpc [None req-f48ee4fa-6026-4291-8732-4b7100601508 None None] Automatically selected cinder-volume RPC version 3.20 as minimum service version.
Jul 24 20:16:23 ubuntu devstack@c-api.service[3498563]: WARNING stevedore.named [None req-f48ee4fa-6026-4291-8732-4b7100601508 None None] Could not load cinder.keymgr.conf_key_mgr.ConfKeyManager
Jul 24 20:16:23 ubuntu devstack@c-api.service[3498563]: WARNING castellan.key_manager [None req-f48ee4fa-6026-4291-8732-4b7100601508 None None] Deprecation Warning : cinder.keymgr.conf_key_mgr.ConfKeyManager is not a stevedore based driver, trying to load it as a class: stevedore.exception.NoMatches: No 'castellan.drivers' driver found, looking for 'cinder.keymgr.conf_key_mgr.ConfKeyManager'
Jul 24 20:16:23 ubuntu devstack@c-api.service[3498563]: WARNING cinder.keymgr.conf_key_mgr [None req-f48ee4fa-6026-4291-8732-4b7100601508 None None] This key manager is insecure and is not recommended for production deployments: stevedore.exception.NoMatches: No 'castellan.drivers' driver found, looking for 'cinder.keymgr.conf_key_mgr.ConfKeyManager'
Jul 24 20:16:23 ubuntu devstack@c-api.service[3498563]: WARNING stevedore.named [None req-f48ee4fa-6026-4291-8732-4b7100601508 None None] Could not load cinder.keymgr.conf_key_mgr.ConfKeyManager
Jul 24 20:16:23 ubuntu devstack@c-api.service[3498563]: WARNING castellan.key_manager [None req-f48ee4fa-6026-4291-8732-4b7100601508 None None] Deprecation Warning : cinder.keymgr.conf_key_mgr.ConfKeyManager is not a stevedore based driver, trying to load it as a class: stevedore.exception.NoMatches: No 'castellan.drivers' driver found, looking for 'cinder.keymgr.conf_key_mgr.ConfKeyManager'
Jul 24 20:16:23 ubuntu devstack@c-api.service[3498563]: DEBUG oslo_db.sqlalchemy.engines [None req-f48ee4fa-6026-4291-8732-4b7100601508 None None] MySQL server mode set to STRICT_TRANS_TABLES,STRICT_ALL_TABLES,NO_ZERO_IN_DATE,NO_ZERO_DATE,ERROR_FOR_DIVISION_BY_ZERO,TRADITIONAL,NO_ENGINE_SUBSTITUTION {{(pid=3498563) _check_effective_sql_mode /opt/stack/data/venv/lib/python3.12/site-packages/oslo_db/sqlalchemy/engines.py:325}}
Jul 24 20:16:23 ubuntu devstack@c-api.service[3498563]: INFO cinder.rpc [None req-f48ee4fa-6026-4291-8732-4b7100601508 None None] Automatically selected cinder-backup objects version 1.39 as minimum service version.
Jul 24 20:16:23 ubuntu devstack@c-api.service[3498563]: INFO cinder.rpc [None req-f48ee4fa-6026-4291-8732-4b7100601508 None None] Automatically selected cinder-backup RPC version 2.4 as minimum service version.
Jul 24 20:16:23 ubuntu devstack@c-api.service[3498563]: WARNING stevedore.named [None req-f48ee4fa-6026-4291-8732-4b7100601508 None None] Could not load cinder.keymgr.conf_key_mgr.ConfKeyManager
Jul 24 20:16:23 ubuntu devstack@c-api.service[3498563]: WARNING castellan.key_manager [None req-f48ee4fa-6026-4291-8732-4b7100601508 None None] Deprecation Warning : cinder.keymgr.conf_key_mgr.ConfKeyManager is not a stevedore based driver, trying to load it as a class: stevedore.exception.NoMatches: No 'castellan.drivers' driver found, looking for 'cinder.keymgr.conf_key_mgr.ConfKeyManager'
Jul 24 20:16:23 ubuntu devstack@c-api.service[3498562]: INFO cinder.rpc [None req-fd10f93e-f063-426f-a650-7a9d6e027a42 None None] Automatically selected cinder-scheduler objects version 1.39 as minimum service version.
Jul 24 20:16:23 ubuntu devstack@c-api.service[3498563]: WARNING stevedore.named [None req-f48ee4fa-6026-4291-8732-4b7100601508 None None] Could not load cinder.keymgr.conf_key_mgr.ConfKeyManager
Jul 24 20:16:23 ubuntu devstack@c-api.service[3498563]: WARNING castellan.key_manager [None req-f48ee4fa-6026-4291-8732-4b7100601508 None None] Deprecation Warning : cinder.keymgr.conf_key_mgr.ConfKeyManager is not a stevedore based driver, trying to load it as a class: stevedore.exception.NoMatches: No 'castellan.drivers' driver found, looking for 'cinder.keymgr.conf_key_mgr.ConfKeyManager'
Jul 24 20:16:23 ubuntu devstack@c-api.service[3498562]: INFO cinder.rpc [None req-fd10f93e-f063-426f-a650-7a9d6e027a42 None None] Automatically selected cinder-scheduler RPC version 3.12 as minimum service version.
Jul 24 20:16:23 ubuntu devstack@c-api.service[3498563]: WARNING stevedore.named [None req-f48ee4fa-6026-4291-8732-4b7100601508 None None] Could not load cinder.keymgr.conf_key_mgr.ConfKeyManager
Jul 24 20:16:23 ubuntu devstack@c-api.service[3498563]: WARNING castellan.key_manager [None req-f48ee4fa-6026-4291-8732-4b7100601508 None None] Deprecation Warning : cinder.keymgr.conf_key_mgr.ConfKeyManager is not a stevedore based driver, trying to load it as a class: stevedore.exception.NoMatches: No 'castellan.drivers' driver found, looking for 'cinder.keymgr.conf_key_mgr.ConfKeyManager'
Jul 24 20:16:23 ubuntu devstack@c-api.service[3498562]: INFO cinder.rpc [None req-fd10f93e-f063-426f-a650-7a9d6e027a42 None None] Automatically selected cinder-volume objects version 1.39 as minimum service version.
Jul 24 20:16:23 ubuntu devstack@c-api.service[3498563]: WARNING stevedore.named [None req-f48ee4fa-6026-4291-8732-4b7100601508 None None] Could not load cinder.keymgr.conf_key_mgr.ConfKeyManager
Jul 24 20:16:23 ubuntu devstack@c-api.service[3498563]: WARNING castellan.key_manager [None req-f48ee4fa-6026-4291-8732-4b7100601508 None None] Deprecation Warning : cinder.keymgr.conf_key_mgr.ConfKeyManager is not a stevedore based driver, trying to load it as a class: stevedore.exception.NoMatches: No 'castellan.drivers' driver found, looking for 'cinder.keymgr.conf_key_mgr.ConfKeyManager'
Jul 24 20:16:23 ubuntu devstack@c-api.service[3498562]: INFO cinder.rpc [None req-fd10f93e-f063-426f-a650-7a9d6e027a42 None None] Automatically selected cinder-volume RPC version 3.20 as minimum service version.
Jul 24 20:16:23 ubuntu devstack@c-api.service[3498562]: WARNING stevedore.named [None req-fd10f93e-f063-426f-a650-7a9d6e027a42 None None] Could not load cinder.keymgr.conf_key_mgr.ConfKeyManager
Jul 24 20:16:23 ubuntu devstack@c-api.service[3498562]: WARNING castellan.key_manager [None req-fd10f93e-f063-426f-a650-7a9d6e027a42 None None] Deprecation Warning : cinder.keymgr.conf_key_mgr.ConfKeyManager is not a stevedore based driver, trying to load it as a class: stevedore.exception.NoMatches: No 'castellan.drivers' driver found, looking for 'cinder.keymgr.conf_key_mgr.ConfKeyManager'
Jul 24 20:16:23 ubuntu devstack@c-api.service[3498562]: WARNING cinder.keymgr.conf_key_mgr [None req-fd10f93e-f063-426f-a650-7a9d6e027a42 None None] This key manager is insecure and is not recommended for production deployments: stevedore.exception.NoMatches: No 'castellan.drivers' driver found, looking for 'cinder.keymgr.conf_key_mgr.ConfKeyManager'
Jul 24 20:16:23 ubuntu devstack@c-api.service[3498563]: WARNING stevedore.named [None req-f48ee4fa-6026-4291-8732-4b7100601508 None None] Could not load cinder.keymgr.conf_key_mgr.ConfKeyManager
Jul 24 20:16:23 ubuntu devstack@c-api.service[3498563]: WARNING castellan.key_manager [None req-f48ee4fa-6026-4291-8732-4b7100601508 None None] Deprecation Warning : cinder.keymgr.conf_key_mgr.ConfKeyManager is not a stevedore based driver, trying to load it as a class: stevedore.exception.NoMatches: No 'castellan.drivers' driver found, looking for 'cinder.keymgr.conf_key_mgr.ConfKeyManager'
Jul 24 20:16:23 ubuntu devstack@c-api.service[3498562]: WARNING stevedore.named [None req-fd10f93e-f063-426f-a650-7a9d6e027a42 None None] Could not load cinder.keymgr.conf_key_mgr.ConfKeyManager
Jul 24 20:16:23 ubuntu devstack@c-api.service[3498562]: WARNING castellan.key_manager [None req-fd10f93e-f063-426f-a650-7a9d6e027a42 None None] Deprecation Warning : cinder.keymgr.conf_key_mgr.ConfKeyManager is not a stevedore based driver, trying to load it as a class: stevedore.exception.NoMatches: No 'castellan.drivers' driver found, looking for 'cinder.keymgr.conf_key_mgr.ConfKeyManager'
Jul 24 20:16:23 ubuntu devstack@c-api.service[3498563]: WARNING stevedore.named [None req-f48ee4fa-6026-4291-8732-4b7100601508 None None] Could not load cinder.keymgr.conf_key_mgr.ConfKeyManager
Jul 24 20:16:23 ubuntu devstack@c-api.service[3498563]: WARNING castellan.key_manager [None req-f48ee4fa-6026-4291-8732-4b7100601508 None None] Deprecation Warning : cinder.keymgr.conf_key_mgr.ConfKeyManager is not a stevedore based driver, trying to load it as a class: stevedore.exception.NoMatches: No 'castellan.drivers' driver found, looking for 'cinder.keymgr.conf_key_mgr.ConfKeyManager'
Jul 24 20:16:23 ubuntu devstack@c-api.service[3498563]: WARNING stevedore.named [None req-f48ee4fa-6026-4291-8732-4b7100601508 None None] Could not load cinder.keymgr.conf_key_mgr.ConfKeyManager
Jul 24 20:16:23 ubuntu devstack@c-api.service[3498563]: WARNING castellan.key_manager [None req-f48ee4fa-6026-4291-8732-4b7100601508 None None] Deprecation Warning : cinder.keymgr.conf_key_mgr.ConfKeyManager is not a stevedore based driver, trying to load it as a class: stevedore.exception.NoMatches: No 'castellan.drivers' driver found, looking for 'cinder.keymgr.conf_key_mgr.ConfKeyManager'
Jul 24 20:16:23 ubuntu devstack@c-api.service[3498563]: WARNING stevedore.named [None req-f48ee4fa-6026-4291-8732-4b7100601508 None None] Could not load cinder.keymgr.conf_key_mgr.ConfKeyManager
Jul 24 20:16:23 ubuntu devstack@c-api.service[3498563]: WARNING castellan.key_manager [None req-f48ee4fa-6026-4291-8732-4b7100601508 None None] Deprecation Warning : cinder.keymgr.conf_key_mgr.ConfKeyManager is not a stevedore based driver, trying to load it as a class: stevedore.exception.NoMatches: No 'castellan.drivers' driver found, looking for 'cinder.keymgr.conf_key_mgr.ConfKeyManager'
Jul 24 20:16:23 ubuntu devstack@c-api.service[3498563]: WARNING stevedore.named [None req-f48ee4fa-6026-4291-8732-4b7100601508 None None] Could not load cinder.keymgr.conf_key_mgr.ConfKeyManager
Jul 24 20:16:23 ubuntu devstack@c-api.service[3498563]: WARNING castellan.key_manager [None req-f48ee4fa-6026-4291-8732-4b7100601508 None None] Deprecation Warning : cinder.keymgr.conf_key_mgr.ConfKeyManager is not a stevedore based driver, trying to load it as a class: stevedore.exception.NoMatches: No 'castellan.drivers' driver found, looking for 'cinder.keymgr.conf_key_mgr.ConfKeyManager'
Jul 24 20:16:23 ubuntu devstack@c-api.service[3498563]: WARNING stevedore.named [None req-f48ee4fa-6026-4291-8732-4b7100601508 None None] Could not load cinder.keymgr.conf_key_mgr.ConfKeyManager
Jul 24 20:16:23 ubuntu devstack@c-api.service[3498563]: WARNING castellan.key_manager [None req-f48ee4fa-6026-4291-8732-4b7100601508 None None] Deprecation Warning : cinder.keymgr.conf_key_mgr.ConfKeyManager is not a stevedore based driver, trying to load it as a class: stevedore.exception.NoMatches: No 'castellan.drivers' driver found, looking for 'cinder.keymgr.conf_key_mgr.ConfKeyManager'
Jul 24 20:16:23 ubuntu devstack@c-api.service[3498563]: WARNING stevedore.named [None req-f48ee4fa-6026-4291-8732-4b7100601508 None None] Could not load cinder.keymgr.conf_key_mgr.ConfKeyManager
Jul 24 20:16:23 ubuntu devstack@c-api.service[3498563]: WARNING castellan.key_manager [None req-f48ee4fa-6026-4291-8732-4b7100601508 None None] Deprecation Warning : cinder.keymgr.conf_key_mgr.ConfKeyManager is not a stevedore based driver, trying to load it as a class: stevedore.exception.NoMatches: No 'castellan.drivers' driver found, looking for 'cinder.keymgr.conf_key_mgr.ConfKeyManager'
Jul 24 20:16:23 ubuntu devstack@c-api.service[3498563]: WARNING stevedore.named [None req-f48ee4fa-6026-4291-8732-4b7100601508 None None] Could not load cinder.keymgr.conf_key_mgr.ConfKeyManager
Jul 24 20:16:23 ubuntu devstack@c-api.service[3498563]: WARNING castellan.key_manager [None req-f48ee4fa-6026-4291-8732-4b7100601508 None None] Deprecation Warning : cinder.keymgr.conf_key_mgr.ConfKeyManager is not a stevedore based driver, trying to load it as a class: stevedore.exception.NoMatches: No 'castellan.drivers' driver found, looking for 'cinder.keymgr.conf_key_mgr.ConfKeyManager'
Jul 24 20:16:23 ubuntu devstack@c-api.service[3498563]: WARNING stevedore.named [None req-f48ee4fa-6026-4291-8732-4b7100601508 None None] Could not load cinder.keymgr.conf_key_mgr.ConfKeyManager
Jul 24 20:16:23 ubuntu devstack@c-api.service[3498563]: WARNING castellan.key_manager [None req-f48ee4fa-6026-4291-8732-4b7100601508 None None] Deprecation Warning : cinder.keymgr.conf_key_mgr.ConfKeyManager is not a stevedore based driver, trying to load it as a class: stevedore.exception.NoMatches: No 'castellan.drivers' driver found, looking for 'cinder.keymgr.conf_key_mgr.ConfKeyManager'
Jul 24 20:16:23 ubuntu devstack@c-api.service[3498563]: WARNING stevedore.named [None req-f48ee4fa-6026-4291-8732-4b7100601508 None None] Could not load cinder.keymgr.conf_key_mgr.ConfKeyManager
Jul 24 20:16:23 ubuntu devstack@c-api.service[3498563]: WARNING castellan.key_manager [None req-f48ee4fa-6026-4291-8732-4b7100601508 None None] Deprecation Warning : cinder.keymgr.conf_key_mgr.ConfKeyManager is not a stevedore based driver, trying to load it as a class: stevedore.exception.NoMatches: No 'castellan.drivers' driver found, looking for 'cinder.keymgr.conf_key_mgr.ConfKeyManager'
Jul 24 20:16:23 ubuntu devstack@c-api.service[3498563]: WARNING stevedore.named [None req-f48ee4fa-6026-4291-8732-4b7100601508 None None] Could not load cinder.keymgr.conf_key_mgr.ConfKeyManager
Jul 24 20:16:23 ubuntu devstack@c-api.service[3498563]: WARNING castellan.key_manager [None req-f48ee4fa-6026-4291-8732-4b7100601508 None None] Deprecation Warning : cinder.keymgr.conf_key_mgr.ConfKeyManager is not a stevedore based driver, trying to load it as a class: stevedore.exception.NoMatches: No 'castellan.drivers' driver found, looking for 'cinder.keymgr.conf_key_mgr.ConfKeyManager'
Jul 24 20:16:23 ubuntu devstack@c-api.service[3498563]: WARNING stevedore.named [None req-f48ee4fa-6026-4291-8732-4b7100601508 None None] Could not load cinder.keymgr.conf_key_mgr.ConfKeyManager
Jul 24 20:16:23 ubuntu devstack@c-api.service[3498563]: WARNING castellan.key_manager [None req-f48ee4fa-6026-4291-8732-4b7100601508 None None] Deprecation Warning : cinder.keymgr.conf_key_mgr.ConfKeyManager is not a stevedore based driver, trying to load it as a class: stevedore.exception.NoMatches: No 'castellan.drivers' driver found, looking for 'cinder.keymgr.conf_key_mgr.ConfKeyManager'
Jul 24 20:16:23 ubuntu devstack@c-api.service[3498563]: WARNING stevedore.named [None req-f48ee4fa-6026-4291-8732-4b7100601508 None None] Could not load cinder.keymgr.conf_key_mgr.ConfKeyManager
Jul 24 20:16:23 ubuntu devstack@c-api.service[3498563]: WARNING castellan.key_manager [None req-f48ee4fa-6026-4291-8732-4b7100601508 None None] Deprecation Warning : cinder.keymgr.conf_key_mgr.ConfKeyManager is not a stevedore based driver, trying to load it as a class: stevedore.exception.NoMatches: No 'castellan.drivers' driver found, looking for 'cinder.keymgr.conf_key_mgr.ConfKeyManager'
Jul 24 20:16:23 ubuntu devstack@c-api.service[3498563]: WARNING stevedore.named [None req-f48ee4fa-6026-4291-8732-4b7100601508 None None] Could not load cinder.keymgr.conf_key_mgr.ConfKeyManager
Jul 24 20:16:23 ubuntu devstack@c-api.service[3498563]: WARNING castellan.key_manager [None req-f48ee4fa-6026-4291-8732-4b7100601508 None None] Deprecation Warning : cinder.keymgr.conf_key_mgr.ConfKeyManager is not a stevedore based driver, trying to load it as a class: stevedore.exception.NoMatches: No 'castellan.drivers' driver found, looking for 'cinder.keymgr.conf_key_mgr.ConfKeyManager'
Jul 24 20:16:23 ubuntu devstack@c-api.service[3498563]: WARNING stevedore.named [None req-f48ee4fa-6026-4291-8732-4b7100601508 None None] Could not load cinder.keymgr.conf_key_mgr.ConfKeyManager
Jul 24 20:16:23 ubuntu devstack@c-api.service[3498563]: WARNING castellan.key_manager [None req-f48ee4fa-6026-4291-8732-4b7100601508 None None] Deprecation Warning : cinder.keymgr.conf_key_mgr.ConfKeyManager is not a stevedore based driver, trying to load it as a class: stevedore.exception.NoMatches: No 'castellan.drivers' driver found, looking for 'cinder.keymgr.conf_key_mgr.ConfKeyManager'
Jul 24 20:16:23 ubuntu devstack@c-api.service[3498563]: WARNING stevedore.named [None req-f48ee4fa-6026-4291-8732-4b7100601508 None None] Could not load cinder.keymgr.conf_key_mgr.ConfKeyManager
Jul 24 20:16:23 ubuntu devstack@c-api.service[3498563]: WARNING castellan.key_manager [None req-f48ee4fa-6026-4291-8732-4b7100601508 None None] Deprecation Warning : cinder.keymgr.conf_key_mgr.ConfKeyManager is not a stevedore based driver, trying to load it as a class: stevedore.exception.NoMatches: No 'castellan.drivers' driver found, looking for 'cinder.keymgr.conf_key_mgr.ConfKeyManager'
Jul 24 20:16:23 ubuntu devstack@c-api.service[3498563]: WARNING cinder.api.contrib.hosts [None req-f48ee4fa-6026-4291-8732-4b7100601508 None None] Deprecated: The Host API is deprecated and will be be removed in a future version.
Jul 24 20:16:23 ubuntu devstack@c-api.service[3498563]: WARNING stevedore.named [None req-f48ee4fa-6026-4291-8732-4b7100601508 None None] Could not load cinder.keymgr.conf_key_mgr.ConfKeyManager
Jul 24 20:16:23 ubuntu devstack@c-api.service[3498563]: WARNING castellan.key_manager [None req-f48ee4fa-6026-4291-8732-4b7100601508 None None] Deprecation Warning : cinder.keymgr.conf_key_mgr.ConfKeyManager is not a stevedore based driver, trying to load it as a class: stevedore.exception.NoMatches: No 'castellan.drivers' driver found, looking for 'cinder.keymgr.conf_key_mgr.ConfKeyManager'
Jul 24 20:16:23 ubuntu devstack@c-api.service[3498563]: WARNING stevedore.named [None req-f48ee4fa-6026-4291-8732-4b7100601508 None None] Could not load cinder.keymgr.conf_key_mgr.ConfKeyManager
Jul 24 20:16:23 ubuntu devstack@c-api.service[3498563]: WARNING castellan.key_manager [None req-f48ee4fa-6026-4291-8732-4b7100601508 None None] Deprecation Warning : cinder.keymgr.conf_key_mgr.ConfKeyManager is not a stevedore based driver, trying to load it as a class: stevedore.exception.NoMatches: No 'castellan.drivers' driver found, looking for 'cinder.keymgr.conf_key_mgr.ConfKeyManager'
Jul 24 20:16:23 ubuntu devstack@c-api.service[3498563]: DEBUG cinder.api.v3.router [None req-f48ee4fa-6026-4291-8732-4b7100601508 None None] Extended resource: extensions {{(pid=3498563) _setup_ext_routes /opt/stack/cinder/cinder/api/v3/router.py:122}}
Jul 24 20:16:23 ubuntu devstack@c-api.service[3498563]: DEBUG cinder.api.v3.router [None req-f48ee4fa-6026-4291-8732-4b7100601508 None None] Extended resource: cgsnapshots {{(pid=3498563) _setup_ext_routes /opt/stack/cinder/cinder/api/v3/router.py:122}}
Jul 24 20:16:23 ubuntu devstack@c-api.service[3498563]: DEBUG cinder.api.v3.router [None req-f48ee4fa-6026-4291-8732-4b7100601508 None None] Extended resource: os-quota-class-sets {{(pid=3498563) _setup_ext_routes /opt/stack/cinder/cinder/api/v3/router.py:122}}
Jul 24 20:16:23 ubuntu devstack@c-api.service[3498563]: DEBUG cinder.api.v3.router [None req-f48ee4fa-6026-4291-8732-4b7100601508 None None] Extended resource: encryption {{(pid=3498563) _setup_ext_routes /opt/stack/cinder/cinder/api/v3/router.py:122}}
Jul 24 20:16:23 ubuntu devstack@c-api.service[3498562]: DEBUG oslo_db.sqlalchemy.engines [None req-fd10f93e-f063-426f-a650-7a9d6e027a42 None None] MySQL server mode set to STRICT_TRANS_TABLES,STRICT_ALL_TABLES,NO_ZERO_IN_DATE,NO_ZERO_DATE,ERROR_FOR_DIVISION_BY_ZERO,TRADITIONAL,NO_ENGINE_SUBSTITUTION {{(pid=3498562) _check_effective_sql_mode /opt/stack/data/venv/lib/python3.12/site-packages/oslo_db/sqlalchemy/engines.py:325}}
Jul 24 20:16:23 ubuntu devstack@c-api.service[3498563]: DEBUG cinder.api.v3.router [None req-f48ee4fa-6026-4291-8732-4b7100601508 None None] Extended resource: capabilities {{(pid=3498563) _setup_ext_routes /opt/stack/cinder/cinder/api/v3/router.py:122}}
Jul 24 20:16:23 ubuntu devstack@c-api.service[3498563]: DEBUG cinder.api.v3.router [None req-f48ee4fa-6026-4291-8732-4b7100601508 None None] Extended resource: backups {{(pid=3498563) _setup_ext_routes /opt/stack/cinder/cinder/api/v3/router.py:122}}
Jul 24 20:16:23 ubuntu devstack@c-api.service[3498562]: INFO cinder.rpc [None req-fd10f93e-f063-426f-a650-7a9d6e027a42 None None] Automatically selected cinder-backup objects version 1.39 as minimum service version.
Jul 24 20:16:23 ubuntu devstack@c-api.service[3498563]: DEBUG cinder.api.v3.router [None req-f48ee4fa-6026-4291-8732-4b7100601508 None None] Extended resource: qos-specs {{(pid=3498563) _setup_ext_routes /opt/stack/cinder/cinder/api/v3/router.py:122}}
Jul 24 20:16:23 ubuntu devstack@c-api.service[3498562]: INFO cinder.rpc [None req-fd10f93e-f063-426f-a650-7a9d6e027a42 None None] Automatically selected cinder-backup RPC version 2.4 as minimum service version.
Jul 24 20:16:23 ubuntu devstack@c-api.service[3498562]: WARNING stevedore.named [None req-fd10f93e-f063-426f-a650-7a9d6e027a42 None None] Could not load cinder.keymgr.conf_key_mgr.ConfKeyManager
Jul 24 20:16:23 ubuntu devstack@c-api.service[3498562]: WARNING castellan.key_manager [None req-fd10f93e-f063-426f-a650-7a9d6e027a42 None None] Deprecation Warning : cinder.keymgr.conf_key_mgr.ConfKeyManager is not a stevedore based driver, trying to load it as a class: stevedore.exception.NoMatches: No 'castellan.drivers' driver found, looking for 'cinder.keymgr.conf_key_mgr.ConfKeyManager'
Jul 24 20:16:23 ubuntu devstack@c-api.service[3498563]: DEBUG cinder.api.v3.router [None req-f48ee4fa-6026-4291-8732-4b7100601508 None None] Extended resource: scheduler-stats {{(pid=3498563) _setup_ext_routes /opt/stack/cinder/cinder/api/v3/router.py:122}}
Jul 24 20:16:23 ubuntu devstack@c-api.service[3498563]: DEBUG cinder.api.v3.router [None req-f48ee4fa-6026-4291-8732-4b7100601508 None None] Extended resource: os-availability-zone {{(pid=3498563) _setup_ext_routes /opt/stack/cinder/cinder/api/v3/router.py:122}}
Jul 24 20:16:23 ubuntu devstack@c-api.service[3498563]: DEBUG cinder.api.v3.router [None req-f48ee4fa-6026-4291-8732-4b7100601508 None None] Extended resource: extra_specs {{(pid=3498563) _setup_ext_routes /opt/stack/cinder/cinder/api/v3/router.py:122}}
Jul 24 20:16:23 ubuntu devstack@c-api.service[3498563]: DEBUG cinder.api.v3.router [None req-f48ee4fa-6026-4291-8732-4b7100601508 None None] Extended resource: os-snapshot-manage {{(pid=3498563) _setup_ext_routes /opt/stack/cinder/cinder/api/v3/router.py:122}}
Jul 24 20:16:23 ubuntu devstack@c-api.service[3498563]: DEBUG cinder.api.v3.router [None req-f48ee4fa-6026-4291-8732-4b7100601508 None None] Extended resource: consistencygroups {{(pid=3498563) _setup_ext_routes /opt/stack/cinder/cinder/api/v3/router.py:122}}
Jul 24 20:16:23 ubuntu devstack@c-api.service[3498563]: DEBUG cinder.api.v3.router [None req-f48ee4fa-6026-4291-8732-4b7100601508 None None] Extended resource: os-hosts {{(pid=3498563) _setup_ext_routes /opt/stack/cinder/cinder/api/v3/router.py:122}}
Jul 24 20:16:23 ubuntu devstack@c-api.service[3498563]: DEBUG cinder.api.v3.router [None req-f48ee4fa-6026-4291-8732-4b7100601508 None None] Extended resource: os-volume-manage {{(pid=3498563) _setup_ext_routes /opt/stack/cinder/cinder/api/v3/router.py:122}}
Jul 24 20:16:23 ubuntu devstack@c-api.service[3498562]: WARNING stevedore.named [None req-fd10f93e-f063-426f-a650-7a9d6e027a42 None None] Could not load cinder.keymgr.conf_key_mgr.ConfKeyManager
Jul 24 20:16:23 ubuntu devstack@c-api.service[3498562]: WARNING castellan.key_manager [None req-fd10f93e-f063-426f-a650-7a9d6e027a42 None None] Deprecation Warning : cinder.keymgr.conf_key_mgr.ConfKeyManager is not a stevedore based driver, trying to load it as a class: stevedore.exception.NoMatches: No 'castellan.drivers' driver found, looking for 'cinder.keymgr.conf_key_mgr.ConfKeyManager'
Jul 24 20:16:23 ubuntu devstack@c-api.service[3498563]: DEBUG cinder.api.v3.router [None req-f48ee4fa-6026-4291-8732-4b7100601508 None None] Extended resource: os-volume-type-access {{(pid=3498563) _setup_ext_routes /opt/stack/cinder/cinder/api/v3/router.py:122}}
Jul 24 20:16:23 ubuntu devstack@c-api.service[3498562]: WARNING stevedore.named [None req-fd10f93e-f063-426f-a650-7a9d6e027a42 None None] Could not load cinder.keymgr.conf_key_mgr.ConfKeyManager
Jul 24 20:16:23 ubuntu devstack@c-api.service[3498562]: WARNING castellan.key_manager [None req-fd10f93e-f063-426f-a650-7a9d6e027a42 None None] Deprecation Warning : cinder.keymgr.conf_key_mgr.ConfKeyManager is not a stevedore based driver, trying to load it as a class: stevedore.exception.NoMatches: No 'castellan.drivers' driver found, looking for 'cinder.keymgr.conf_key_mgr.ConfKeyManager'
Jul 24 20:16:23 ubuntu devstack@c-api.service[3498563]: DEBUG cinder.api.v3.router [None req-f48ee4fa-6026-4291-8732-4b7100601508 None None] Extended resource: os-quota-sets {{(pid=3498563) _setup_ext_routes /opt/stack/cinder/cinder/api/v3/router.py:122}}
Jul 24 20:16:23 ubuntu devstack@c-api.service[3498563]: DEBUG cinder.api.v3.router [None req-f48ee4fa-6026-4291-8732-4b7100601508 None None] Extended resource: os-volume-transfer {{(pid=3498563) _setup_ext_routes /opt/stack/cinder/cinder/api/v3/router.py:122}}
Jul 24 20:16:23 ubuntu devstack@c-api.service[3498562]: WARNING stevedore.named [None req-fd10f93e-f063-426f-a650-7a9d6e027a42 None None] Could not load cinder.keymgr.conf_key_mgr.ConfKeyManager
Jul 24 20:16:23 ubuntu devstack@c-api.service[3498562]: WARNING castellan.key_manager [None req-fd10f93e-f063-426f-a650-7a9d6e027a42 None None] Deprecation Warning : cinder.keymgr.conf_key_mgr.ConfKeyManager is not a stevedore based driver, trying to load it as a class: stevedore.exception.NoMatches: No 'castellan.drivers' driver found, looking for 'cinder.keymgr.conf_key_mgr.ConfKeyManager'
Jul 24 20:16:23 ubuntu devstack@c-api.service[3498563]: DEBUG cinder.api.v3.router [None req-f48ee4fa-6026-4291-8732-4b7100601508 None None] Extended resource: encryption {{(pid=3498563) _setup_ext_routes /opt/stack/cinder/cinder/api/v3/router.py:122}}
Jul 24 20:16:23 ubuntu devstack@c-api.service[3498563]: WARNING stevedore.named [None req-f48ee4fa-6026-4291-8732-4b7100601508 None None] Could not load cinder.keymgr.conf_key_mgr.ConfKeyManager
Jul 24 20:16:23 ubuntu devstack@c-api.service[3498562]: WARNING stevedore.named [None req-fd10f93e-f063-426f-a650-7a9d6e027a42 None None] Could not load cinder.keymgr.conf_key_mgr.ConfKeyManager
Jul 24 20:16:23 ubuntu devstack@c-api.service[3498563]: WARNING castellan.key_manager [None req-f48ee4fa-6026-4291-8732-4b7100601508 None None] Deprecation Warning : cinder.keymgr.conf_key_mgr.ConfKeyManager is not a stevedore based driver, trying to load it as a class: stevedore.exception.NoMatches: No 'castellan.drivers' driver found, looking for 'cinder.keymgr.conf_key_mgr.ConfKeyManager'
Jul 24 20:16:23 ubuntu devstack@c-api.service[3498562]: WARNING castellan.key_manager [None req-fd10f93e-f063-426f-a650-7a9d6e027a42 None None] Deprecation Warning : cinder.keymgr.conf_key_mgr.ConfKeyManager is not a stevedore based driver, trying to load it as a class: stevedore.exception.NoMatches: No 'castellan.drivers' driver found, looking for 'cinder.keymgr.conf_key_mgr.ConfKeyManager'
Jul 24 20:16:23 ubuntu devstack@c-api.service[3498563]: WARNING stevedore.named [None req-f48ee4fa-6026-4291-8732-4b7100601508 None None] Could not load cinder.keymgr.conf_key_mgr.ConfKeyManager
Jul 24 20:16:23 ubuntu devstack@c-api.service[3498563]: WARNING castellan.key_manager [None req-f48ee4fa-6026-4291-8732-4b7100601508 None None] Deprecation Warning : cinder.keymgr.conf_key_mgr.ConfKeyManager is not a stevedore based driver, trying to load it as a class: stevedore.exception.NoMatches: No 'castellan.drivers' driver found, looking for 'cinder.keymgr.conf_key_mgr.ConfKeyManager'
Jul 24 20:16:23 ubuntu devstack@c-api.service[3498563]: WARNING stevedore.named [None req-f48ee4fa-6026-4291-8732-4b7100601508 None None] Could not load cinder.keymgr.conf_key_mgr.ConfKeyManager
Jul 24 20:16:23 ubuntu devstack@c-api.service[3498563]: WARNING castellan.key_manager [None req-f48ee4fa-6026-4291-8732-4b7100601508 None None] Deprecation Warning : cinder.keymgr.conf_key_mgr.ConfKeyManager is not a stevedore based driver, trying to load it as a class: stevedore.exception.NoMatches: No 'castellan.drivers' driver found, looking for 'cinder.keymgr.conf_key_mgr.ConfKeyManager'
Jul 24 20:16:23 ubuntu devstack@c-api.service[3498562]: WARNING stevedore.named [None req-fd10f93e-f063-426f-a650-7a9d6e027a42 None None] Could not load cinder.keymgr.conf_key_mgr.ConfKeyManager
Jul 24 20:16:23 ubuntu devstack@c-api.service[3498562]: WARNING castellan.key_manager [None req-fd10f93e-f063-426f-a650-7a9d6e027a42 None None] Deprecation Warning : cinder.keymgr.conf_key_mgr.ConfKeyManager is not a stevedore based driver, trying to load it as a class: stevedore.exception.NoMatches: No 'castellan.drivers' driver found, looking for 'cinder.keymgr.conf_key_mgr.ConfKeyManager'
Jul 24 20:16:23 ubuntu devstack@c-api.service[3498563]: WARNING stevedore.named [None req-f48ee4fa-6026-4291-8732-4b7100601508 None None] Could not load cinder.keymgr.conf_key_mgr.ConfKeyManager
Jul 24 20:16:23 ubuntu devstack@c-api.service[3498563]: WARNING castellan.key_manager [None req-f48ee4fa-6026-4291-8732-4b7100601508 None None] Deprecation Warning : cinder.keymgr.conf_key_mgr.ConfKeyManager is not a stevedore based driver, trying to load it as a class: stevedore.exception.NoMatches: No 'castellan.drivers' driver found, looking for 'cinder.keymgr.conf_key_mgr.ConfKeyManager'
Jul 24 20:16:23 ubuntu devstack@c-api.service[3498563]: DEBUG cinder.api.contrib.snapshot_actions [None req-f48ee4fa-6026-4291-8732-4b7100601508 None None] SnapshotActionsController initialized {{(pid=3498563) __init__ /opt/stack/cinder/cinder/api/contrib/snapshot_actions.py:33}}
Jul 24 20:16:23 ubuntu devstack@c-api.service[3498563]: WARNING stevedore.named [None req-f48ee4fa-6026-4291-8732-4b7100601508 None None] Could not load cinder.keymgr.conf_key_mgr.ConfKeyManager
Jul 24 20:16:23 ubuntu devstack@c-api.service[3498563]: WARNING castellan.key_manager [None req-f48ee4fa-6026-4291-8732-4b7100601508 None None] Deprecation Warning : cinder.keymgr.conf_key_mgr.ConfKeyManager is not a stevedore based driver, trying to load it as a class: stevedore.exception.NoMatches: No 'castellan.drivers' driver found, looking for 'cinder.keymgr.conf_key_mgr.ConfKeyManager'
Jul 24 20:16:23 ubuntu devstack@c-api.service[3498562]: WARNING stevedore.named [None req-fd10f93e-f063-426f-a650-7a9d6e027a42 None None] Could not load cinder.keymgr.conf_key_mgr.ConfKeyManager
Jul 24 20:16:23 ubuntu devstack@c-api.service[3498562]: WARNING castellan.key_manager [None req-fd10f93e-f063-426f-a650-7a9d6e027a42 None None] Deprecation Warning : cinder.keymgr.conf_key_mgr.ConfKeyManager is not a stevedore based driver, trying to load it as a class: stevedore.exception.NoMatches: No 'castellan.drivers' driver found, looking for 'cinder.keymgr.conf_key_mgr.ConfKeyManager'
Jul 24 20:16:23 ubuntu devstack@c-api.service[3498563]: WARNING stevedore.named [None req-f48ee4fa-6026-4291-8732-4b7100601508 None None] Could not load cinder.keymgr.conf_key_mgr.ConfKeyManager
Jul 24 20:16:23 ubuntu devstack@c-api.service[3498563]: WARNING castellan.key_manager [None req-f48ee4fa-6026-4291-8732-4b7100601508 None None] Deprecation Warning : cinder.keymgr.conf_key_mgr.ConfKeyManager is not a stevedore based driver, trying to load it as a class: stevedore.exception.NoMatches: No 'castellan.drivers' driver found, looking for 'cinder.keymgr.conf_key_mgr.ConfKeyManager'
Jul 24 20:16:23 ubuntu devstack@c-api.service[3498563]: WARNING stevedore.named [None req-f48ee4fa-6026-4291-8732-4b7100601508 None None] Could not load cinder.keymgr.conf_key_mgr.ConfKeyManager
Jul 24 20:16:23 ubuntu devstack@c-api.service[3498563]: WARNING castellan.key_manager [None req-f48ee4fa-6026-4291-8732-4b7100601508 None None] Deprecation Warning : cinder.keymgr.conf_key_mgr.ConfKeyManager is not a stevedore based driver, trying to load it as a class: stevedore.exception.NoMatches: No 'castellan.drivers' driver found, looking for 'cinder.keymgr.conf_key_mgr.ConfKeyManager'
Jul 24 20:16:23 ubuntu devstack@c-api.service[3498563]: DEBUG cinder.api.v3.router [None req-f48ee4fa-6026-4291-8732-4b7100601508 None None] Extension AdminActions extending resource: volumes {{(pid=3498563) _setup_extensions /opt/stack/cinder/cinder/api/v3/router.py:155}}
Jul 24 20:16:23 ubuntu devstack@c-api.service[3498563]: DEBUG cinder.api.v3.router [None req-f48ee4fa-6026-4291-8732-4b7100601508 None None] Extension AdminActions extending resource: snapshots {{(pid=3498563) _setup_extensions /opt/stack/cinder/cinder/api/v3/router.py:155}}
Jul 24 20:16:23 ubuntu devstack@c-api.service[3498562]: WARNING stevedore.named [None req-fd10f93e-f063-426f-a650-7a9d6e027a42 None None] Could not load cinder.keymgr.conf_key_mgr.ConfKeyManager
Jul 24 20:16:23 ubuntu devstack@c-api.service[3498563]: DEBUG cinder.api.v3.router [None req-f48ee4fa-6026-4291-8732-4b7100601508 None None] Extension AdminActions extending resource: backups {{(pid=3498563) _setup_extensions /opt/stack/cinder/cinder/api/v3/router.py:155}}
Jul 24 20:16:23 ubuntu devstack@c-api.service[3498562]: WARNING castellan.key_manager [None req-fd10f93e-f063-426f-a650-7a9d6e027a42 None None] Deprecation Warning : cinder.keymgr.conf_key_mgr.ConfKeyManager is not a stevedore based driver, trying to load it as a class: stevedore.exception.NoMatches: No 'castellan.drivers' driver found, looking for 'cinder.keymgr.conf_key_mgr.ConfKeyManager'
Jul 24 20:16:23 ubuntu devstack@c-api.service[3498563]: DEBUG cinder.api.v3.router [None req-f48ee4fa-6026-4291-8732-4b7100601508 None None] Extension VolumeUnmanage extending resource: volumes {{(pid=3498563) _setup_extensions /opt/stack/cinder/cinder/api/v3/router.py:155}}
Jul 24 20:16:23 ubuntu devstack@c-api.service[3498563]: DEBUG cinder.api.v3.router [None req-f48ee4fa-6026-4291-8732-4b7100601508 None None] Extension ExtendedSnapshotAttributes extending resource: snapshots {{(pid=3498563) _setup_extensions /opt/stack/cinder/cinder/api/v3/router.py:155}}
Jul 24 20:16:23 ubuntu devstack@c-api.service[3498563]: DEBUG cinder.api.v3.router [None req-f48ee4fa-6026-4291-8732-4b7100601508 None None] Extension SnapshotActions extending resource: snapshots {{(pid=3498563) _setup_extensions /opt/stack/cinder/cinder/api/v3/router.py:155}}
Jul 24 20:16:23 ubuntu devstack@c-api.service[3498563]: DEBUG cinder.api.v3.router [None req-f48ee4fa-6026-4291-8732-4b7100601508 None None] Extension VolumeHostAttribute extending resource: volumes {{(pid=3498563) _setup_extensions /opt/stack/cinder/cinder/api/v3/router.py:155}}
Jul 24 20:16:23 ubuntu devstack@c-api.service[3498563]: DEBUG cinder.api.v3.router [None req-f48ee4fa-6026-4291-8732-4b7100601508 None None] Extension TypesManage extending resource: types {{(pid=3498563) _setup_extensions /opt/stack/cinder/cinder/api/v3/router.py:155}}
Jul 24 20:16:23 ubuntu devstack@c-api.service[3498563]: DEBUG cinder.api.v3.router [None req-f48ee4fa-6026-4291-8732-4b7100601508 None None] Extension UsedLimits extending resource: limits {{(pid=3498563) _setup_extensions /opt/stack/cinder/cinder/api/v3/router.py:155}}
Jul 24 20:16:23 ubuntu devstack@c-api.service[3498563]: DEBUG cinder.api.v3.router [None req-f48ee4fa-6026-4291-8732-4b7100601508 None None] Extension VolumeMigStatusAttribute extending resource: volumes {{(pid=3498563) _setup_extensions /opt/stack/cinder/cinder/api/v3/router.py:155}}
Jul 24 20:16:23 ubuntu devstack@c-api.service[3498563]: DEBUG cinder.api.v3.router [None req-f48ee4fa-6026-4291-8732-4b7100601508 None None] Extension VolumeActions extending resource: volumes {{(pid=3498563) _setup_extensions /opt/stack/cinder/cinder/api/v3/router.py:155}}
